================================================================
== Vivado Place & Route Results
================================================================
+ General Information:
    * Date:            Tue Nov 11 00:54:18 +0100 2025
    * Version:         2024.2 (Build 5238294 on Nov  8 2024)
    * Project:         Direct_FIR_HLS
    * Solution:        hls (Vivado IP Flow Target)
    * Product family:  zynquplus
    * Target device:   xck26-sfvc784-2LV-c


================================================================
== Run Constraints & Options
================================================================
+ Design Constraints & Options:
    * Place & Route target clock:  10 ns
    * C-Synthesis uncertainty:     27%

+ RTL Synthesis Options:
    * config_export -vivado_synth_strategy:     default
    * config_export -vivado_synth_design_args:  -directive sdx_optimization_effort_high

+ Place & Route Options:
    * config_export -vivado_impl_strategy:  default
    * config_export -vivado_phys_opt:       auto

+ Reporting Options:
    * config_export -vivado_report_level:      2
    * config_export -vivado_max_timing_paths:  10


================================================================
== Place & Route Resource Summary
================================================================
LUT:              9047
FF:               5663
DSP:              81
BRAM:             1
URAM:             0
SRL:              0


================================================================
== Place & Route Timing Summary
================================================================
* Timing was met
+----------------+-------------+
| Timing         | Period (ns) |
+----------------+-------------+
| Target         | 10.000      |
| Post-Synthesis | 6.408       |
| Post-Route     | 8.986       |
+----------------+-------------+


================================================================
== Place & Route Resources
================================================================
+-----------------------------------------------+------+------+-----+------+------+-----+--------+------+---------+----------+--------+
| Name                                          | LUT  | FF   | DSP | BRAM | URAM | SRL | Pragma | Impl | Latency | Variable | Source |
+-----------------------------------------------+------+------+-----+------+------+-----+--------+------+---------+----------+--------+
| inst                                          | 9047 | 5663 | 81  | 1    |      |     |        |      |         |          |        |
|   (inst)                                      |      | 20   |     |      |      |     |        |      |         |          |        |
|   grp_FIR_filter_fu_47                        | 8998 | 5569 | 81  | 1    |      |     |        |      |         |          |        |
|     (grp_FIR_filter_fu_47)                    | 909  | 5569 |     |      |      |     |        |      |         |          |        |
|     H_filter_FIR_U                            | 6038 |      |     | 1    |      |     |        |      |         |          |        |
|     am_addmul_16s_16s_10ns_28_4_1_U18         | 2    |      | 1   |      |      |     |        |      |         |          |        |
|     am_addmul_16s_16s_10ns_28_4_1_U46         | 2    |      | 1   |      |      |     |        |      |         |          |        |
|     am_addmul_16s_16s_10s_26_4_1_U37          | 2    |      | 1   |      |      |     |        |      |         |          |        |
|     am_addmul_16s_16s_10s_27_4_1_U26          | 2    |      | 1   |      |      |     |        |      |         |          |        |
|     am_addmul_16s_16s_10s_27_4_1_U27          | 2    |      | 1   |      |      |     |        |      |         |          |        |
|     am_addmul_16s_16s_11s_28_4_1_U22          | 1    |      | 1   |      |      |     |        |      |         |          |        |
|     am_addmul_16s_16s_11s_28_4_1_U23          | 2    |      | 1   |      |      |     |        |      |         |          |        |
|     am_addmul_16s_16s_12ns_30_4_1_U7          |      |      | 1   |      |      |     |        |      |         |          |        |
|     am_addmul_16s_16s_12s_28_4_1_U15          |      |      | 1   |      |      |     |        |      |         |          |        |
|     am_addmul_16s_16s_12s_29_4_1_U10          |      |      | 1   |      |      |     |        |      |         |          |        |
|     am_addmul_16s_16s_12s_29_4_1_U14          | 2    |      | 1   |      |      |     |        |      |         |          |        |
|     am_addmul_16s_16s_13ns_31_4_1_U8          | 1    |      | 1   |      |      |     |        |      |         |          |        |
|     am_addmul_16s_16s_14ns_31_4_1_U5          |      |      | 1   |      |      |     |        |      |         |          |        |
|     am_addmul_16s_16s_8ns_26_4_1_U3           | 2    |      | 1   |      |      |     |        |      |         |          |        |
|     am_addmul_16s_16s_9ns_27_4_1_U21          | 1    |      | 1   |      |      |     |        |      |         |          |        |
|     am_addmul_16s_16s_9ns_27_4_1_U30          | 2    |      | 1   |      |      |     |        |      |         |          |        |
|     am_addmul_16s_16s_9ns_27_4_1_U9           |      |      | 1   |      |      |     |        |      |         |          |        |
|     am_addmul_16s_16s_9s_26_4_1_U32           | 1    |      | 1   |      |      |     |        |      |         |          |        |
|     am_addmul_16s_16s_9s_26_4_1_U34           | 1    |      | 1   |      |      |     |        |      |         |          |        |
|     am_addmul_17s_16s_10s_26_4_1_U42          | 2    |      | 1   |      |      |     |        |      |         |          |        |
|     am_addmul_17s_17s_7ns_25_4_1_U35          | 32   |      | 1   |      |      |     |        |      |         |          |        |
|     am_addmul_17s_17s_9s_27_4_1_U25           | 32   |      | 1   |      |      |     |        |      |         |          |        |
|     am_addmul_17s_18s_7ns_27_4_1_U41          | 51   |      | 1   |      |      |     |        |      |         |          |        |
|     ama_addmuladd_16s_16s_10ns_27s_28_4_1_U52 | 21   |      | 1   |      |      |     |        |      |         |          |        |
|     ama_addmuladd_16s_16s_10ns_28s_28_4_1_U48 | 1    |      | 1   |      |      |     |        |      |         |          |        |
|     ama_addmuladd_16s_16s_10s_26s_27_4_1_U51  | 29   |      | 1   |      |      |     |        |      |         |          |        |
|     ama_addmuladd_16s_16s_10s_27s_27_4_1_U28  |      |      | 1   |      |      |     |        |      |         |          |        |
|     ama_addmuladd_16s_16s_10s_27s_27_4_1_U29  | 27   |      | 1   |      |      |     |        |      |         |          |        |
|     ama_addmuladd_16s_16s_10s_27s_27_4_1_U49  | 29   |      | 1   |      |      |     |        |      |         |          |        |
|     ama_addmuladd_16s_16s_11ns_28s_29_4_1_U47 | 4    |      | 1   |      |      |     |        |      |         |          |        |
|     ama_addmuladd_16s_16s_11ns_30s_30_4_1_U13 | 59   |      | 1   |      |      |     |        |      |         |          |        |
|     ama_addmuladd_16s_16s_11s_27s_27_4_1_U16  | 2    |      | 1   |      |      |     |        |      |         |          |        |
|     ama_addmuladd_16s_16s_11s_28s_28_4_1_U20  | 2    |      | 1   |      |      |     |        |      |         |          |        |
|     ama_addmuladd_16s_16s_11s_28s_28_4_1_U24  |      |      | 1   |      |      |     |        |      |         |          |        |
|     ama_addmuladd_16s_16s_11s_28s_28_4_1_U50  | 2    |      | 1   |      |      |     |        |      |         |          |        |
|     ama_addmuladd_16s_16s_12s_29s_29_4_1_U17  | 1    |      | 1   |      |      |     |        |      |         |          |        |
|     ama_addmuladd_16s_16s_12s_29s_29_4_1_U19  | 2    |      | 1   |      |      |     |        |      |         |          |        |
|     ama_addmuladd_16s_16s_13ns_31s_31_4_1_U12 | 3    |      | 1   |      |      |     |        |      |         |          |        |
|     ama_addmuladd_16s_16s_13ns_31s_31_4_1_U6  | 1    |      | 1   |      |      |     |        |      |         |          |        |
|     ama_addmuladd_16s_16s_13ns_31s_32_4_1_U11 | 3    |      | 1   |      |      |     |        |      |         |          |        |
|     ama_addmuladd_16s_16s_6ns_24s_25_4_1_U75  | 54   |      | 1   |      |      |     |        |      |         |          |        |
|     ama_addmuladd_16s_16s_7ns_21s_24_4_1_U70  | 70   |      | 1   |      |      |     |        |      |         |          |        |
|     ama_addmuladd_16s_16s_7ns_25s_25_4_1_U36  | 1    |      | 1   |      |      |     |        |      |         |          |        |
|     ama_addmuladd_16s_16s_7ns_26s_26_4_1_U38  | 2    |      | 1   |      |      |     |        |      |         |          |        |
|     ama_addmuladd_16s_16s_7ns_28s_28_4_1_U45  | 1    |      | 1   |      |      |     |        |      |         |          |        |
|     ama_addmuladd_16s_16s_8ns_24s_25_4_1_U60  | 55   |      | 1   |      |      |     |        |      |         |          |        |
|     ama_addmuladd_16s_16s_8ns_26s_26_4_1_U39  | 1    |      | 1   |      |      |     |        |      |         |          |        |
|     ama_addmuladd_16s_16s_8ns_26s_26_4_1_U4   | 1    |      | 1   |      |      |     |        |      |         |          |        |
|     ama_addmuladd_16s_16s_8ns_26s_26_4_1_U62  | 2    |      | 1   |      |      |     |        |      |         |          |        |
|     ama_addmuladd_16s_16s_8ns_26s_27_4_1_U59  |      |      | 1   |      |      |     |        |      |         |          |        |
|     ama_addmuladd_16s_16s_8ns_27s_27_4_1_U57  | 40   |      | 2   |      |      |     |        |      |         |          |        |
|     ama_addmuladd_16s_16s_8s_22s_24_4_1_U66   | 2    |      | 1   |      |      |     |        |      |         |          |        |
|     ama_addmuladd_16s_16s_8s_26s_26_4_1_U40   | 1    |      | 1   |      |      |     |        |      |         |          |        |
|     ama_addmuladd_16s_16s_8s_26s_26_4_1_U61   |      |      | 1   |      |      |     |        |      |         |          |        |
|     ama_addmuladd_16s_16s_9ns_26s_27_4_1_U53  | 1    |      | 1   |      |      |     |        |      |         |          |        |
|     ama_addmuladd_16s_16s_9ns_26s_27_4_1_U54  | 29   |      | 1   |      |      |     |        |      |         |          |        |
|     ama_addmuladd_16s_16s_9ns_27s_27_4_1_U31  | 1    |      | 1   |      |      |     |        |      |         |          |        |
|     ama_addmuladd_16s_16s_9ns_27s_27_4_1_U55  | 31   |      | 1   |      |      |     |        |      |         |          |        |
|     ama_addmuladd_16s_16s_9ns_27s_27_4_1_U81  | 154  |      | 1   |      |      |     |        |      |         |          |        |
|     ama_addmuladd_16s_16s_9ns_28s_28_4_1_U80  | 117  |      | 1   |      |      |     |        |      |         |          |        |
|     ama_addmuladd_16s_16s_9s_25s_26_4_1_U58   | 89   |      | 1   |      |      |     |        |      |         |          |        |
|     ama_addmuladd_16s_16s_9s_26s_26_4_1_U33   | 1    |      | 1   |      |      |     |        |      |         |          |        |
|     ama_addmuladd_16s_16s_9s_26s_26_4_1_U64   | 82   |      | 1   |      |      |     |        |      |         |          |        |
|     ama_addmuladd_16s_16s_9s_27s_28_4_1_U44   | 76   |      | 1   |      |      |     |        |      |         |          |        |
|     ama_addmuladd_17s_17s_7s_24s_25_4_1_U72   | 128  |      | 1   |      |      |     |        |      |         |          |        |
|     ama_addmuladd_17s_17s_8s_24s_25_4_1_U69   | 32   |      | 1   |      |      |     |        |      |         |          |        |
|     ama_addmuladd_17s_17s_9s_26s_27_4_1_U56   | 35   |      | 1   |      |      |     |        |      |         |          |        |
|     ama_addmuladd_17s_17s_9s_27s_27_4_1_U43   | 32   |      | 1   |      |      |     |        |      |         |          |        |
|     ama_addmuladd_17s_18s_6ns_24s_25_4_1_U74  | 53   |      | 1   |      |      |     |        |      |         |          |        |
|     ama_addmuladd_17s_18s_7ns_25s_26_4_1_U68  | 77   |      | 2   |      |      |     |        |      |         |          |        |
|     ama_addmuladd_18s_16s_8ns_26s_27_4_1_U63  | 19   |      | 1   |      |      |     |        |      |         |          |        |
|     ama_addmuladd_18s_18s_7ns_26s_27_4_1_U76  | 71   |      | 1   |      |      |     |        |      |         |          |        |
|     ama_addmuladd_19s_16s_6ns_22s_25_4_1_U71  | 56   |      | 1   |      |      |     |        |      |         |          |        |
|     ama_addmuladd_19s_16s_7ns_26s_27_4_1_U67  | 139  |      | 1   |      |      |     |        |      |         |          |        |
|     ama_submuladd_18s_16s_5ns_24s_24_4_1_U77  | 76   |      | 1   |      |      |     |        |      |         |          |        |
|     ama_submuladd_18s_16s_5ns_25s_25_4_1_U78  | 136  |      | 1   |      |      |     |        |      |         |          |        |
|     ama_submuladd_18s_16s_6ns_25s_25_4_1_U73  | 39   |      | 1   |      |      |     |        |      |         |          |        |
|     ama_submuladd_19s_16s_6ns_24s_25_4_1_U79  | 71   |      | 1   |      |      |     |        |      |         |          |        |
|     ama_submuladd_19s_16s_7ns_25s_26_4_1_U65  | 19   |      | 1   |      |      |     |        |      |         |          |        |
|   regslice_both_input_r_U                     | 25   | 37   |     |      |      |     |        |      |         |          |        |
|   regslice_both_output_r_U                    | 24   | 37   |     |      |      |     |        |      |         |          |        |
+-----------------------------------------------+------+------+-----+------+------+-----+--------+------+---------+----------+--------+


================================================================
== Place & Route Fail Fast
================================================================
+-----------------------------------------------------------+-----------+--------+--------+
| Criteria                                                  | Guideline | Actual | Status |
+-----------------------------------------------------------+-----------+--------+--------+
| LUT                                                       | 70%       | 7.72%  | OK     |
| FD                                                        | 50%       | 2.42%  | OK     |
| LUTRAM+SRL                                                | 25%       | 0.00%  | OK     |
| CARRY8                                                    | 25%       | 3.93%  | OK     |
| MUXF7                                                     | 15%       | 0.00%  | OK     |
| DSP                                                       | 80%       | 6.49%  | OK     |
| RAMB/FIFO                                                 | 80%       | 0.35%  | OK     |
| URAM                                                      | 80%       | 0.00%  | OK     |
| DSP+RAMB+URAM (Avg)                                       | 70%       | 3.42%  | OK     |
| BUFGCE* + BUFGCTRL                                        | 24        | 0      | OK     |
| DONT_TOUCH (cells/nets)                                   | 0         | 0      | OK     |
| MARK_DEBUG (nets)                                         | 0         | 0      | OK     |
| Control Sets                                              | 2196      | 241    | OK     |
| Average Fanout for modules > 100k cells                   | 4         | 1.29   | OK     |
| Max Average Fanout for modules > 100k cells               | 4         | 0      | OK     |
| Non-FD high fanout nets > 10k loads                       | 0         | 0      | OK     |
+-----------------------------------------------------------+-----------+--------+--------+
| TIMING-6 (No common primary clock between related clocks) | 0         | 0      | OK     |
| TIMING-7 (No common node between related clocks)          | 0         | 0      | OK     |
| TIMING-8 (No common period between related clocks)        | 0         | 0      | OK     |
| TIMING-14 (LUT on the clock tree)                         | 0         | 0      | OK     |
| TIMING-35 (No common node in paths with the same clock)   | 0         | 0      | OK     |
+-----------------------------------------------------------+-----------+--------+--------+
| Number of paths above max LUT budgeting (0.391ns)         | 0         | 0      | OK     |
| Number of paths above max Net budgeting (0.263ns)         | 0         | 0      | OK     |
+-----------------------------------------------------------+-----------+--------+--------+


================================================================
== Place & Route Timing Paths
================================================================
* Timing was met
+-------+-------+--------------------------------------------------------------+------------------------------------------------------+--------------+------------+----------------+----------------+--------------+
| Path  | SLACK | STARTPOINT PIN                                               | ENDPOINT PIN                                         | LOGIC LEVELS | MAX FANOUT | DATAPATH DELAY | DATAPATH LOGIC | DATAPATH NET |
|       |       |                                                              |                                                      |              |            |                |          DELAY |        DELAY |
+-------+-------+--------------------------------------------------------------+------------------------------------------------------+--------------+------------+----------------+----------------+--------------+
| Path1 | 1.014 | grp_FIR_filter_fu_47/H_filter_FIR_U/ram_reg_bram_0/CLKARDCLK | grp_FIR_filter_fu_47/add_ln26_117_reg_9357_reg[29]/D |           17 |        213 |          8.917 |          4.138 |        4.779 |
| Path2 | 1.033 | grp_FIR_filter_fu_47/H_filter_FIR_U/ram_reg_bram_0/CLKARDCLK | grp_FIR_filter_fu_47/add_ln26_117_reg_9357_reg[30]/D |           17 |        213 |          8.898 |          4.118 |        4.780 |
| Path3 | 1.063 | grp_FIR_filter_fu_47/H_filter_FIR_U/ram_reg_bram_0/CLKARDCLK | grp_FIR_filter_fu_47/add_ln26_117_reg_9357_reg[28]/D |           17 |        213 |          8.869 |          4.091 |        4.778 |
| Path4 | 1.162 | grp_FIR_filter_fu_47/H_filter_FIR_U/ram_reg_bram_0/CLKARDCLK | grp_FIR_filter_fu_47/add_ln26_117_reg_9357_reg[27]/D |           17 |        213 |          8.768 |          3.988 |        4.780 |
| Path5 | 1.166 | grp_FIR_filter_fu_47/H_filter_FIR_U/ram_reg_bram_0/CLKARDCLK | grp_FIR_filter_fu_47/add_ln26_117_reg_9357_reg[26]/D |           17 |        213 |          8.764 |          3.984 |        4.780 |
+-------+-------+--------------------------------------------------------------+------------------------------------------------------+--------------+------------+----------------+----------------+--------------+

    +-------------------------------------------------------------------------+------------------------+
    | Path1 Cells                                                             | Primitive Type         |
    +-------------------------------------------------------------------------+------------------------+
    | grp_FIR_filter_fu_47/H_filter_FIR_U/ram_reg_bram_0                      | BLOCKRAM.BRAM.RAMB18E2 |
    | grp_FIR_filter_fu_47/H_filter_FIR_U/add_ln26_117_reg_9357[25]_i_215     | CLB.LUT.LUT2           |
    | grp_FIR_filter_fu_47/H_filter_FIR_U/add_ln26_117_reg_9357_reg[25]_i_139 | CLB.CARRY.CARRY8       |
    | grp_FIR_filter_fu_47/H_filter_FIR_U/add_ln26_117_reg_9357[23]_i_71      | CLB.LUT.LUT5           |
    | grp_FIR_filter_fu_47/H_filter_FIR_U/add_ln26_117_reg_9357[23]_i_79      | CLB.LUT.LUT6           |
    | grp_FIR_filter_fu_47/H_filter_FIR_U/add_ln26_117_reg_9357_reg[23]_i_53  | CLB.CARRY.CARRY8       |
    | grp_FIR_filter_fu_47/H_filter_FIR_U/add_ln26_117_reg_9357_reg[25]_i_58  | CLB.CARRY.CARRY8       |
    | grp_FIR_filter_fu_47/H_filter_FIR_U/add_ln26_117_reg_9357[25]_i_65      | CLB.LUT.LUT3           |
    | grp_FIR_filter_fu_47/H_filter_FIR_U/add_ln26_117_reg_9357_reg[25]_i_47  | CLB.CARRY.CARRY8       |
    | grp_FIR_filter_fu_47/H_filter_FIR_U/add_ln26_117_reg_9357[25]_i_35      | CLB.LUT.LUT3           |
    | grp_FIR_filter_fu_47/H_filter_FIR_U/add_ln26_117_reg_9357_reg[25]_i_22  | CLB.CARRY.CARRY8       |
    | grp_FIR_filter_fu_47/H_filter_FIR_U/add_ln26_117_reg_9357[23]_i_28      | CLB.LUT.LUT3           |
    | grp_FIR_filter_fu_47/H_filter_FIR_U/add_ln26_117_reg_9357[23]_i_12      | CLB.LUT.LUT5           |
    | grp_FIR_filter_fu_47/H_filter_FIR_U/add_ln26_117_reg_9357[23]_i_20      | CLB.LUT.LUT6           |
    | grp_FIR_filter_fu_47/H_filter_FIR_U/add_ln26_117_reg_9357_reg[23]_i_2   | CLB.CARRY.CARRY8       |
    | grp_FIR_filter_fu_47/H_filter_FIR_U/add_ln26_117_reg_9357_reg[25]_i_3   | CLB.CARRY.CARRY8       |
    | grp_FIR_filter_fu_47/add_ln26_117_reg_9357[25]_i_8                      | CLB.LUT.LUT2           |
    | grp_FIR_filter_fu_47/add_ln26_117_reg_9357_reg[25]_i_1                  | CLB.CARRY.CARRY8       |
    | grp_FIR_filter_fu_47/add_ln26_117_reg_9357_reg[29]                      | REGISTER.SDR.FDRE      |
    | grp_FIR_filter_fu_47/H_filter_FIR_U/ram_reg_bram_0                      | BLOCKRAM.BRAM.RAMB18E2 |
    | grp_FIR_filter_fu_47/H_filter_FIR_U/add_ln26_117_reg_9357[25]_i_215     | CLB.LUT.LUT2           |
    | grp_FIR_filter_fu_47/H_filter_FIR_U/add_ln26_117_reg_9357_reg[25]_i_139 | CLB.CARRY.CARRY8       |
    | grp_FIR_filter_fu_47/H_filter_FIR_U/add_ln26_117_reg_9357[23]_i_71      | CLB.LUT.LUT5           |
    | grp_FIR_filter_fu_47/H_filter_FIR_U/add_ln26_117_reg_9357[23]_i_79      | CLB.LUT.LUT6           |
    | grp_FIR_filter_fu_47/H_filter_FIR_U/add_ln26_117_reg_9357_reg[23]_i_53  | CLB.CARRY.CARRY8       |
    | grp_FIR_filter_fu_47/H_filter_FIR_U/add_ln26_117_reg_9357_reg[25]_i_58  | CLB.CARRY.CARRY8       |
    | grp_FIR_filter_fu_47/H_filter_FIR_U/add_ln26_117_reg_9357[25]_i_65      | CLB.LUT.LUT3           |
    | grp_FIR_filter_fu_47/H_filter_FIR_U/add_ln26_117_reg_9357_reg[25]_i_47  | CLB.CARRY.CARRY8       |
    | grp_FIR_filter_fu_47/H_filter_FIR_U/add_ln26_117_reg_9357[25]_i_35      | CLB.LUT.LUT3           |
    | grp_FIR_filter_fu_47/H_filter_FIR_U/add_ln26_117_reg_9357_reg[25]_i_22  | CLB.CARRY.CARRY8       |
    | grp_FIR_filter_fu_47/H_filter_FIR_U/add_ln26_117_reg_9357[23]_i_28      | CLB.LUT.LUT3           |
    | grp_FIR_filter_fu_47/H_filter_FIR_U/add_ln26_117_reg_9357[23]_i_12      | CLB.LUT.LUT5           |
    | grp_FIR_filter_fu_47/H_filter_FIR_U/add_ln26_117_reg_9357[23]_i_20      | CLB.LUT.LUT6           |
    | grp_FIR_filter_fu_47/H_filter_FIR_U/add_ln26_117_reg_9357_reg[23]_i_2   | CLB.CARRY.CARRY8       |
    | grp_FIR_filter_fu_47/H_filter_FIR_U/add_ln26_117_reg_9357_reg[25]_i_3   | CLB.CARRY.CARRY8       |
    | grp_FIR_filter_fu_47/add_ln26_117_reg_9357[25]_i_8                      | CLB.LUT.LUT2           |
    | grp_FIR_filter_fu_47/add_ln26_117_reg_9357_reg[25]_i_1                  | CLB.CARRY.CARRY8       |
    | grp_FIR_filter_fu_47/add_ln26_117_reg_9357_reg[30]                      | REGISTER.SDR.FDRE      |
    | grp_FIR_filter_fu_47/H_filter_FIR_U/ram_reg_bram_0                      | BLOCKRAM.BRAM.RAMB18E2 |
    | grp_FIR_filter_fu_47/H_filter_FIR_U/add_ln26_117_reg_9357[25]_i_215     | CLB.LUT.LUT2           |
    | grp_FIR_filter_fu_47/H_filter_FIR_U/add_ln26_117_reg_9357_reg[25]_i_139 | CLB.CARRY.CARRY8       |
    | grp_FIR_filter_fu_47/H_filter_FIR_U/add_ln26_117_reg_9357[23]_i_71      | CLB.LUT.LUT5           |
    | grp_FIR_filter_fu_47/H_filter_FIR_U/add_ln26_117_reg_9357[23]_i_79      | CLB.LUT.LUT6           |
    | grp_FIR_filter_fu_47/H_filter_FIR_U/add_ln26_117_reg_9357_reg[23]_i_53  | CLB.CARRY.CARRY8       |
    | grp_FIR_filter_fu_47/H_filter_FIR_U/add_ln26_117_reg_9357_reg[25]_i_58  | CLB.CARRY.CARRY8       |
    | grp_FIR_filter_fu_47/H_filter_FIR_U/add_ln26_117_reg_9357[25]_i_65      | CLB.LUT.LUT3           |
    | grp_FIR_filter_fu_47/H_filter_FIR_U/add_ln26_117_reg_9357_reg[25]_i_47  | CLB.CARRY.CARRY8       |
    | grp_FIR_filter_fu_47/H_filter_FIR_U/add_ln26_117_reg_9357[25]_i_35      | CLB.LUT.LUT3           |
    | grp_FIR_filter_fu_47/H_filter_FIR_U/add_ln26_117_reg_9357_reg[25]_i_22  | CLB.CARRY.CARRY8       |
    | grp_FIR_filter_fu_47/H_filter_FIR_U/add_ln26_117_reg_9357[23]_i_28      | CLB.LUT.LUT3           |
    | grp_FIR_filter_fu_47/H_filter_FIR_U/add_ln26_117_reg_9357[23]_i_12      | CLB.LUT.LUT5           |
    | grp_FIR_filter_fu_47/H_filter_FIR_U/add_ln26_117_reg_9357[23]_i_20      | CLB.LUT.LUT6           |
    | grp_FIR_filter_fu_47/H_filter_FIR_U/add_ln26_117_reg_9357_reg[23]_i_2   | CLB.CARRY.CARRY8       |
    | grp_FIR_filter_fu_47/H_filter_FIR_U/add_ln26_117_reg_9357_reg[25]_i_3   | CLB.CARRY.CARRY8       |
    | grp_FIR_filter_fu_47/add_ln26_117_reg_9357[25]_i_8                      | CLB.LUT.LUT2           |
    | grp_FIR_filter_fu_47/add_ln26_117_reg_9357_reg[25]_i_1                  | CLB.CARRY.CARRY8       |
    | grp_FIR_filter_fu_47/add_ln26_117_reg_9357_reg[28]                      | REGISTER.SDR.FDRE      |
    | grp_FIR_filter_fu_47/H_filter_FIR_U/ram_reg_bram_0                      | BLOCKRAM.BRAM.RAMB18E2 |
    | grp_FIR_filter_fu_47/H_filter_FIR_U/add_ln26_117_reg_9357[25]_i_215     | CLB.LUT.LUT2           |
    | grp_FIR_filter_fu_47/H_filter_FIR_U/add_ln26_117_reg_9357_reg[25]_i_139 | CLB.CARRY.CARRY8       |
    | grp_FIR_filter_fu_47/H_filter_FIR_U/add_ln26_117_reg_9357[23]_i_71      | CLB.LUT.LUT5           |
    | grp_FIR_filter_fu_47/H_filter_FIR_U/add_ln26_117_reg_9357[23]_i_79      | CLB.LUT.LUT6           |
    | grp_FIR_filter_fu_47/H_filter_FIR_U/add_ln26_117_reg_9357_reg[23]_i_53  | CLB.CARRY.CARRY8       |
    | grp_FIR_filter_fu_47/H_filter_FIR_U/add_ln26_117_reg_9357_reg[25]_i_58  | CLB.CARRY.CARRY8       |
    | grp_FIR_filter_fu_47/H_filter_FIR_U/add_ln26_117_reg_9357[25]_i_65      | CLB.LUT.LUT3           |
    | grp_FIR_filter_fu_47/H_filter_FIR_U/add_ln26_117_reg_9357_reg[25]_i_47  | CLB.CARRY.CARRY8       |
    | grp_FIR_filter_fu_47/H_filter_FIR_U/add_ln26_117_reg_9357[25]_i_35      | CLB.LUT.LUT3           |
    | grp_FIR_filter_fu_47/H_filter_FIR_U/add_ln26_117_reg_9357_reg[25]_i_22  | CLB.CARRY.CARRY8       |
    | grp_FIR_filter_fu_47/H_filter_FIR_U/add_ln26_117_reg_9357[23]_i_28      | CLB.LUT.LUT3           |
    | grp_FIR_filter_fu_47/H_filter_FIR_U/add_ln26_117_reg_9357[23]_i_12      | CLB.LUT.LUT5           |
    | grp_FIR_filter_fu_47/H_filter_FIR_U/add_ln26_117_reg_9357[23]_i_20      | CLB.LUT.LUT6           |
    | grp_FIR_filter_fu_47/H_filter_FIR_U/add_ln26_117_reg_9357_reg[23]_i_2   | CLB.CARRY.CARRY8       |
    | grp_FIR_filter_fu_47/H_filter_FIR_U/add_ln26_117_reg_9357_reg[25]_i_3   | CLB.CARRY.CARRY8       |
    | grp_FIR_filter_fu_47/add_ln26_117_reg_9357[25]_i_8                      | CLB.LUT.LUT2           |
    | grp_FIR_filter_fu_47/add_ln26_117_reg_9357_reg[25]_i_1                  | CLB.CARRY.CARRY8       |
    | grp_FIR_filter_fu_47/add_ln26_117_reg_9357_reg[27]                      | REGISTER.SDR.FDRE      |
    | grp_FIR_filter_fu_47/H_filter_FIR_U/ram_reg_bram_0                      | BLOCKRAM.BRAM.RAMB18E2 |
    | grp_FIR_filter_fu_47/H_filter_FIR_U/add_ln26_117_reg_9357[25]_i_215     | CLB.LUT.LUT2           |
    | grp_FIR_filter_fu_47/H_filter_FIR_U/add_ln26_117_reg_9357_reg[25]_i_139 | CLB.CARRY.CARRY8       |
    | grp_FIR_filter_fu_47/H_filter_FIR_U/add_ln26_117_reg_9357[23]_i_71      | CLB.LUT.LUT5           |
    | grp_FIR_filter_fu_47/H_filter_FIR_U/add_ln26_117_reg_9357[23]_i_79      | CLB.LUT.LUT6           |
    | grp_FIR_filter_fu_47/H_filter_FIR_U/add_ln26_117_reg_9357_reg[23]_i_53  | CLB.CARRY.CARRY8       |
    | grp_FIR_filter_fu_47/H_filter_FIR_U/add_ln26_117_reg_9357_reg[25]_i_58  | CLB.CARRY.CARRY8       |
    | grp_FIR_filter_fu_47/H_filter_FIR_U/add_ln26_117_reg_9357[25]_i_65      | CLB.LUT.LUT3           |
    | grp_FIR_filter_fu_47/H_filter_FIR_U/add_ln26_117_reg_9357_reg[25]_i_47  | CLB.CARRY.CARRY8       |
    | grp_FIR_filter_fu_47/H_filter_FIR_U/add_ln26_117_reg_9357[25]_i_35      | CLB.LUT.LUT3           |
    | grp_FIR_filter_fu_47/H_filter_FIR_U/add_ln26_117_reg_9357_reg[25]_i_22  | CLB.CARRY.CARRY8       |
    | grp_FIR_filter_fu_47/H_filter_FIR_U/add_ln26_117_reg_9357[23]_i_28      | CLB.LUT.LUT3           |
    | grp_FIR_filter_fu_47/H_filter_FIR_U/add_ln26_117_reg_9357[23]_i_12      | CLB.LUT.LUT5           |
    | grp_FIR_filter_fu_47/H_filter_FIR_U/add_ln26_117_reg_9357[23]_i_20      | CLB.LUT.LUT6           |
    | grp_FIR_filter_fu_47/H_filter_FIR_U/add_ln26_117_reg_9357_reg[23]_i_2   | CLB.CARRY.CARRY8       |
    | grp_FIR_filter_fu_47/H_filter_FIR_U/add_ln26_117_reg_9357_reg[25]_i_3   | CLB.CARRY.CARRY8       |
    | grp_FIR_filter_fu_47/add_ln26_117_reg_9357[25]_i_8                      | CLB.LUT.LUT2           |
    | grp_FIR_filter_fu_47/add_ln26_117_reg_9357_reg[25]_i_1                  | CLB.CARRY.CARRY8       |
    | grp_FIR_filter_fu_47/add_ln26_117_reg_9357_reg[26]                      | REGISTER.SDR.FDRE      |
    +-------------------------------------------------------------------------+------------------------+

    +-------------------------------------------------------------------------+------------------------+
    | Path2 Cells                                                             | Primitive Type         |
    +-------------------------------------------------------------------------+------------------------+
    | grp_FIR_filter_fu_47/H_filter_FIR_U/ram_reg_bram_0                      | BLOCKRAM.BRAM.RAMB18E2 |
    | grp_FIR_filter_fu_47/H_filter_FIR_U/add_ln26_117_reg_9357[25]_i_215     | CLB.LUT.LUT2           |
    | grp_FIR_filter_fu_47/H_filter_FIR_U/add_ln26_117_reg_9357_reg[25]_i_139 | CLB.CARRY.CARRY8       |
    | grp_FIR_filter_fu_47/H_filter_FIR_U/add_ln26_117_reg_9357[23]_i_71      | CLB.LUT.LUT5           |
    | grp_FIR_filter_fu_47/H_filter_FIR_U/add_ln26_117_reg_9357[23]_i_79      | CLB.LUT.LUT6           |
    | grp_FIR_filter_fu_47/H_filter_FIR_U/add_ln26_117_reg_9357_reg[23]_i_53  | CLB.CARRY.CARRY8       |
    | grp_FIR_filter_fu_47/H_filter_FIR_U/add_ln26_117_reg_9357_reg[25]_i_58  | CLB.CARRY.CARRY8       |
    | grp_FIR_filter_fu_47/H_filter_FIR_U/add_ln26_117_reg_9357[25]_i_65      | CLB.LUT.LUT3           |
    | grp_FIR_filter_fu_47/H_filter_FIR_U/add_ln26_117_reg_9357_reg[25]_i_47  | CLB.CARRY.CARRY8       |
    | grp_FIR_filter_fu_47/H_filter_FIR_U/add_ln26_117_reg_9357[25]_i_35      | CLB.LUT.LUT3           |
    | grp_FIR_filter_fu_47/H_filter_FIR_U/add_ln26_117_reg_9357_reg[25]_i_22  | CLB.CARRY.CARRY8       |
    | grp_FIR_filter_fu_47/H_filter_FIR_U/add_ln26_117_reg_9357[23]_i_28      | CLB.LUT.LUT3           |
    | grp_FIR_filter_fu_47/H_filter_FIR_U/add_ln26_117_reg_9357[23]_i_12      | CLB.LUT.LUT5           |
    | grp_FIR_filter_fu_47/H_filter_FIR_U/add_ln26_117_reg_9357[23]_i_20      | CLB.LUT.LUT6           |
    | grp_FIR_filter_fu_47/H_filter_FIR_U/add_ln26_117_reg_9357_reg[23]_i_2   | CLB.CARRY.CARRY8       |
    | grp_FIR_filter_fu_47/H_filter_FIR_U/add_ln26_117_reg_9357_reg[25]_i_3   | CLB.CARRY.CARRY8       |
    | grp_FIR_filter_fu_47/add_ln26_117_reg_9357[25]_i_8                      | CLB.LUT.LUT2           |
    | grp_FIR_filter_fu_47/add_ln26_117_reg_9357_reg[25]_i_1                  | CLB.CARRY.CARRY8       |
    | grp_FIR_filter_fu_47/add_ln26_117_reg_9357_reg[29]                      | REGISTER.SDR.FDRE      |
    | grp_FIR_filter_fu_47/H_filter_FIR_U/ram_reg_bram_0                      | BLOCKRAM.BRAM.RAMB18E2 |
    | grp_FIR_filter_fu_47/H_filter_FIR_U/add_ln26_117_reg_9357[25]_i_215     | CLB.LUT.LUT2           |
    | grp_FIR_filter_fu_47/H_filter_FIR_U/add_ln26_117_reg_9357_reg[25]_i_139 | CLB.CARRY.CARRY8       |
    | grp_FIR_filter_fu_47/H_filter_FIR_U/add_ln26_117_reg_9357[23]_i_71      | CLB.LUT.LUT5           |
    | grp_FIR_filter_fu_47/H_filter_FIR_U/add_ln26_117_reg_9357[23]_i_79      | CLB.LUT.LUT6           |
    | grp_FIR_filter_fu_47/H_filter_FIR_U/add_ln26_117_reg_9357_reg[23]_i_53  | CLB.CARRY.CARRY8       |
    | grp_FIR_filter_fu_47/H_filter_FIR_U/add_ln26_117_reg_9357_reg[25]_i_58  | CLB.CARRY.CARRY8       |
    | grp_FIR_filter_fu_47/H_filter_FIR_U/add_ln26_117_reg_9357[25]_i_65      | CLB.LUT.LUT3           |
    | grp_FIR_filter_fu_47/H_filter_FIR_U/add_ln26_117_reg_9357_reg[25]_i_47  | CLB.CARRY.CARRY8       |
    | grp_FIR_filter_fu_47/H_filter_FIR_U/add_ln26_117_reg_9357[25]_i_35      | CLB.LUT.LUT3           |
    | grp_FIR_filter_fu_47/H_filter_FIR_U/add_ln26_117_reg_9357_reg[25]_i_22  | CLB.CARRY.CARRY8       |
    | grp_FIR_filter_fu_47/H_filter_FIR_U/add_ln26_117_reg_9357[23]_i_28      | CLB.LUT.LUT3           |
    | grp_FIR_filter_fu_47/H_filter_FIR_U/add_ln26_117_reg_9357[23]_i_12      | CLB.LUT.LUT5           |
    | grp_FIR_filter_fu_47/H_filter_FIR_U/add_ln26_117_reg_9357[23]_i_20      | CLB.LUT.LUT6           |
    | grp_FIR_filter_fu_47/H_filter_FIR_U/add_ln26_117_reg_9357_reg[23]_i_2   | CLB.CARRY.CARRY8       |
    | grp_FIR_filter_fu_47/H_filter_FIR_U/add_ln26_117_reg_9357_reg[25]_i_3   | CLB.CARRY.CARRY8       |
    | grp_FIR_filter_fu_47/add_ln26_117_reg_9357[25]_i_8                      | CLB.LUT.LUT2           |
    | grp_FIR_filter_fu_47/add_ln26_117_reg_9357_reg[25]_i_1                  | CLB.CARRY.CARRY8       |
    | grp_FIR_filter_fu_47/add_ln26_117_reg_9357_reg[30]                      | REGISTER.SDR.FDRE      |
    | grp_FIR_filter_fu_47/H_filter_FIR_U/ram_reg_bram_0                      | BLOCKRAM.BRAM.RAMB18E2 |
    | grp_FIR_filter_fu_47/H_filter_FIR_U/add_ln26_117_reg_9357[25]_i_215     | CLB.LUT.LUT2           |
    | grp_FIR_filter_fu_47/H_filter_FIR_U/add_ln26_117_reg_9357_reg[25]_i_139 | CLB.CARRY.CARRY8       |
    | grp_FIR_filter_fu_47/H_filter_FIR_U/add_ln26_117_reg_9357[23]_i_71      | CLB.LUT.LUT5           |
    | grp_FIR_filter_fu_47/H_filter_FIR_U/add_ln26_117_reg_9357[23]_i_79      | CLB.LUT.LUT6           |
    | grp_FIR_filter_fu_47/H_filter_FIR_U/add_ln26_117_reg_9357_reg[23]_i_53  | CLB.CARRY.CARRY8       |
    | grp_FIR_filter_fu_47/H_filter_FIR_U/add_ln26_117_reg_9357_reg[25]_i_58  | CLB.CARRY.CARRY8       |
    | grp_FIR_filter_fu_47/H_filter_FIR_U/add_ln26_117_reg_9357[25]_i_65      | CLB.LUT.LUT3           |
    | grp_FIR_filter_fu_47/H_filter_FIR_U/add_ln26_117_reg_9357_reg[25]_i_47  | CLB.CARRY.CARRY8       |
    | grp_FIR_filter_fu_47/H_filter_FIR_U/add_ln26_117_reg_9357[25]_i_35      | CLB.LUT.LUT3           |
    | grp_FIR_filter_fu_47/H_filter_FIR_U/add_ln26_117_reg_9357_reg[25]_i_22  | CLB.CARRY.CARRY8       |
    | grp_FIR_filter_fu_47/H_filter_FIR_U/add_ln26_117_reg_9357[23]_i_28      | CLB.LUT.LUT3           |
    | grp_FIR_filter_fu_47/H_filter_FIR_U/add_ln26_117_reg_9357[23]_i_12      | CLB.LUT.LUT5           |
    | grp_FIR_filter_fu_47/H_filter_FIR_U/add_ln26_117_reg_9357[23]_i_20      | CLB.LUT.LUT6           |
    | grp_FIR_filter_fu_47/H_filter_FIR_U/add_ln26_117_reg_9357_reg[23]_i_2   | CLB.CARRY.CARRY8       |
    | grp_FIR_filter_fu_47/H_filter_FIR_U/add_ln26_117_reg_9357_reg[25]_i_3   | CLB.CARRY.CARRY8       |
    | grp_FIR_filter_fu_47/add_ln26_117_reg_9357[25]_i_8                      | CLB.LUT.LUT2           |
    | grp_FIR_filter_fu_47/add_ln26_117_reg_9357_reg[25]_i_1                  | CLB.CARRY.CARRY8       |
    | grp_FIR_filter_fu_47/add_ln26_117_reg_9357_reg[28]                      | REGISTER.SDR.FDRE      |
    | grp_FIR_filter_fu_47/H_filter_FIR_U/ram_reg_bram_0                      | BLOCKRAM.BRAM.RAMB18E2 |
    | grp_FIR_filter_fu_47/H_filter_FIR_U/add_ln26_117_reg_9357[25]_i_215     | CLB.LUT.LUT2           |
    | grp_FIR_filter_fu_47/H_filter_FIR_U/add_ln26_117_reg_9357_reg[25]_i_139 | CLB.CARRY.CARRY8       |
    | grp_FIR_filter_fu_47/H_filter_FIR_U/add_ln26_117_reg_9357[23]_i_71      | CLB.LUT.LUT5           |
    | grp_FIR_filter_fu_47/H_filter_FIR_U/add_ln26_117_reg_9357[23]_i_79      | CLB.LUT.LUT6           |
    | grp_FIR_filter_fu_47/H_filter_FIR_U/add_ln26_117_reg_9357_reg[23]_i_53  | CLB.CARRY.CARRY8       |
    | grp_FIR_filter_fu_47/H_filter_FIR_U/add_ln26_117_reg_9357_reg[25]_i_58  | CLB.CARRY.CARRY8       |
    | grp_FIR_filter_fu_47/H_filter_FIR_U/add_ln26_117_reg_9357[25]_i_65      | CLB.LUT.LUT3           |
    | grp_FIR_filter_fu_47/H_filter_FIR_U/add_ln26_117_reg_9357_reg[25]_i_47  | CLB.CARRY.CARRY8       |
    | grp_FIR_filter_fu_47/H_filter_FIR_U/add_ln26_117_reg_9357[25]_i_35      | CLB.LUT.LUT3           |
    | grp_FIR_filter_fu_47/H_filter_FIR_U/add_ln26_117_reg_9357_reg[25]_i_22  | CLB.CARRY.CARRY8       |
    | grp_FIR_filter_fu_47/H_filter_FIR_U/add_ln26_117_reg_9357[23]_i_28      | CLB.LUT.LUT3           |
    | grp_FIR_filter_fu_47/H_filter_FIR_U/add_ln26_117_reg_9357[23]_i_12      | CLB.LUT.LUT5           |
    | grp_FIR_filter_fu_47/H_filter_FIR_U/add_ln26_117_reg_9357[23]_i_20      | CLB.LUT.LUT6           |
    | grp_FIR_filter_fu_47/H_filter_FIR_U/add_ln26_117_reg_9357_reg[23]_i_2   | CLB.CARRY.CARRY8       |
    | grp_FIR_filter_fu_47/H_filter_FIR_U/add_ln26_117_reg_9357_reg[25]_i_3   | CLB.CARRY.CARRY8       |
    | grp_FIR_filter_fu_47/add_ln26_117_reg_9357[25]_i_8                      | CLB.LUT.LUT2           |
    | grp_FIR_filter_fu_47/add_ln26_117_reg_9357_reg[25]_i_1                  | CLB.CARRY.CARRY8       |
    | grp_FIR_filter_fu_47/add_ln26_117_reg_9357_reg[27]                      | REGISTER.SDR.FDRE      |
    | grp_FIR_filter_fu_47/H_filter_FIR_U/ram_reg_bram_0                      | BLOCKRAM.BRAM.RAMB18E2 |
    | grp_FIR_filter_fu_47/H_filter_FIR_U/add_ln26_117_reg_9357[25]_i_215     | CLB.LUT.LUT2           |
    | grp_FIR_filter_fu_47/H_filter_FIR_U/add_ln26_117_reg_9357_reg[25]_i_139 | CLB.CARRY.CARRY8       |
    | grp_FIR_filter_fu_47/H_filter_FIR_U/add_ln26_117_reg_9357[23]_i_71      | CLB.LUT.LUT5           |
    | grp_FIR_filter_fu_47/H_filter_FIR_U/add_ln26_117_reg_9357[23]_i_79      | CLB.LUT.LUT6           |
    | grp_FIR_filter_fu_47/H_filter_FIR_U/add_ln26_117_reg_9357_reg[23]_i_53  | CLB.CARRY.CARRY8       |
    | grp_FIR_filter_fu_47/H_filter_FIR_U/add_ln26_117_reg_9357_reg[25]_i_58  | CLB.CARRY.CARRY8       |
    | grp_FIR_filter_fu_47/H_filter_FIR_U/add_ln26_117_reg_9357[25]_i_65      | CLB.LUT.LUT3           |
    | grp_FIR_filter_fu_47/H_filter_FIR_U/add_ln26_117_reg_9357_reg[25]_i_47  | CLB.CARRY.CARRY8       |
    | grp_FIR_filter_fu_47/H_filter_FIR_U/add_ln26_117_reg_9357[25]_i_35      | CLB.LUT.LUT3           |
    | grp_FIR_filter_fu_47/H_filter_FIR_U/add_ln26_117_reg_9357_reg[25]_i_22  | CLB.CARRY.CARRY8       |
    | grp_FIR_filter_fu_47/H_filter_FIR_U/add_ln26_117_reg_9357[23]_i_28      | CLB.LUT.LUT3           |
    | grp_FIR_filter_fu_47/H_filter_FIR_U/add_ln26_117_reg_9357[23]_i_12      | CLB.LUT.LUT5           |
    | grp_FIR_filter_fu_47/H_filter_FIR_U/add_ln26_117_reg_9357[23]_i_20      | CLB.LUT.LUT6           |
    | grp_FIR_filter_fu_47/H_filter_FIR_U/add_ln26_117_reg_9357_reg[23]_i_2   | CLB.CARRY.CARRY8       |
    | grp_FIR_filter_fu_47/H_filter_FIR_U/add_ln26_117_reg_9357_reg[25]_i_3   | CLB.CARRY.CARRY8       |
    | grp_FIR_filter_fu_47/add_ln26_117_reg_9357[25]_i_8                      | CLB.LUT.LUT2           |
    | grp_FIR_filter_fu_47/add_ln26_117_reg_9357_reg[25]_i_1                  | CLB.CARRY.CARRY8       |
    | grp_FIR_filter_fu_47/add_ln26_117_reg_9357_reg[26]                      | REGISTER.SDR.FDRE      |
    +-------------------------------------------------------------------------+------------------------+

    +-------------------------------------------------------------------------+------------------------+
    | Path3 Cells                                                             | Primitive Type         |
    +-------------------------------------------------------------------------+------------------------+
    | grp_FIR_filter_fu_47/H_filter_FIR_U/ram_reg_bram_0                      | BLOCKRAM.BRAM.RAMB18E2 |
    | grp_FIR_filter_fu_47/H_filter_FIR_U/add_ln26_117_reg_9357[25]_i_215     | CLB.LUT.LUT2           |
    | grp_FIR_filter_fu_47/H_filter_FIR_U/add_ln26_117_reg_9357_reg[25]_i_139 | CLB.CARRY.CARRY8       |
    | grp_FIR_filter_fu_47/H_filter_FIR_U/add_ln26_117_reg_9357[23]_i_71      | CLB.LUT.LUT5           |
    | grp_FIR_filter_fu_47/H_filter_FIR_U/add_ln26_117_reg_9357[23]_i_79      | CLB.LUT.LUT6           |
    | grp_FIR_filter_fu_47/H_filter_FIR_U/add_ln26_117_reg_9357_reg[23]_i_53  | CLB.CARRY.CARRY8       |
    | grp_FIR_filter_fu_47/H_filter_FIR_U/add_ln26_117_reg_9357_reg[25]_i_58  | CLB.CARRY.CARRY8       |
    | grp_FIR_filter_fu_47/H_filter_FIR_U/add_ln26_117_reg_9357[25]_i_65      | CLB.LUT.LUT3           |
    | grp_FIR_filter_fu_47/H_filter_FIR_U/add_ln26_117_reg_9357_reg[25]_i_47  | CLB.CARRY.CARRY8       |
    | grp_FIR_filter_fu_47/H_filter_FIR_U/add_ln26_117_reg_9357[25]_i_35      | CLB.LUT.LUT3           |
    | grp_FIR_filter_fu_47/H_filter_FIR_U/add_ln26_117_reg_9357_reg[25]_i_22  | CLB.CARRY.CARRY8       |
    | grp_FIR_filter_fu_47/H_filter_FIR_U/add_ln26_117_reg_9357[23]_i_28      | CLB.LUT.LUT3           |
    | grp_FIR_filter_fu_47/H_filter_FIR_U/add_ln26_117_reg_9357[23]_i_12      | CLB.LUT.LUT5           |
    | grp_FIR_filter_fu_47/H_filter_FIR_U/add_ln26_117_reg_9357[23]_i_20      | CLB.LUT.LUT6           |
    | grp_FIR_filter_fu_47/H_filter_FIR_U/add_ln26_117_reg_9357_reg[23]_i_2   | CLB.CARRY.CARRY8       |
    | grp_FIR_filter_fu_47/H_filter_FIR_U/add_ln26_117_reg_9357_reg[25]_i_3   | CLB.CARRY.CARRY8       |
    | grp_FIR_filter_fu_47/add_ln26_117_reg_9357[25]_i_8                      | CLB.LUT.LUT2           |
    | grp_FIR_filter_fu_47/add_ln26_117_reg_9357_reg[25]_i_1                  | CLB.CARRY.CARRY8       |
    | grp_FIR_filter_fu_47/add_ln26_117_reg_9357_reg[29]                      | REGISTER.SDR.FDRE      |
    | grp_FIR_filter_fu_47/H_filter_FIR_U/ram_reg_bram_0                      | BLOCKRAM.BRAM.RAMB18E2 |
    | grp_FIR_filter_fu_47/H_filter_FIR_U/add_ln26_117_reg_9357[25]_i_215     | CLB.LUT.LUT2           |
    | grp_FIR_filter_fu_47/H_filter_FIR_U/add_ln26_117_reg_9357_reg[25]_i_139 | CLB.CARRY.CARRY8       |
    | grp_FIR_filter_fu_47/H_filter_FIR_U/add_ln26_117_reg_9357[23]_i_71      | CLB.LUT.LUT5           |
    | grp_FIR_filter_fu_47/H_filter_FIR_U/add_ln26_117_reg_9357[23]_i_79      | CLB.LUT.LUT6           |
    | grp_FIR_filter_fu_47/H_filter_FIR_U/add_ln26_117_reg_9357_reg[23]_i_53  | CLB.CARRY.CARRY8       |
    | grp_FIR_filter_fu_47/H_filter_FIR_U/add_ln26_117_reg_9357_reg[25]_i_58  | CLB.CARRY.CARRY8       |
    | grp_FIR_filter_fu_47/H_filter_FIR_U/add_ln26_117_reg_9357[25]_i_65      | CLB.LUT.LUT3           |
    | grp_FIR_filter_fu_47/H_filter_FIR_U/add_ln26_117_reg_9357_reg[25]_i_47  | CLB.CARRY.CARRY8       |
    | grp_FIR_filter_fu_47/H_filter_FIR_U/add_ln26_117_reg_9357[25]_i_35      | CLB.LUT.LUT3           |
    | grp_FIR_filter_fu_47/H_filter_FIR_U/add_ln26_117_reg_9357_reg[25]_i_22  | CLB.CARRY.CARRY8       |
    | grp_FIR_filter_fu_47/H_filter_FIR_U/add_ln26_117_reg_9357[23]_i_28      | CLB.LUT.LUT3           |
    | grp_FIR_filter_fu_47/H_filter_FIR_U/add_ln26_117_reg_9357[23]_i_12      | CLB.LUT.LUT5           |
    | grp_FIR_filter_fu_47/H_filter_FIR_U/add_ln26_117_reg_9357[23]_i_20      | CLB.LUT.LUT6           |
    | grp_FIR_filter_fu_47/H_filter_FIR_U/add_ln26_117_reg_9357_reg[23]_i_2   | CLB.CARRY.CARRY8       |
    | grp_FIR_filter_fu_47/H_filter_FIR_U/add_ln26_117_reg_9357_reg[25]_i_3   | CLB.CARRY.CARRY8       |
    | grp_FIR_filter_fu_47/add_ln26_117_reg_9357[25]_i_8                      | CLB.LUT.LUT2           |
    | grp_FIR_filter_fu_47/add_ln26_117_reg_9357_reg[25]_i_1                  | CLB.CARRY.CARRY8       |
    | grp_FIR_filter_fu_47/add_ln26_117_reg_9357_reg[30]                      | REGISTER.SDR.FDRE      |
    | grp_FIR_filter_fu_47/H_filter_FIR_U/ram_reg_bram_0                      | BLOCKRAM.BRAM.RAMB18E2 |
    | grp_FIR_filter_fu_47/H_filter_FIR_U/add_ln26_117_reg_9357[25]_i_215     | CLB.LUT.LUT2           |
    | grp_FIR_filter_fu_47/H_filter_FIR_U/add_ln26_117_reg_9357_reg[25]_i_139 | CLB.CARRY.CARRY8       |
    | grp_FIR_filter_fu_47/H_filter_FIR_U/add_ln26_117_reg_9357[23]_i_71      | CLB.LUT.LUT5           |
    | grp_FIR_filter_fu_47/H_filter_FIR_U/add_ln26_117_reg_9357[23]_i_79      | CLB.LUT.LUT6           |
    | grp_FIR_filter_fu_47/H_filter_FIR_U/add_ln26_117_reg_9357_reg[23]_i_53  | CLB.CARRY.CARRY8       |
    | grp_FIR_filter_fu_47/H_filter_FIR_U/add_ln26_117_reg_9357_reg[25]_i_58  | CLB.CARRY.CARRY8       |
    | grp_FIR_filter_fu_47/H_filter_FIR_U/add_ln26_117_reg_9357[25]_i_65      | CLB.LUT.LUT3           |
    | grp_FIR_filter_fu_47/H_filter_FIR_U/add_ln26_117_reg_9357_reg[25]_i_47  | CLB.CARRY.CARRY8       |
    | grp_FIR_filter_fu_47/H_filter_FIR_U/add_ln26_117_reg_9357[25]_i_35      | CLB.LUT.LUT3           |
    | grp_FIR_filter_fu_47/H_filter_FIR_U/add_ln26_117_reg_9357_reg[25]_i_22  | CLB.CARRY.CARRY8       |
    | grp_FIR_filter_fu_47/H_filter_FIR_U/add_ln26_117_reg_9357[23]_i_28      | CLB.LUT.LUT3           |
    | grp_FIR_filter_fu_47/H_filter_FIR_U/add_ln26_117_reg_9357[23]_i_12      | CLB.LUT.LUT5           |
    | grp_FIR_filter_fu_47/H_filter_FIR_U/add_ln26_117_reg_9357[23]_i_20      | CLB.LUT.LUT6           |
    | grp_FIR_filter_fu_47/H_filter_FIR_U/add_ln26_117_reg_9357_reg[23]_i_2   | CLB.CARRY.CARRY8       |
    | grp_FIR_filter_fu_47/H_filter_FIR_U/add_ln26_117_reg_9357_reg[25]_i_3   | CLB.CARRY.CARRY8       |
    | grp_FIR_filter_fu_47/add_ln26_117_reg_9357[25]_i_8                      | CLB.LUT.LUT2           |
    | grp_FIR_filter_fu_47/add_ln26_117_reg_9357_reg[25]_i_1                  | CLB.CARRY.CARRY8       |
    | grp_FIR_filter_fu_47/add_ln26_117_reg_9357_reg[28]                      | REGISTER.SDR.FDRE      |
    | grp_FIR_filter_fu_47/H_filter_FIR_U/ram_reg_bram_0                      | BLOCKRAM.BRAM.RAMB18E2 |
    | grp_FIR_filter_fu_47/H_filter_FIR_U/add_ln26_117_reg_9357[25]_i_215     | CLB.LUT.LUT2           |
    | grp_FIR_filter_fu_47/H_filter_FIR_U/add_ln26_117_reg_9357_reg[25]_i_139 | CLB.CARRY.CARRY8       |
    | grp_FIR_filter_fu_47/H_filter_FIR_U/add_ln26_117_reg_9357[23]_i_71      | CLB.LUT.LUT5           |
    | grp_FIR_filter_fu_47/H_filter_FIR_U/add_ln26_117_reg_9357[23]_i_79      | CLB.LUT.LUT6           |
    | grp_FIR_filter_fu_47/H_filter_FIR_U/add_ln26_117_reg_9357_reg[23]_i_53  | CLB.CARRY.CARRY8       |
    | grp_FIR_filter_fu_47/H_filter_FIR_U/add_ln26_117_reg_9357_reg[25]_i_58  | CLB.CARRY.CARRY8       |
    | grp_FIR_filter_fu_47/H_filter_FIR_U/add_ln26_117_reg_9357[25]_i_65      | CLB.LUT.LUT3           |
    | grp_FIR_filter_fu_47/H_filter_FIR_U/add_ln26_117_reg_9357_reg[25]_i_47  | CLB.CARRY.CARRY8       |
    | grp_FIR_filter_fu_47/H_filter_FIR_U/add_ln26_117_reg_9357[25]_i_35      | CLB.LUT.LUT3           |
    | grp_FIR_filter_fu_47/H_filter_FIR_U/add_ln26_117_reg_9357_reg[25]_i_22  | CLB.CARRY.CARRY8       |
    | grp_FIR_filter_fu_47/H_filter_FIR_U/add_ln26_117_reg_9357[23]_i_28      | CLB.LUT.LUT3           |
    | grp_FIR_filter_fu_47/H_filter_FIR_U/add_ln26_117_reg_9357[23]_i_12      | CLB.LUT.LUT5           |
    | grp_FIR_filter_fu_47/H_filter_FIR_U/add_ln26_117_reg_9357[23]_i_20      | CLB.LUT.LUT6           |
    | grp_FIR_filter_fu_47/H_filter_FIR_U/add_ln26_117_reg_9357_reg[23]_i_2   | CLB.CARRY.CARRY8       |
    | grp_FIR_filter_fu_47/H_filter_FIR_U/add_ln26_117_reg_9357_reg[25]_i_3   | CLB.CARRY.CARRY8       |
    | grp_FIR_filter_fu_47/add_ln26_117_reg_9357[25]_i_8                      | CLB.LUT.LUT2           |
    | grp_FIR_filter_fu_47/add_ln26_117_reg_9357_reg[25]_i_1                  | CLB.CARRY.CARRY8       |
    | grp_FIR_filter_fu_47/add_ln26_117_reg_9357_reg[27]                      | REGISTER.SDR.FDRE      |
    | grp_FIR_filter_fu_47/H_filter_FIR_U/ram_reg_bram_0                      | BLOCKRAM.BRAM.RAMB18E2 |
    | grp_FIR_filter_fu_47/H_filter_FIR_U/add_ln26_117_reg_9357[25]_i_215     | CLB.LUT.LUT2           |
    | grp_FIR_filter_fu_47/H_filter_FIR_U/add_ln26_117_reg_9357_reg[25]_i_139 | CLB.CARRY.CARRY8       |
    | grp_FIR_filter_fu_47/H_filter_FIR_U/add_ln26_117_reg_9357[23]_i_71      | CLB.LUT.LUT5           |
    | grp_FIR_filter_fu_47/H_filter_FIR_U/add_ln26_117_reg_9357[23]_i_79      | CLB.LUT.LUT6           |
    | grp_FIR_filter_fu_47/H_filter_FIR_U/add_ln26_117_reg_9357_reg[23]_i_53  | CLB.CARRY.CARRY8       |
    | grp_FIR_filter_fu_47/H_filter_FIR_U/add_ln26_117_reg_9357_reg[25]_i_58  | CLB.CARRY.CARRY8       |
    | grp_FIR_filter_fu_47/H_filter_FIR_U/add_ln26_117_reg_9357[25]_i_65      | CLB.LUT.LUT3           |
    | grp_FIR_filter_fu_47/H_filter_FIR_U/add_ln26_117_reg_9357_reg[25]_i_47  | CLB.CARRY.CARRY8       |
    | grp_FIR_filter_fu_47/H_filter_FIR_U/add_ln26_117_reg_9357[25]_i_35      | CLB.LUT.LUT3           |
    | grp_FIR_filter_fu_47/H_filter_FIR_U/add_ln26_117_reg_9357_reg[25]_i_22  | CLB.CARRY.CARRY8       |
    | grp_FIR_filter_fu_47/H_filter_FIR_U/add_ln26_117_reg_9357[23]_i_28      | CLB.LUT.LUT3           |
    | grp_FIR_filter_fu_47/H_filter_FIR_U/add_ln26_117_reg_9357[23]_i_12      | CLB.LUT.LUT5           |
    | grp_FIR_filter_fu_47/H_filter_FIR_U/add_ln26_117_reg_9357[23]_i_20      | CLB.LUT.LUT6           |
    | grp_FIR_filter_fu_47/H_filter_FIR_U/add_ln26_117_reg_9357_reg[23]_i_2   | CLB.CARRY.CARRY8       |
    | grp_FIR_filter_fu_47/H_filter_FIR_U/add_ln26_117_reg_9357_reg[25]_i_3   | CLB.CARRY.CARRY8       |
    | grp_FIR_filter_fu_47/add_ln26_117_reg_9357[25]_i_8                      | CLB.LUT.LUT2           |
    | grp_FIR_filter_fu_47/add_ln26_117_reg_9357_reg[25]_i_1                  | CLB.CARRY.CARRY8       |
    | grp_FIR_filter_fu_47/add_ln26_117_reg_9357_reg[26]                      | REGISTER.SDR.FDRE      |
    +-------------------------------------------------------------------------+------------------------+

    +-------------------------------------------------------------------------+------------------------+
    | Path4 Cells                                                             | Primitive Type         |
    +-------------------------------------------------------------------------+------------------------+
    | grp_FIR_filter_fu_47/H_filter_FIR_U/ram_reg_bram_0                      | BLOCKRAM.BRAM.RAMB18E2 |
    | grp_FIR_filter_fu_47/H_filter_FIR_U/add_ln26_117_reg_9357[25]_i_215     | CLB.LUT.LUT2           |
    | grp_FIR_filter_fu_47/H_filter_FIR_U/add_ln26_117_reg_9357_reg[25]_i_139 | CLB.CARRY.CARRY8       |
    | grp_FIR_filter_fu_47/H_filter_FIR_U/add_ln26_117_reg_9357[23]_i_71      | CLB.LUT.LUT5           |
    | grp_FIR_filter_fu_47/H_filter_FIR_U/add_ln26_117_reg_9357[23]_i_79      | CLB.LUT.LUT6           |
    | grp_FIR_filter_fu_47/H_filter_FIR_U/add_ln26_117_reg_9357_reg[23]_i_53  | CLB.CARRY.CARRY8       |
    | grp_FIR_filter_fu_47/H_filter_FIR_U/add_ln26_117_reg_9357_reg[25]_i_58  | CLB.CARRY.CARRY8       |
    | grp_FIR_filter_fu_47/H_filter_FIR_U/add_ln26_117_reg_9357[25]_i_65      | CLB.LUT.LUT3           |
    | grp_FIR_filter_fu_47/H_filter_FIR_U/add_ln26_117_reg_9357_reg[25]_i_47  | CLB.CARRY.CARRY8       |
    | grp_FIR_filter_fu_47/H_filter_FIR_U/add_ln26_117_reg_9357[25]_i_35      | CLB.LUT.LUT3           |
    | grp_FIR_filter_fu_47/H_filter_FIR_U/add_ln26_117_reg_9357_reg[25]_i_22  | CLB.CARRY.CARRY8       |
    | grp_FIR_filter_fu_47/H_filter_FIR_U/add_ln26_117_reg_9357[23]_i_28      | CLB.LUT.LUT3           |
    | grp_FIR_filter_fu_47/H_filter_FIR_U/add_ln26_117_reg_9357[23]_i_12      | CLB.LUT.LUT5           |
    | grp_FIR_filter_fu_47/H_filter_FIR_U/add_ln26_117_reg_9357[23]_i_20      | CLB.LUT.LUT6           |
    | grp_FIR_filter_fu_47/H_filter_FIR_U/add_ln26_117_reg_9357_reg[23]_i_2   | CLB.CARRY.CARRY8       |
    | grp_FIR_filter_fu_47/H_filter_FIR_U/add_ln26_117_reg_9357_reg[25]_i_3   | CLB.CARRY.CARRY8       |
    | grp_FIR_filter_fu_47/add_ln26_117_reg_9357[25]_i_8                      | CLB.LUT.LUT2           |
    | grp_FIR_filter_fu_47/add_ln26_117_reg_9357_reg[25]_i_1                  | CLB.CARRY.CARRY8       |
    | grp_FIR_filter_fu_47/add_ln26_117_reg_9357_reg[29]                      | REGISTER.SDR.FDRE      |
    | grp_FIR_filter_fu_47/H_filter_FIR_U/ram_reg_bram_0                      | BLOCKRAM.BRAM.RAMB18E2 |
    | grp_FIR_filter_fu_47/H_filter_FIR_U/add_ln26_117_reg_9357[25]_i_215     | CLB.LUT.LUT2           |
    | grp_FIR_filter_fu_47/H_filter_FIR_U/add_ln26_117_reg_9357_reg[25]_i_139 | CLB.CARRY.CARRY8       |
    | grp_FIR_filter_fu_47/H_filter_FIR_U/add_ln26_117_reg_9357[23]_i_71      | CLB.LUT.LUT5           |
    | grp_FIR_filter_fu_47/H_filter_FIR_U/add_ln26_117_reg_9357[23]_i_79      | CLB.LUT.LUT6           |
    | grp_FIR_filter_fu_47/H_filter_FIR_U/add_ln26_117_reg_9357_reg[23]_i_53  | CLB.CARRY.CARRY8       |
    | grp_FIR_filter_fu_47/H_filter_FIR_U/add_ln26_117_reg_9357_reg[25]_i_58  | CLB.CARRY.CARRY8       |
    | grp_FIR_filter_fu_47/H_filter_FIR_U/add_ln26_117_reg_9357[25]_i_65      | CLB.LUT.LUT3           |
    | grp_FIR_filter_fu_47/H_filter_FIR_U/add_ln26_117_reg_9357_reg[25]_i_47  | CLB.CARRY.CARRY8       |
    | grp_FIR_filter_fu_47/H_filter_FIR_U/add_ln26_117_reg_9357[25]_i_35      | CLB.LUT.LUT3           |
    | grp_FIR_filter_fu_47/H_filter_FIR_U/add_ln26_117_reg_9357_reg[25]_i_22  | CLB.CARRY.CARRY8       |
    | grp_FIR_filter_fu_47/H_filter_FIR_U/add_ln26_117_reg_9357[23]_i_28      | CLB.LUT.LUT3           |
    | grp_FIR_filter_fu_47/H_filter_FIR_U/add_ln26_117_reg_9357[23]_i_12      | CLB.LUT.LUT5           |
    | grp_FIR_filter_fu_47/H_filter_FIR_U/add_ln26_117_reg_9357[23]_i_20      | CLB.LUT.LUT6           |
    | grp_FIR_filter_fu_47/H_filter_FIR_U/add_ln26_117_reg_9357_reg[23]_i_2   | CLB.CARRY.CARRY8       |
    | grp_FIR_filter_fu_47/H_filter_FIR_U/add_ln26_117_reg_9357_reg[25]_i_3   | CLB.CARRY.CARRY8       |
    | grp_FIR_filter_fu_47/add_ln26_117_reg_9357[25]_i_8                      | CLB.LUT.LUT2           |
    | grp_FIR_filter_fu_47/add_ln26_117_reg_9357_reg[25]_i_1                  | CLB.CARRY.CARRY8       |
    | grp_FIR_filter_fu_47/add_ln26_117_reg_9357_reg[30]                      | REGISTER.SDR.FDRE      |
    | grp_FIR_filter_fu_47/H_filter_FIR_U/ram_reg_bram_0                      | BLOCKRAM.BRAM.RAMB18E2 |
    | grp_FIR_filter_fu_47/H_filter_FIR_U/add_ln26_117_reg_9357[25]_i_215     | CLB.LUT.LUT2           |
    | grp_FIR_filter_fu_47/H_filter_FIR_U/add_ln26_117_reg_9357_reg[25]_i_139 | CLB.CARRY.CARRY8       |
    | grp_FIR_filter_fu_47/H_filter_FIR_U/add_ln26_117_reg_9357[23]_i_71      | CLB.LUT.LUT5           |
    | grp_FIR_filter_fu_47/H_filter_FIR_U/add_ln26_117_reg_9357[23]_i_79      | CLB.LUT.LUT6           |
    | grp_FIR_filter_fu_47/H_filter_FIR_U/add_ln26_117_reg_9357_reg[23]_i_53  | CLB.CARRY.CARRY8       |
    | grp_FIR_filter_fu_47/H_filter_FIR_U/add_ln26_117_reg_9357_reg[25]_i_58  | CLB.CARRY.CARRY8       |
    | grp_FIR_filter_fu_47/H_filter_FIR_U/add_ln26_117_reg_9357[25]_i_65      | CLB.LUT.LUT3           |
    | grp_FIR_filter_fu_47/H_filter_FIR_U/add_ln26_117_reg_9357_reg[25]_i_47  | CLB.CARRY.CARRY8       |
    | grp_FIR_filter_fu_47/H_filter_FIR_U/add_ln26_117_reg_9357[25]_i_35      | CLB.LUT.LUT3           |
    | grp_FIR_filter_fu_47/H_filter_FIR_U/add_ln26_117_reg_9357_reg[25]_i_22  | CLB.CARRY.CARRY8       |
    | grp_FIR_filter_fu_47/H_filter_FIR_U/add_ln26_117_reg_9357[23]_i_28      | CLB.LUT.LUT3           |
    | grp_FIR_filter_fu_47/H_filter_FIR_U/add_ln26_117_reg_9357[23]_i_12      | CLB.LUT.LUT5           |
    | grp_FIR_filter_fu_47/H_filter_FIR_U/add_ln26_117_reg_9357[23]_i_20      | CLB.LUT.LUT6           |
    | grp_FIR_filter_fu_47/H_filter_FIR_U/add_ln26_117_reg_9357_reg[23]_i_2   | CLB.CARRY.CARRY8       |
    | grp_FIR_filter_fu_47/H_filter_FIR_U/add_ln26_117_reg_9357_reg[25]_i_3   | CLB.CARRY.CARRY8       |
    | grp_FIR_filter_fu_47/add_ln26_117_reg_9357[25]_i_8                      | CLB.LUT.LUT2           |
    | grp_FIR_filter_fu_47/add_ln26_117_reg_9357_reg[25]_i_1                  | CLB.CARRY.CARRY8       |
    | grp_FIR_filter_fu_47/add_ln26_117_reg_9357_reg[28]                      | REGISTER.SDR.FDRE      |
    | grp_FIR_filter_fu_47/H_filter_FIR_U/ram_reg_bram_0                      | BLOCKRAM.BRAM.RAMB18E2 |
    | grp_FIR_filter_fu_47/H_filter_FIR_U/add_ln26_117_reg_9357[25]_i_215     | CLB.LUT.LUT2           |
    | grp_FIR_filter_fu_47/H_filter_FIR_U/add_ln26_117_reg_9357_reg[25]_i_139 | CLB.CARRY.CARRY8       |
    | grp_FIR_filter_fu_47/H_filter_FIR_U/add_ln26_117_reg_9357[23]_i_71      | CLB.LUT.LUT5           |
    | grp_FIR_filter_fu_47/H_filter_FIR_U/add_ln26_117_reg_9357[23]_i_79      | CLB.LUT.LUT6           |
    | grp_FIR_filter_fu_47/H_filter_FIR_U/add_ln26_117_reg_9357_reg[23]_i_53  | CLB.CARRY.CARRY8       |
    | grp_FIR_filter_fu_47/H_filter_FIR_U/add_ln26_117_reg_9357_reg[25]_i_58  | CLB.CARRY.CARRY8       |
    | grp_FIR_filter_fu_47/H_filter_FIR_U/add_ln26_117_reg_9357[25]_i_65      | CLB.LUT.LUT3           |
    | grp_FIR_filter_fu_47/H_filter_FIR_U/add_ln26_117_reg_9357_reg[25]_i_47  | CLB.CARRY.CARRY8       |
    | grp_FIR_filter_fu_47/H_filter_FIR_U/add_ln26_117_reg_9357[25]_i_35      | CLB.LUT.LUT3           |
    | grp_FIR_filter_fu_47/H_filter_FIR_U/add_ln26_117_reg_9357_reg[25]_i_22  | CLB.CARRY.CARRY8       |
    | grp_FIR_filter_fu_47/H_filter_FIR_U/add_ln26_117_reg_9357[23]_i_28      | CLB.LUT.LUT3           |
    | grp_FIR_filter_fu_47/H_filter_FIR_U/add_ln26_117_reg_9357[23]_i_12      | CLB.LUT.LUT5           |
    | grp_FIR_filter_fu_47/H_filter_FIR_U/add_ln26_117_reg_9357[23]_i_20      | CLB.LUT.LUT6           |
    | grp_FIR_filter_fu_47/H_filter_FIR_U/add_ln26_117_reg_9357_reg[23]_i_2   | CLB.CARRY.CARRY8       |
    | grp_FIR_filter_fu_47/H_filter_FIR_U/add_ln26_117_reg_9357_reg[25]_i_3   | CLB.CARRY.CARRY8       |
    | grp_FIR_filter_fu_47/add_ln26_117_reg_9357[25]_i_8                      | CLB.LUT.LUT2           |
    | grp_FIR_filter_fu_47/add_ln26_117_reg_9357_reg[25]_i_1                  | CLB.CARRY.CARRY8       |
    | grp_FIR_filter_fu_47/add_ln26_117_reg_9357_reg[27]                      | REGISTER.SDR.FDRE      |
    | grp_FIR_filter_fu_47/H_filter_FIR_U/ram_reg_bram_0                      | BLOCKRAM.BRAM.RAMB18E2 |
    | grp_FIR_filter_fu_47/H_filter_FIR_U/add_ln26_117_reg_9357[25]_i_215     | CLB.LUT.LUT2           |
    | grp_FIR_filter_fu_47/H_filter_FIR_U/add_ln26_117_reg_9357_reg[25]_i_139 | CLB.CARRY.CARRY8       |
    | grp_FIR_filter_fu_47/H_filter_FIR_U/add_ln26_117_reg_9357[23]_i_71      | CLB.LUT.LUT5           |
    | grp_FIR_filter_fu_47/H_filter_FIR_U/add_ln26_117_reg_9357[23]_i_79      | CLB.LUT.LUT6           |
    | grp_FIR_filter_fu_47/H_filter_FIR_U/add_ln26_117_reg_9357_reg[23]_i_53  | CLB.CARRY.CARRY8       |
    | grp_FIR_filter_fu_47/H_filter_FIR_U/add_ln26_117_reg_9357_reg[25]_i_58  | CLB.CARRY.CARRY8       |
    | grp_FIR_filter_fu_47/H_filter_FIR_U/add_ln26_117_reg_9357[25]_i_65      | CLB.LUT.LUT3           |
    | grp_FIR_filter_fu_47/H_filter_FIR_U/add_ln26_117_reg_9357_reg[25]_i_47  | CLB.CARRY.CARRY8       |
    | grp_FIR_filter_fu_47/H_filter_FIR_U/add_ln26_117_reg_9357[25]_i_35      | CLB.LUT.LUT3           |
    | grp_FIR_filter_fu_47/H_filter_FIR_U/add_ln26_117_reg_9357_reg[25]_i_22  | CLB.CARRY.CARRY8       |
    | grp_FIR_filter_fu_47/H_filter_FIR_U/add_ln26_117_reg_9357[23]_i_28      | CLB.LUT.LUT3           |
    | grp_FIR_filter_fu_47/H_filter_FIR_U/add_ln26_117_reg_9357[23]_i_12      | CLB.LUT.LUT5           |
    | grp_FIR_filter_fu_47/H_filter_FIR_U/add_ln26_117_reg_9357[23]_i_20      | CLB.LUT.LUT6           |
    | grp_FIR_filter_fu_47/H_filter_FIR_U/add_ln26_117_reg_9357_reg[23]_i_2   | CLB.CARRY.CARRY8       |
    | grp_FIR_filter_fu_47/H_filter_FIR_U/add_ln26_117_reg_9357_reg[25]_i_3   | CLB.CARRY.CARRY8       |
    | grp_FIR_filter_fu_47/add_ln26_117_reg_9357[25]_i_8                      | CLB.LUT.LUT2           |
    | grp_FIR_filter_fu_47/add_ln26_117_reg_9357_reg[25]_i_1                  | CLB.CARRY.CARRY8       |
    | grp_FIR_filter_fu_47/add_ln26_117_reg_9357_reg[26]                      | REGISTER.SDR.FDRE      |
    +-------------------------------------------------------------------------+------------------------+

    +-------------------------------------------------------------------------+------------------------+
    | Path5 Cells                                                             | Primitive Type         |
    +-------------------------------------------------------------------------+------------------------+
    | grp_FIR_filter_fu_47/H_filter_FIR_U/ram_reg_bram_0                      | BLOCKRAM.BRAM.RAMB18E2 |
    | grp_FIR_filter_fu_47/H_filter_FIR_U/add_ln26_117_reg_9357[25]_i_215     | CLB.LUT.LUT2           |
    | grp_FIR_filter_fu_47/H_filter_FIR_U/add_ln26_117_reg_9357_reg[25]_i_139 | CLB.CARRY.CARRY8       |
    | grp_FIR_filter_fu_47/H_filter_FIR_U/add_ln26_117_reg_9357[23]_i_71      | CLB.LUT.LUT5           |
    | grp_FIR_filter_fu_47/H_filter_FIR_U/add_ln26_117_reg_9357[23]_i_79      | CLB.LUT.LUT6           |
    | grp_FIR_filter_fu_47/H_filter_FIR_U/add_ln26_117_reg_9357_reg[23]_i_53  | CLB.CARRY.CARRY8       |
    | grp_FIR_filter_fu_47/H_filter_FIR_U/add_ln26_117_reg_9357_reg[25]_i_58  | CLB.CARRY.CARRY8       |
    | grp_FIR_filter_fu_47/H_filter_FIR_U/add_ln26_117_reg_9357[25]_i_65      | CLB.LUT.LUT3           |
    | grp_FIR_filter_fu_47/H_filter_FIR_U/add_ln26_117_reg_9357_reg[25]_i_47  | CLB.CARRY.CARRY8       |
    | grp_FIR_filter_fu_47/H_filter_FIR_U/add_ln26_117_reg_9357[25]_i_35      | CLB.LUT.LUT3           |
    | grp_FIR_filter_fu_47/H_filter_FIR_U/add_ln26_117_reg_9357_reg[25]_i_22  | CLB.CARRY.CARRY8       |
    | grp_FIR_filter_fu_47/H_filter_FIR_U/add_ln26_117_reg_9357[23]_i_28      | CLB.LUT.LUT3           |
    | grp_FIR_filter_fu_47/H_filter_FIR_U/add_ln26_117_reg_9357[23]_i_12      | CLB.LUT.LUT5           |
    | grp_FIR_filter_fu_47/H_filter_FIR_U/add_ln26_117_reg_9357[23]_i_20      | CLB.LUT.LUT6           |
    | grp_FIR_filter_fu_47/H_filter_FIR_U/add_ln26_117_reg_9357_reg[23]_i_2   | CLB.CARRY.CARRY8       |
    | grp_FIR_filter_fu_47/H_filter_FIR_U/add_ln26_117_reg_9357_reg[25]_i_3   | CLB.CARRY.CARRY8       |
    | grp_FIR_filter_fu_47/add_ln26_117_reg_9357[25]_i_8                      | CLB.LUT.LUT2           |
    | grp_FIR_filter_fu_47/add_ln26_117_reg_9357_reg[25]_i_1                  | CLB.CARRY.CARRY8       |
    | grp_FIR_filter_fu_47/add_ln26_117_reg_9357_reg[29]                      | REGISTER.SDR.FDRE      |
    | grp_FIR_filter_fu_47/H_filter_FIR_U/ram_reg_bram_0                      | BLOCKRAM.BRAM.RAMB18E2 |
    | grp_FIR_filter_fu_47/H_filter_FIR_U/add_ln26_117_reg_9357[25]_i_215     | CLB.LUT.LUT2           |
    | grp_FIR_filter_fu_47/H_filter_FIR_U/add_ln26_117_reg_9357_reg[25]_i_139 | CLB.CARRY.CARRY8       |
    | grp_FIR_filter_fu_47/H_filter_FIR_U/add_ln26_117_reg_9357[23]_i_71      | CLB.LUT.LUT5           |
    | grp_FIR_filter_fu_47/H_filter_FIR_U/add_ln26_117_reg_9357[23]_i_79      | CLB.LUT.LUT6           |
    | grp_FIR_filter_fu_47/H_filter_FIR_U/add_ln26_117_reg_9357_reg[23]_i_53  | CLB.CARRY.CARRY8       |
    | grp_FIR_filter_fu_47/H_filter_FIR_U/add_ln26_117_reg_9357_reg[25]_i_58  | CLB.CARRY.CARRY8       |
    | grp_FIR_filter_fu_47/H_filter_FIR_U/add_ln26_117_reg_9357[25]_i_65      | CLB.LUT.LUT3           |
    | grp_FIR_filter_fu_47/H_filter_FIR_U/add_ln26_117_reg_9357_reg[25]_i_47  | CLB.CARRY.CARRY8       |
    | grp_FIR_filter_fu_47/H_filter_FIR_U/add_ln26_117_reg_9357[25]_i_35      | CLB.LUT.LUT3           |
    | grp_FIR_filter_fu_47/H_filter_FIR_U/add_ln26_117_reg_9357_reg[25]_i_22  | CLB.CARRY.CARRY8       |
    | grp_FIR_filter_fu_47/H_filter_FIR_U/add_ln26_117_reg_9357[23]_i_28      | CLB.LUT.LUT3           |
    | grp_FIR_filter_fu_47/H_filter_FIR_U/add_ln26_117_reg_9357[23]_i_12      | CLB.LUT.LUT5           |
    | grp_FIR_filter_fu_47/H_filter_FIR_U/add_ln26_117_reg_9357[23]_i_20      | CLB.LUT.LUT6           |
    | grp_FIR_filter_fu_47/H_filter_FIR_U/add_ln26_117_reg_9357_reg[23]_i_2   | CLB.CARRY.CARRY8       |
    | grp_FIR_filter_fu_47/H_filter_FIR_U/add_ln26_117_reg_9357_reg[25]_i_3   | CLB.CARRY.CARRY8       |
    | grp_FIR_filter_fu_47/add_ln26_117_reg_9357[25]_i_8                      | CLB.LUT.LUT2           |
    | grp_FIR_filter_fu_47/add_ln26_117_reg_9357_reg[25]_i_1                  | CLB.CARRY.CARRY8       |
    | grp_FIR_filter_fu_47/add_ln26_117_reg_9357_reg[30]                      | REGISTER.SDR.FDRE      |
    | grp_FIR_filter_fu_47/H_filter_FIR_U/ram_reg_bram_0                      | BLOCKRAM.BRAM.RAMB18E2 |
    | grp_FIR_filter_fu_47/H_filter_FIR_U/add_ln26_117_reg_9357[25]_i_215     | CLB.LUT.LUT2           |
    | grp_FIR_filter_fu_47/H_filter_FIR_U/add_ln26_117_reg_9357_reg[25]_i_139 | CLB.CARRY.CARRY8       |
    | grp_FIR_filter_fu_47/H_filter_FIR_U/add_ln26_117_reg_9357[23]_i_71      | CLB.LUT.LUT5           |
    | grp_FIR_filter_fu_47/H_filter_FIR_U/add_ln26_117_reg_9357[23]_i_79      | CLB.LUT.LUT6           |
    | grp_FIR_filter_fu_47/H_filter_FIR_U/add_ln26_117_reg_9357_reg[23]_i_53  | CLB.CARRY.CARRY8       |
    | grp_FIR_filter_fu_47/H_filter_FIR_U/add_ln26_117_reg_9357_reg[25]_i_58  | CLB.CARRY.CARRY8       |
    | grp_FIR_filter_fu_47/H_filter_FIR_U/add_ln26_117_reg_9357[25]_i_65      | CLB.LUT.LUT3           |
    | grp_FIR_filter_fu_47/H_filter_FIR_U/add_ln26_117_reg_9357_reg[25]_i_47  | CLB.CARRY.CARRY8       |
    | grp_FIR_filter_fu_47/H_filter_FIR_U/add_ln26_117_reg_9357[25]_i_35      | CLB.LUT.LUT3           |
    | grp_FIR_filter_fu_47/H_filter_FIR_U/add_ln26_117_reg_9357_reg[25]_i_22  | CLB.CARRY.CARRY8       |
    | grp_FIR_filter_fu_47/H_filter_FIR_U/add_ln26_117_reg_9357[23]_i_28      | CLB.LUT.LUT3           |
    | grp_FIR_filter_fu_47/H_filter_FIR_U/add_ln26_117_reg_9357[23]_i_12      | CLB.LUT.LUT5           |
    | grp_FIR_filter_fu_47/H_filter_FIR_U/add_ln26_117_reg_9357[23]_i_20      | CLB.LUT.LUT6           |
    | grp_FIR_filter_fu_47/H_filter_FIR_U/add_ln26_117_reg_9357_reg[23]_i_2   | CLB.CARRY.CARRY8       |
    | grp_FIR_filter_fu_47/H_filter_FIR_U/add_ln26_117_reg_9357_reg[25]_i_3   | CLB.CARRY.CARRY8       |
    | grp_FIR_filter_fu_47/add_ln26_117_reg_9357[25]_i_8                      | CLB.LUT.LUT2           |
    | grp_FIR_filter_fu_47/add_ln26_117_reg_9357_reg[25]_i_1                  | CLB.CARRY.CARRY8       |
    | grp_FIR_filter_fu_47/add_ln26_117_reg_9357_reg[28]                      | REGISTER.SDR.FDRE      |
    | grp_FIR_filter_fu_47/H_filter_FIR_U/ram_reg_bram_0                      | BLOCKRAM.BRAM.RAMB18E2 |
    | grp_FIR_filter_fu_47/H_filter_FIR_U/add_ln26_117_reg_9357[25]_i_215     | CLB.LUT.LUT2           |
    | grp_FIR_filter_fu_47/H_filter_FIR_U/add_ln26_117_reg_9357_reg[25]_i_139 | CLB.CARRY.CARRY8       |
    | grp_FIR_filter_fu_47/H_filter_FIR_U/add_ln26_117_reg_9357[23]_i_71      | CLB.LUT.LUT5           |
    | grp_FIR_filter_fu_47/H_filter_FIR_U/add_ln26_117_reg_9357[23]_i_79      | CLB.LUT.LUT6           |
    | grp_FIR_filter_fu_47/H_filter_FIR_U/add_ln26_117_reg_9357_reg[23]_i_53  | CLB.CARRY.CARRY8       |
    | grp_FIR_filter_fu_47/H_filter_FIR_U/add_ln26_117_reg_9357_reg[25]_i_58  | CLB.CARRY.CARRY8       |
    | grp_FIR_filter_fu_47/H_filter_FIR_U/add_ln26_117_reg_9357[25]_i_65      | CLB.LUT.LUT3           |
    | grp_FIR_filter_fu_47/H_filter_FIR_U/add_ln26_117_reg_9357_reg[25]_i_47  | CLB.CARRY.CARRY8       |
    | grp_FIR_filter_fu_47/H_filter_FIR_U/add_ln26_117_reg_9357[25]_i_35      | CLB.LUT.LUT3           |
    | grp_FIR_filter_fu_47/H_filter_FIR_U/add_ln26_117_reg_9357_reg[25]_i_22  | CLB.CARRY.CARRY8       |
    | grp_FIR_filter_fu_47/H_filter_FIR_U/add_ln26_117_reg_9357[23]_i_28      | CLB.LUT.LUT3           |
    | grp_FIR_filter_fu_47/H_filter_FIR_U/add_ln26_117_reg_9357[23]_i_12      | CLB.LUT.LUT5           |
    | grp_FIR_filter_fu_47/H_filter_FIR_U/add_ln26_117_reg_9357[23]_i_20      | CLB.LUT.LUT6           |
    | grp_FIR_filter_fu_47/H_filter_FIR_U/add_ln26_117_reg_9357_reg[23]_i_2   | CLB.CARRY.CARRY8       |
    | grp_FIR_filter_fu_47/H_filter_FIR_U/add_ln26_117_reg_9357_reg[25]_i_3   | CLB.CARRY.CARRY8       |
    | grp_FIR_filter_fu_47/add_ln26_117_reg_9357[25]_i_8                      | CLB.LUT.LUT2           |
    | grp_FIR_filter_fu_47/add_ln26_117_reg_9357_reg[25]_i_1                  | CLB.CARRY.CARRY8       |
    | grp_FIR_filter_fu_47/add_ln26_117_reg_9357_reg[27]                      | REGISTER.SDR.FDRE      |
    | grp_FIR_filter_fu_47/H_filter_FIR_U/ram_reg_bram_0                      | BLOCKRAM.BRAM.RAMB18E2 |
    | grp_FIR_filter_fu_47/H_filter_FIR_U/add_ln26_117_reg_9357[25]_i_215     | CLB.LUT.LUT2           |
    | grp_FIR_filter_fu_47/H_filter_FIR_U/add_ln26_117_reg_9357_reg[25]_i_139 | CLB.CARRY.CARRY8       |
    | grp_FIR_filter_fu_47/H_filter_FIR_U/add_ln26_117_reg_9357[23]_i_71      | CLB.LUT.LUT5           |
    | grp_FIR_filter_fu_47/H_filter_FIR_U/add_ln26_117_reg_9357[23]_i_79      | CLB.LUT.LUT6           |
    | grp_FIR_filter_fu_47/H_filter_FIR_U/add_ln26_117_reg_9357_reg[23]_i_53  | CLB.CARRY.CARRY8       |
    | grp_FIR_filter_fu_47/H_filter_FIR_U/add_ln26_117_reg_9357_reg[25]_i_58  | CLB.CARRY.CARRY8       |
    | grp_FIR_filter_fu_47/H_filter_FIR_U/add_ln26_117_reg_9357[25]_i_65      | CLB.LUT.LUT3           |
    | grp_FIR_filter_fu_47/H_filter_FIR_U/add_ln26_117_reg_9357_reg[25]_i_47  | CLB.CARRY.CARRY8       |
    | grp_FIR_filter_fu_47/H_filter_FIR_U/add_ln26_117_reg_9357[25]_i_35      | CLB.LUT.LUT3           |
    | grp_FIR_filter_fu_47/H_filter_FIR_U/add_ln26_117_reg_9357_reg[25]_i_22  | CLB.CARRY.CARRY8       |
    | grp_FIR_filter_fu_47/H_filter_FIR_U/add_ln26_117_reg_9357[23]_i_28      | CLB.LUT.LUT3           |
    | grp_FIR_filter_fu_47/H_filter_FIR_U/add_ln26_117_reg_9357[23]_i_12      | CLB.LUT.LUT5           |
    | grp_FIR_filter_fu_47/H_filter_FIR_U/add_ln26_117_reg_9357[23]_i_20      | CLB.LUT.LUT6           |
    | grp_FIR_filter_fu_47/H_filter_FIR_U/add_ln26_117_reg_9357_reg[23]_i_2   | CLB.CARRY.CARRY8       |
    | grp_FIR_filter_fu_47/H_filter_FIR_U/add_ln26_117_reg_9357_reg[25]_i_3   | CLB.CARRY.CARRY8       |
    | grp_FIR_filter_fu_47/add_ln26_117_reg_9357[25]_i_8                      | CLB.LUT.LUT2           |
    | grp_FIR_filter_fu_47/add_ln26_117_reg_9357_reg[25]_i_1                  | CLB.CARRY.CARRY8       |
    | grp_FIR_filter_fu_47/add_ln26_117_reg_9357_reg[26]                      | REGISTER.SDR.FDRE      |
    +-------------------------------------------------------------------------+------------------------+


================================================================
== Place & Route Vivado Reports
================================================================
+--------------------------+-----------------------------------------------------------------+
| Report Type              | Report Location                                                 |
+--------------------------+-----------------------------------------------------------------+
| design_analysis          | impl/verilog/report/FIR_HLS_design_analysis_routed.rpt          |
| failfast                 | impl/verilog/report/FIR_HLS_failfast_routed.rpt                 |
| power                    | impl/verilog/report/FIR_HLS_power_routed.rpt                    |
| status                   | impl/verilog/report/FIR_HLS_status_routed.rpt                   |
| timing                   | impl/verilog/report/FIR_HLS_timing_routed.rpt                   |
| timing_paths             | impl/verilog/report/FIR_HLS_timing_paths_routed.rpt             |
| utilization              | impl/verilog/report/FIR_HLS_utilization_routed.rpt              |
| utilization_hierarchical | impl/verilog/report/FIR_HLS_utilization_hierarchical_routed.rpt |
+--------------------------+-----------------------------------------------------------------+


