Copyright 1986-2022 Xilinx, Inc. All Rights Reserved. Copyright 2022-2024 Advanced Micro Devices, Inc. All Rights Reserved.
--------------------------------------------------------------------------------------------------------------------------------------------------
| Tool Version      : Vivado v.2024.2 (win64) Build 5239630 Fri Nov 08 22:35:27 MST 2024
| Date              : Tue Nov 11 00:44:52 2025
| Host              : DESKTOP-92OKADH running 64-bit major release  (build 9200)
| Command           : report_timing -max_paths 10 -file ./report/FIR_HLS_timing_paths_synth.rpt
| Design            : bd_0_wrapper
| Device            : xck26-sfvc784
| Speed File        : -2LV  PRODUCTION 1.30 05-15-2022
| Design State      : Synthesized
| Temperature Grade : C
--------------------------------------------------------------------------------------------------------------------------------------------------

Timing Report

Slack (MET) :             3.592ns  (required time - arrival time)
  Source:                 bd_0_i/hls_inst/inst/grp_FIR_filter_fu_47/H_filter_FIR_U/ram_reg_bram_0/CLKARDCLK
                            (rising edge-triggered cell RAMB18E2 clocked by ap_clk  {rise@0.000ns fall@5.000ns period=10.000ns})
  Destination:            bd_0_i/hls_inst/inst/grp_FIR_filter_fu_47/add_ln26_117_reg_9357_reg[29]/D
                            (rising edge-triggered cell FDRE clocked by ap_clk  {rise@0.000ns fall@5.000ns period=10.000ns})
  Path Group:             ap_clk
  Path Type:              Setup (Max at Slow Process Corner)
  Requirement:            10.000ns  (ap_clk rise@10.000ns - ap_clk rise@0.000ns)
  Data Path Delay:        6.339ns  (logic 3.730ns (58.842%)  route 2.609ns (41.158%))
  Logic Levels:           17  (CARRY8=8 LUT2=2 LUT3=3 LUT5=2 LUT6=2)
  Clock Path Skew:        -0.077ns (DCD - SCD + CPR)
    Destination Clock Delay (DCD):    0.030ns = ( 10.030 - 10.000 ) 
    Source Clock Delay      (SCD):    0.107ns
    Clock Pessimism Removal (CPR):    0.000ns
  Clock Uncertainty:      0.035ns  ((TSJ^2 + TIJ^2)^1/2 + DJ) / 2 + PE
    Total System Jitter     (TSJ):    0.071ns
    Total Input Jitter      (TIJ):    0.000ns
    Discrete Jitter          (DJ):    0.000ns
    Phase Error              (PE):    0.000ns

    Location             Delay type                Incr(ns)  Path(ns)    Netlist Resource(s)
  -------------------------------------------------------------------    -------------------
                         (clock ap_clk rise edge)     0.000     0.000 r  
                                                      0.000     0.000 r  ap_clk (IN)
                         net (fo=6150, unset)         0.107     0.107    bd_0_i/hls_inst/inst/grp_FIR_filter_fu_47/H_filter_FIR_U/ap_clk
                         RAMB18E2                                     r  bd_0_i/hls_inst/inst/grp_FIR_filter_fu_47/H_filter_FIR_U/ram_reg_bram_0/CLKARDCLK
  -------------------------------------------------------------------    -------------------
                         RAMB18E2 (Prop_RAMB18E2_CLKARDCLK_DOUTADOUT[3])
                                                      1.317     1.424 r  bd_0_i/hls_inst/inst/grp_FIR_filter_fu_47/H_filter_FIR_U/ram_reg_bram_0/DOUTADOUT[3]
                         net (fo=219, unplaced)       0.383     1.807    bd_0_i/hls_inst/inst/grp_FIR_filter_fu_47/H_filter_FIR_U/A[3]
                         LUT2 (Prop_LUT2_I1_O)        0.056     1.863 r  bd_0_i/hls_inst/inst/grp_FIR_filter_fu_47/H_filter_FIR_U/add_ln26_117_reg_9357[25]_i_212/O
                         net (fo=1, unplaced)         0.040     1.903    bd_0_i/hls_inst/inst/grp_FIR_filter_fu_47/H_filter_FIR_U/add_ln26_117_reg_9357[25]_i_212_n_0
                         CARRY8 (Prop_CARRY8_S[3]_O[4])
                                                      0.215     2.118 r  bd_0_i/hls_inst/inst/grp_FIR_filter_fu_47/H_filter_FIR_U/add_ln26_117_reg_9357_reg[25]_i_139/O[4]
                         net (fo=2, unplaced)         0.212     2.330    bd_0_i/hls_inst/inst/grp_FIR_filter_fu_47/H_filter_FIR_U/tmp1_cast_fu_7018_p1[4]
                         LUT5 (Prop_LUT5_I0_O)        0.137     2.467 r  bd_0_i/hls_inst/inst/grp_FIR_filter_fu_47/H_filter_FIR_U/add_ln26_117_reg_9357[23]_i_71/O
                         net (fo=2, unplaced)         0.211     2.678    bd_0_i/hls_inst/inst/grp_FIR_filter_fu_47/H_filter_FIR_U/add_ln26_117_reg_9357[23]_i_71_n_0
                         LUT6 (Prop_LUT6_I0_O)        0.056     2.734 r  bd_0_i/hls_inst/inst/grp_FIR_filter_fu_47/H_filter_FIR_U/add_ln26_117_reg_9357[23]_i_79/O
                         net (fo=1, unplaced)         0.037     2.771    bd_0_i/hls_inst/inst/grp_FIR_filter_fu_47/H_filter_FIR_U/add_ln26_117_reg_9357[23]_i_79_n_0
                         CARRY8 (Prop_CARRY8_S[5]_CO[7])
                                                      0.246     3.017 r  bd_0_i/hls_inst/inst/grp_FIR_filter_fu_47/H_filter_FIR_U/add_ln26_117_reg_9357_reg[23]_i_53/CO[7]
                         net (fo=1, unplaced)         0.006     3.023    bd_0_i/hls_inst/inst/grp_FIR_filter_fu_47/H_filter_FIR_U/add_ln26_117_reg_9357_reg[23]_i_53_n_0
                         CARRY8 (Prop_CARRY8_CI_O[1])
                                                      0.106     3.129 r  bd_0_i/hls_inst/inst/grp_FIR_filter_fu_47/H_filter_FIR_U/add_ln26_117_reg_9357_reg[25]_i_58/O[1]
                         net (fo=6, unplaced)         0.168     3.297    bd_0_i/hls_inst/inst/grp_FIR_filter_fu_47/H_filter_FIR_U/tmp15_fu_7022_p2[9]
                         LUT3 (Prop_LUT3_I2_O)        0.082     3.379 r  bd_0_i/hls_inst/inst/grp_FIR_filter_fu_47/H_filter_FIR_U/add_ln26_117_reg_9357[25]_i_65/O
                         net (fo=1, unplaced)         0.211     3.590    bd_0_i/hls_inst/inst/grp_FIR_filter_fu_47/H_filter_FIR_U/add_ln26_117_reg_9357[25]_i_65_n_0
                         CARRY8 (Prop_CARRY8_DI[2]_O[5])
                                                      0.284     3.874 r  bd_0_i/hls_inst/inst/grp_FIR_filter_fu_47/H_filter_FIR_U/add_ln26_117_reg_9357_reg[25]_i_47/O[5]
                         net (fo=6, unplaced)         0.177     4.051    bd_0_i/hls_inst/inst/grp_FIR_filter_fu_47/H_filter_FIR_U/add_ln26_117_reg_9357_reg[25]_i_47_n_10
                         LUT3 (Prop_LUT3_I0_O)        0.082     4.133 r  bd_0_i/hls_inst/inst/grp_FIR_filter_fu_47/H_filter_FIR_U/add_ln26_117_reg_9357[25]_i_35/O
                         net (fo=1, unplaced)         0.212     4.345    bd_0_i/hls_inst/inst/grp_FIR_filter_fu_47/H_filter_FIR_U/add_ln26_117_reg_9357[25]_i_35_n_0
                         CARRY8 (Prop_CARRY8_DI[3]_O[4])
                                                      0.235     4.580 r  bd_0_i/hls_inst/inst/grp_FIR_filter_fu_47/H_filter_FIR_U/add_ln26_117_reg_9357_reg[25]_i_22/O[4]
                         net (fo=3, unplaced)         0.215     4.795    bd_0_i/hls_inst/inst/grp_FIR_filter_fu_47/H_filter_FIR_U/sext_ln26_86_fu_7159_p1[20]
                         LUT3 (Prop_LUT3_I2_O)        0.058     4.853 r  bd_0_i/hls_inst/inst/grp_FIR_filter_fu_47/H_filter_FIR_U/add_ln26_117_reg_9357[23]_i_29/O
                         net (fo=2, unplaced)         0.211     5.064    bd_0_i/hls_inst/inst/grp_FIR_filter_fu_47/H_filter_FIR_U/add_ln26_117_reg_9357[23]_i_29_n_0
                         LUT5 (Prop_LUT5_I4_O)        0.058     5.122 r  bd_0_i/hls_inst/inst/grp_FIR_filter_fu_47/H_filter_FIR_U/add_ln26_117_reg_9357[23]_i_13/O
                         net (fo=2, unplaced)         0.211     5.333    bd_0_i/hls_inst/inst/grp_FIR_filter_fu_47/H_filter_FIR_U/add_ln26_117_reg_9357[23]_i_13_n_0
                         LUT6 (Prop_LUT6_I0_O)        0.056     5.389 r  bd_0_i/hls_inst/inst/grp_FIR_filter_fu_47/H_filter_FIR_U/add_ln26_117_reg_9357[23]_i_21/O
                         net (fo=1, unplaced)         0.037     5.426    bd_0_i/hls_inst/inst/grp_FIR_filter_fu_47/H_filter_FIR_U/add_ln26_117_reg_9357[23]_i_21_n_0
                         CARRY8 (Prop_CARRY8_S[5]_CO[7])
                                                      0.246     5.672 r  bd_0_i/hls_inst/inst/grp_FIR_filter_fu_47/H_filter_FIR_U/add_ln26_117_reg_9357_reg[23]_i_2/CO[7]
                         net (fo=1, unplaced)         0.006     5.678    bd_0_i/hls_inst/inst/grp_FIR_filter_fu_47/H_filter_FIR_U/add_ln26_117_reg_9357_reg[23]_i_2_n_0
                         CARRY8 (Prop_CARRY8_CI_O[1])
                                                      0.106     5.784 r  bd_0_i/hls_inst/inst/grp_FIR_filter_fu_47/H_filter_FIR_U/add_ln26_117_reg_9357_reg[25]_i_3/O[1]
                         net (fo=2, unplaced)         0.209     5.993    bd_0_i/hls_inst/inst/grp_FIR_filter_fu_47/sext_ln26_97_fu_7184_p1[25]
                         LUT2 (Prop_LUT2_I0_O)        0.057     6.050 r  bd_0_i/hls_inst/inst/grp_FIR_filter_fu_47/add_ln26_117_reg_9357[25]_i_8/O
                         net (fo=1, unplaced)         0.030     6.080    bd_0_i/hls_inst/inst/grp_FIR_filter_fu_47/add_ln26_117_reg_9357[25]_i_8_n_0
                         CARRY8 (Prop_CARRY8_S[1]_O[5])
                                                      0.333     6.413 r  bd_0_i/hls_inst/inst/grp_FIR_filter_fu_47/add_ln26_117_reg_9357_reg[25]_i_1/O[5]
                         net (fo=1, unplaced)         0.033     6.446    bd_0_i/hls_inst/inst/grp_FIR_filter_fu_47/add_ln26_117_fu_7188_p2__0[29]
                         FDRE                                         r  bd_0_i/hls_inst/inst/grp_FIR_filter_fu_47/add_ln26_117_reg_9357_reg[29]/D
  -------------------------------------------------------------------    -------------------

                         (clock ap_clk rise edge)    10.000    10.000 r  
                                                      0.000    10.000 r  ap_clk (IN)
                         net (fo=6150, unset)         0.030    10.030    bd_0_i/hls_inst/inst/grp_FIR_filter_fu_47/ap_clk
                         FDRE                                         r  bd_0_i/hls_inst/inst/grp_FIR_filter_fu_47/add_ln26_117_reg_9357_reg[29]/C
                         clock pessimism              0.000    10.030    
                         clock uncertainty           -0.035     9.995    
                         FDRE (Setup_FDRE_C_D)        0.043    10.038    bd_0_i/hls_inst/inst/grp_FIR_filter_fu_47/add_ln26_117_reg_9357_reg[29]
  -------------------------------------------------------------------
                         required time                         10.038    
                         arrival time                          -6.446    
  -------------------------------------------------------------------
                         slack                                  3.592    

Slack (MET) :             3.611ns  (required time - arrival time)
  Source:                 bd_0_i/hls_inst/inst/grp_FIR_filter_fu_47/H_filter_FIR_U/ram_reg_bram_0/CLKARDCLK
                            (rising edge-triggered cell RAMB18E2 clocked by ap_clk  {rise@0.000ns fall@5.000ns period=10.000ns})
  Destination:            bd_0_i/hls_inst/inst/grp_FIR_filter_fu_47/add_ln26_117_reg_9357_reg[30]/D
                            (rising edge-triggered cell FDRE clocked by ap_clk  {rise@0.000ns fall@5.000ns period=10.000ns})
  Path Group:             ap_clk
  Path Type:              Setup (Max at Slow Process Corner)
  Requirement:            10.000ns  (ap_clk rise@10.000ns - ap_clk rise@0.000ns)
  Data Path Delay:        6.320ns  (logic 3.710ns (58.703%)  route 2.610ns (41.297%))
  Logic Levels:           17  (CARRY8=8 LUT2=2 LUT3=3 LUT5=2 LUT6=2)
  Clock Path Skew:        -0.077ns (DCD - SCD + CPR)
    Destination Clock Delay (DCD):    0.030ns = ( 10.030 - 10.000 ) 
    Source Clock Delay      (SCD):    0.107ns
    Clock Pessimism Removal (CPR):    0.000ns
  Clock Uncertainty:      0.035ns  ((TSJ^2 + TIJ^2)^1/2 + DJ) / 2 + PE
    Total System Jitter     (TSJ):    0.071ns
    Total Input Jitter      (TIJ):    0.000ns
    Discrete Jitter          (DJ):    0.000ns
    Phase Error              (PE):    0.000ns

    Location             Delay type                Incr(ns)  Path(ns)    Netlist Resource(s)
  -------------------------------------------------------------------    -------------------
                         (clock ap_clk rise edge)     0.000     0.000 r  
                                                      0.000     0.000 r  ap_clk (IN)
                         net (fo=6150, unset)         0.107     0.107    bd_0_i/hls_inst/inst/grp_FIR_filter_fu_47/H_filter_FIR_U/ap_clk
                         RAMB18E2                                     r  bd_0_i/hls_inst/inst/grp_FIR_filter_fu_47/H_filter_FIR_U/ram_reg_bram_0/CLKARDCLK
  -------------------------------------------------------------------    -------------------
                         RAMB18E2 (Prop_RAMB18E2_CLKARDCLK_DOUTADOUT[3])
                                                      1.317     1.424 r  bd_0_i/hls_inst/inst/grp_FIR_filter_fu_47/H_filter_FIR_U/ram_reg_bram_0/DOUTADOUT[3]
                         net (fo=219, unplaced)       0.383     1.807    bd_0_i/hls_inst/inst/grp_FIR_filter_fu_47/H_filter_FIR_U/A[3]
                         LUT2 (Prop_LUT2_I1_O)        0.056     1.863 r  bd_0_i/hls_inst/inst/grp_FIR_filter_fu_47/H_filter_FIR_U/add_ln26_117_reg_9357[25]_i_212/O
                         net (fo=1, unplaced)         0.040     1.903    bd_0_i/hls_inst/inst/grp_FIR_filter_fu_47/H_filter_FIR_U/add_ln26_117_reg_9357[25]_i_212_n_0
                         CARRY8 (Prop_CARRY8_S[3]_O[4])
                                                      0.215     2.118 r  bd_0_i/hls_inst/inst/grp_FIR_filter_fu_47/H_filter_FIR_U/add_ln26_117_reg_9357_reg[25]_i_139/O[4]
                         net (fo=2, unplaced)         0.212     2.330    bd_0_i/hls_inst/inst/grp_FIR_filter_fu_47/H_filter_FIR_U/tmp1_cast_fu_7018_p1[4]
                         LUT5 (Prop_LUT5_I0_O)        0.137     2.467 r  bd_0_i/hls_inst/inst/grp_FIR_filter_fu_47/H_filter_FIR_U/add_ln26_117_reg_9357[23]_i_71/O
                         net (fo=2, unplaced)         0.211     2.678    bd_0_i/hls_inst/inst/grp_FIR_filter_fu_47/H_filter_FIR_U/add_ln26_117_reg_9357[23]_i_71_n_0
                         LUT6 (Prop_LUT6_I0_O)        0.056     2.734 r  bd_0_i/hls_inst/inst/grp_FIR_filter_fu_47/H_filter_FIR_U/add_ln26_117_reg_9357[23]_i_79/O
                         net (fo=1, unplaced)         0.037     2.771    bd_0_i/hls_inst/inst/grp_FIR_filter_fu_47/H_filter_FIR_U/add_ln26_117_reg_9357[23]_i_79_n_0
                         CARRY8 (Prop_CARRY8_S[5]_CO[7])
                                                      0.246     3.017 r  bd_0_i/hls_inst/inst/grp_FIR_filter_fu_47/H_filter_FIR_U/add_ln26_117_reg_9357_reg[23]_i_53/CO[7]
                         net (fo=1, unplaced)         0.006     3.023    bd_0_i/hls_inst/inst/grp_FIR_filter_fu_47/H_filter_FIR_U/add_ln26_117_reg_9357_reg[23]_i_53_n_0
                         CARRY8 (Prop_CARRY8_CI_O[1])
                                                      0.106     3.129 r  bd_0_i/hls_inst/inst/grp_FIR_filter_fu_47/H_filter_FIR_U/add_ln26_117_reg_9357_reg[25]_i_58/O[1]
                         net (fo=6, unplaced)         0.168     3.297    bd_0_i/hls_inst/inst/grp_FIR_filter_fu_47/H_filter_FIR_U/tmp15_fu_7022_p2[9]
                         LUT3 (Prop_LUT3_I2_O)        0.082     3.379 r  bd_0_i/hls_inst/inst/grp_FIR_filter_fu_47/H_filter_FIR_U/add_ln26_117_reg_9357[25]_i_65/O
                         net (fo=1, unplaced)         0.211     3.590    bd_0_i/hls_inst/inst/grp_FIR_filter_fu_47/H_filter_FIR_U/add_ln26_117_reg_9357[25]_i_65_n_0
                         CARRY8 (Prop_CARRY8_DI[2]_O[5])
                                                      0.284     3.874 r  bd_0_i/hls_inst/inst/grp_FIR_filter_fu_47/H_filter_FIR_U/add_ln26_117_reg_9357_reg[25]_i_47/O[5]
                         net (fo=6, unplaced)         0.177     4.051    bd_0_i/hls_inst/inst/grp_FIR_filter_fu_47/H_filter_FIR_U/add_ln26_117_reg_9357_reg[25]_i_47_n_10
                         LUT3 (Prop_LUT3_I0_O)        0.082     4.133 r  bd_0_i/hls_inst/inst/grp_FIR_filter_fu_47/H_filter_FIR_U/add_ln26_117_reg_9357[25]_i_35/O
                         net (fo=1, unplaced)         0.212     4.345    bd_0_i/hls_inst/inst/grp_FIR_filter_fu_47/H_filter_FIR_U/add_ln26_117_reg_9357[25]_i_35_n_0
                         CARRY8 (Prop_CARRY8_DI[3]_O[4])
                                                      0.235     4.580 r  bd_0_i/hls_inst/inst/grp_FIR_filter_fu_47/H_filter_FIR_U/add_ln26_117_reg_9357_reg[25]_i_22/O[4]
                         net (fo=3, unplaced)         0.215     4.795    bd_0_i/hls_inst/inst/grp_FIR_filter_fu_47/H_filter_FIR_U/sext_ln26_86_fu_7159_p1[20]
                         LUT3 (Prop_LUT3_I2_O)        0.058     4.853 r  bd_0_i/hls_inst/inst/grp_FIR_filter_fu_47/H_filter_FIR_U/add_ln26_117_reg_9357[23]_i_29/O
                         net (fo=2, unplaced)         0.211     5.064    bd_0_i/hls_inst/inst/grp_FIR_filter_fu_47/H_filter_FIR_U/add_ln26_117_reg_9357[23]_i_29_n_0
                         LUT5 (Prop_LUT5_I4_O)        0.058     5.122 r  bd_0_i/hls_inst/inst/grp_FIR_filter_fu_47/H_filter_FIR_U/add_ln26_117_reg_9357[23]_i_13/O
                         net (fo=2, unplaced)         0.211     5.333    bd_0_i/hls_inst/inst/grp_FIR_filter_fu_47/H_filter_FIR_U/add_ln26_117_reg_9357[23]_i_13_n_0
                         LUT6 (Prop_LUT6_I0_O)        0.056     5.389 r  bd_0_i/hls_inst/inst/grp_FIR_filter_fu_47/H_filter_FIR_U/add_ln26_117_reg_9357[23]_i_21/O
                         net (fo=1, unplaced)         0.037     5.426    bd_0_i/hls_inst/inst/grp_FIR_filter_fu_47/H_filter_FIR_U/add_ln26_117_reg_9357[23]_i_21_n_0
                         CARRY8 (Prop_CARRY8_S[5]_CO[7])
                                                      0.246     5.672 r  bd_0_i/hls_inst/inst/grp_FIR_filter_fu_47/H_filter_FIR_U/add_ln26_117_reg_9357_reg[23]_i_2/CO[7]
                         net (fo=1, unplaced)         0.006     5.678    bd_0_i/hls_inst/inst/grp_FIR_filter_fu_47/H_filter_FIR_U/add_ln26_117_reg_9357_reg[23]_i_2_n_0
                         CARRY8 (Prop_CARRY8_CI_O[1])
                                                      0.106     5.784 r  bd_0_i/hls_inst/inst/grp_FIR_filter_fu_47/H_filter_FIR_U/add_ln26_117_reg_9357_reg[25]_i_3/O[1]
                         net (fo=2, unplaced)         0.209     5.993    bd_0_i/hls_inst/inst/grp_FIR_filter_fu_47/sext_ln26_97_fu_7184_p1[25]
                         LUT2 (Prop_LUT2_I0_O)        0.057     6.050 r  bd_0_i/hls_inst/inst/grp_FIR_filter_fu_47/add_ln26_117_reg_9357[25]_i_8/O
                         net (fo=1, unplaced)         0.030     6.080    bd_0_i/hls_inst/inst/grp_FIR_filter_fu_47/add_ln26_117_reg_9357[25]_i_8_n_0
                         CARRY8 (Prop_CARRY8_S[1]_O[6])
                                                      0.313     6.393 r  bd_0_i/hls_inst/inst/grp_FIR_filter_fu_47/add_ln26_117_reg_9357_reg[25]_i_1/O[6]
                         net (fo=1, unplaced)         0.034     6.427    bd_0_i/hls_inst/inst/grp_FIR_filter_fu_47/add_ln26_117_fu_7188_p2__0[30]
                         FDRE                                         r  bd_0_i/hls_inst/inst/grp_FIR_filter_fu_47/add_ln26_117_reg_9357_reg[30]/D
  -------------------------------------------------------------------    -------------------

                         (clock ap_clk rise edge)    10.000    10.000 r  
                                                      0.000    10.000 r  ap_clk (IN)
                         net (fo=6150, unset)         0.030    10.030    bd_0_i/hls_inst/inst/grp_FIR_filter_fu_47/ap_clk
                         FDRE                                         r  bd_0_i/hls_inst/inst/grp_FIR_filter_fu_47/add_ln26_117_reg_9357_reg[30]/C
                         clock pessimism              0.000    10.030    
                         clock uncertainty           -0.035     9.995    
                         FDRE (Setup_FDRE_C_D)        0.043    10.038    bd_0_i/hls_inst/inst/grp_FIR_filter_fu_47/add_ln26_117_reg_9357_reg[30]
  -------------------------------------------------------------------
                         required time                         10.038    
                         arrival time                          -6.427    
  -------------------------------------------------------------------
                         slack                                  3.611    

Slack (MET) :             3.641ns  (required time - arrival time)
  Source:                 bd_0_i/hls_inst/inst/grp_FIR_filter_fu_47/H_filter_FIR_U/ram_reg_bram_0/CLKARDCLK
                            (rising edge-triggered cell RAMB18E2 clocked by ap_clk  {rise@0.000ns fall@5.000ns period=10.000ns})
  Destination:            bd_0_i/hls_inst/inst/grp_FIR_filter_fu_47/add_ln26_117_reg_9357_reg[28]/D
                            (rising edge-triggered cell FDRE clocked by ap_clk  {rise@0.000ns fall@5.000ns period=10.000ns})
  Path Group:             ap_clk
  Path Type:              Setup (Max at Slow Process Corner)
  Requirement:            10.000ns  (ap_clk rise@10.000ns - ap_clk rise@0.000ns)
  Data Path Delay:        6.291ns  (logic 3.683ns (58.544%)  route 2.608ns (41.456%))
  Logic Levels:           17  (CARRY8=8 LUT2=2 LUT3=3 LUT5=2 LUT6=2)
  Clock Path Skew:        -0.077ns (DCD - SCD + CPR)
    Destination Clock Delay (DCD):    0.030ns = ( 10.030 - 10.000 ) 
    Source Clock Delay      (SCD):    0.107ns
    Clock Pessimism Removal (CPR):    0.000ns
  Clock Uncertainty:      0.035ns  ((TSJ^2 + TIJ^2)^1/2 + DJ) / 2 + PE
    Total System Jitter     (TSJ):    0.071ns
    Total Input Jitter      (TIJ):    0.000ns
    Discrete Jitter          (DJ):    0.000ns
    Phase Error              (PE):    0.000ns

    Location             Delay type                Incr(ns)  Path(ns)    Netlist Resource(s)
  -------------------------------------------------------------------    -------------------
                         (clock ap_clk rise edge)     0.000     0.000 r  
                                                      0.000     0.000 r  ap_clk (IN)
                         net (fo=6150, unset)         0.107     0.107    bd_0_i/hls_inst/inst/grp_FIR_filter_fu_47/H_filter_FIR_U/ap_clk
                         RAMB18E2                                     r  bd_0_i/hls_inst/inst/grp_FIR_filter_fu_47/H_filter_FIR_U/ram_reg_bram_0/CLKARDCLK
  -------------------------------------------------------------------    -------------------
                         RAMB18E2 (Prop_RAMB18E2_CLKARDCLK_DOUTADOUT[3])
                                                      1.317     1.424 r  bd_0_i/hls_inst/inst/grp_FIR_filter_fu_47/H_filter_FIR_U/ram_reg_bram_0/DOUTADOUT[3]
                         net (fo=219, unplaced)       0.383     1.807    bd_0_i/hls_inst/inst/grp_FIR_filter_fu_47/H_filter_FIR_U/A[3]
                         LUT2 (Prop_LUT2_I1_O)        0.056     1.863 r  bd_0_i/hls_inst/inst/grp_FIR_filter_fu_47/H_filter_FIR_U/add_ln26_117_reg_9357[25]_i_212/O
                         net (fo=1, unplaced)         0.040     1.903    bd_0_i/hls_inst/inst/grp_FIR_filter_fu_47/H_filter_FIR_U/add_ln26_117_reg_9357[25]_i_212_n_0
                         CARRY8 (Prop_CARRY8_S[3]_O[4])
                                                      0.215     2.118 r  bd_0_i/hls_inst/inst/grp_FIR_filter_fu_47/H_filter_FIR_U/add_ln26_117_reg_9357_reg[25]_i_139/O[4]
                         net (fo=2, unplaced)         0.212     2.330    bd_0_i/hls_inst/inst/grp_FIR_filter_fu_47/H_filter_FIR_U/tmp1_cast_fu_7018_p1[4]
                         LUT5 (Prop_LUT5_I0_O)        0.137     2.467 r  bd_0_i/hls_inst/inst/grp_FIR_filter_fu_47/H_filter_FIR_U/add_ln26_117_reg_9357[23]_i_71/O
                         net (fo=2, unplaced)         0.211     2.678    bd_0_i/hls_inst/inst/grp_FIR_filter_fu_47/H_filter_FIR_U/add_ln26_117_reg_9357[23]_i_71_n_0
                         LUT6 (Prop_LUT6_I0_O)        0.056     2.734 r  bd_0_i/hls_inst/inst/grp_FIR_filter_fu_47/H_filter_FIR_U/add_ln26_117_reg_9357[23]_i_79/O
                         net (fo=1, unplaced)         0.037     2.771    bd_0_i/hls_inst/inst/grp_FIR_filter_fu_47/H_filter_FIR_U/add_ln26_117_reg_9357[23]_i_79_n_0
                         CARRY8 (Prop_CARRY8_S[5]_CO[7])
                                                      0.246     3.017 r  bd_0_i/hls_inst/inst/grp_FIR_filter_fu_47/H_filter_FIR_U/add_ln26_117_reg_9357_reg[23]_i_53/CO[7]
                         net (fo=1, unplaced)         0.006     3.023    bd_0_i/hls_inst/inst/grp_FIR_filter_fu_47/H_filter_FIR_U/add_ln26_117_reg_9357_reg[23]_i_53_n_0
                         CARRY8 (Prop_CARRY8_CI_O[1])
                                                      0.106     3.129 r  bd_0_i/hls_inst/inst/grp_FIR_filter_fu_47/H_filter_FIR_U/add_ln26_117_reg_9357_reg[25]_i_58/O[1]
                         net (fo=6, unplaced)         0.168     3.297    bd_0_i/hls_inst/inst/grp_FIR_filter_fu_47/H_filter_FIR_U/tmp15_fu_7022_p2[9]
                         LUT3 (Prop_LUT3_I2_O)        0.082     3.379 r  bd_0_i/hls_inst/inst/grp_FIR_filter_fu_47/H_filter_FIR_U/add_ln26_117_reg_9357[25]_i_65/O
                         net (fo=1, unplaced)         0.211     3.590    bd_0_i/hls_inst/inst/grp_FIR_filter_fu_47/H_filter_FIR_U/add_ln26_117_reg_9357[25]_i_65_n_0
                         CARRY8 (Prop_CARRY8_DI[2]_O[5])
                                                      0.284     3.874 r  bd_0_i/hls_inst/inst/grp_FIR_filter_fu_47/H_filter_FIR_U/add_ln26_117_reg_9357_reg[25]_i_47/O[5]
                         net (fo=6, unplaced)         0.177     4.051    bd_0_i/hls_inst/inst/grp_FIR_filter_fu_47/H_filter_FIR_U/add_ln26_117_reg_9357_reg[25]_i_47_n_10
                         LUT3 (Prop_LUT3_I0_O)        0.082     4.133 r  bd_0_i/hls_inst/inst/grp_FIR_filter_fu_47/H_filter_FIR_U/add_ln26_117_reg_9357[25]_i_35/O
                         net (fo=1, unplaced)         0.212     4.345    bd_0_i/hls_inst/inst/grp_FIR_filter_fu_47/H_filter_FIR_U/add_ln26_117_reg_9357[25]_i_35_n_0
                         CARRY8 (Prop_CARRY8_DI[3]_O[4])
                                                      0.235     4.580 r  bd_0_i/hls_inst/inst/grp_FIR_filter_fu_47/H_filter_FIR_U/add_ln26_117_reg_9357_reg[25]_i_22/O[4]
                         net (fo=3, unplaced)         0.215     4.795    bd_0_i/hls_inst/inst/grp_FIR_filter_fu_47/H_filter_FIR_U/sext_ln26_86_fu_7159_p1[20]
                         LUT3 (Prop_LUT3_I2_O)        0.058     4.853 r  bd_0_i/hls_inst/inst/grp_FIR_filter_fu_47/H_filter_FIR_U/add_ln26_117_reg_9357[23]_i_29/O
                         net (fo=2, unplaced)         0.211     5.064    bd_0_i/hls_inst/inst/grp_FIR_filter_fu_47/H_filter_FIR_U/add_ln26_117_reg_9357[23]_i_29_n_0
                         LUT5 (Prop_LUT5_I4_O)        0.058     5.122 r  bd_0_i/hls_inst/inst/grp_FIR_filter_fu_47/H_filter_FIR_U/add_ln26_117_reg_9357[23]_i_13/O
                         net (fo=2, unplaced)         0.211     5.333    bd_0_i/hls_inst/inst/grp_FIR_filter_fu_47/H_filter_FIR_U/add_ln26_117_reg_9357[23]_i_13_n_0
                         LUT6 (Prop_LUT6_I0_O)        0.056     5.389 r  bd_0_i/hls_inst/inst/grp_FIR_filter_fu_47/H_filter_FIR_U/add_ln26_117_reg_9357[23]_i_21/O
                         net (fo=1, unplaced)         0.037     5.426    bd_0_i/hls_inst/inst/grp_FIR_filter_fu_47/H_filter_FIR_U/add_ln26_117_reg_9357[23]_i_21_n_0
                         CARRY8 (Prop_CARRY8_S[5]_CO[7])
                                                      0.246     5.672 r  bd_0_i/hls_inst/inst/grp_FIR_filter_fu_47/H_filter_FIR_U/add_ln26_117_reg_9357_reg[23]_i_2/CO[7]
                         net (fo=1, unplaced)         0.006     5.678    bd_0_i/hls_inst/inst/grp_FIR_filter_fu_47/H_filter_FIR_U/add_ln26_117_reg_9357_reg[23]_i_2_n_0
                         CARRY8 (Prop_CARRY8_CI_O[1])
                                                      0.106     5.784 r  bd_0_i/hls_inst/inst/grp_FIR_filter_fu_47/H_filter_FIR_U/add_ln26_117_reg_9357_reg[25]_i_3/O[1]
                         net (fo=2, unplaced)         0.209     5.993    bd_0_i/hls_inst/inst/grp_FIR_filter_fu_47/sext_ln26_97_fu_7184_p1[25]
                         LUT2 (Prop_LUT2_I0_O)        0.057     6.050 r  bd_0_i/hls_inst/inst/grp_FIR_filter_fu_47/add_ln26_117_reg_9357[25]_i_8/O
                         net (fo=1, unplaced)         0.030     6.080    bd_0_i/hls_inst/inst/grp_FIR_filter_fu_47/add_ln26_117_reg_9357[25]_i_8_n_0
                         CARRY8 (Prop_CARRY8_S[1]_O[4])
                                                      0.286     6.366 r  bd_0_i/hls_inst/inst/grp_FIR_filter_fu_47/add_ln26_117_reg_9357_reg[25]_i_1/O[4]
                         net (fo=1, unplaced)         0.032     6.398    bd_0_i/hls_inst/inst/grp_FIR_filter_fu_47/add_ln26_117_fu_7188_p2__0[28]
                         FDRE                                         r  bd_0_i/hls_inst/inst/grp_FIR_filter_fu_47/add_ln26_117_reg_9357_reg[28]/D
  -------------------------------------------------------------------    -------------------

                         (clock ap_clk rise edge)    10.000    10.000 r  
                                                      0.000    10.000 r  ap_clk (IN)
                         net (fo=6150, unset)         0.030    10.030    bd_0_i/hls_inst/inst/grp_FIR_filter_fu_47/ap_clk
                         FDRE                                         r  bd_0_i/hls_inst/inst/grp_FIR_filter_fu_47/add_ln26_117_reg_9357_reg[28]/C
                         clock pessimism              0.000    10.030    
                         clock uncertainty           -0.035     9.995    
                         FDRE (Setup_FDRE_C_D)        0.044    10.039    bd_0_i/hls_inst/inst/grp_FIR_filter_fu_47/add_ln26_117_reg_9357_reg[28]
  -------------------------------------------------------------------
                         required time                         10.039    
                         arrival time                          -6.398    
  -------------------------------------------------------------------
                         slack                                  3.641    

Slack (MET) :             3.741ns  (required time - arrival time)
  Source:                 bd_0_i/hls_inst/inst/grp_FIR_filter_fu_47/H_filter_FIR_U/ram_reg_bram_0/CLKARDCLK
                            (rising edge-triggered cell RAMB18E2 clocked by ap_clk  {rise@0.000ns fall@5.000ns period=10.000ns})
  Destination:            bd_0_i/hls_inst/inst/grp_FIR_filter_fu_47/add_ln26_117_reg_9357_reg[27]/D
                            (rising edge-triggered cell FDRE clocked by ap_clk  {rise@0.000ns fall@5.000ns period=10.000ns})
  Path Group:             ap_clk
  Path Type:              Setup (Max at Slow Process Corner)
  Requirement:            10.000ns  (ap_clk rise@10.000ns - ap_clk rise@0.000ns)
  Data Path Delay:        6.190ns  (logic 3.580ns (57.835%)  route 2.610ns (42.165%))
  Logic Levels:           17  (CARRY8=8 LUT2=2 LUT3=3 LUT5=2 LUT6=2)
  Clock Path Skew:        -0.077ns (DCD - SCD + CPR)
    Destination Clock Delay (DCD):    0.030ns = ( 10.030 - 10.000 ) 
    Source Clock Delay      (SCD):    0.107ns
    Clock Pessimism Removal (CPR):    0.000ns
  Clock Uncertainty:      0.035ns  ((TSJ^2 + TIJ^2)^1/2 + DJ) / 2 + PE
    Total System Jitter     (TSJ):    0.071ns
    Total Input Jitter      (TIJ):    0.000ns
    Discrete Jitter          (DJ):    0.000ns
    Phase Error              (PE):    0.000ns

    Location             Delay type                Incr(ns)  Path(ns)    Netlist Resource(s)
  -------------------------------------------------------------------    -------------------
                         (clock ap_clk rise edge)     0.000     0.000 r  
                                                      0.000     0.000 r  ap_clk (IN)
                         net (fo=6150, unset)         0.107     0.107    bd_0_i/hls_inst/inst/grp_FIR_filter_fu_47/H_filter_FIR_U/ap_clk
                         RAMB18E2                                     r  bd_0_i/hls_inst/inst/grp_FIR_filter_fu_47/H_filter_FIR_U/ram_reg_bram_0/CLKARDCLK
  -------------------------------------------------------------------    -------------------
                         RAMB18E2 (Prop_RAMB18E2_CLKARDCLK_DOUTADOUT[3])
                                                      1.317     1.424 r  bd_0_i/hls_inst/inst/grp_FIR_filter_fu_47/H_filter_FIR_U/ram_reg_bram_0/DOUTADOUT[3]
                         net (fo=219, unplaced)       0.383     1.807    bd_0_i/hls_inst/inst/grp_FIR_filter_fu_47/H_filter_FIR_U/A[3]
                         LUT2 (Prop_LUT2_I1_O)        0.056     1.863 r  bd_0_i/hls_inst/inst/grp_FIR_filter_fu_47/H_filter_FIR_U/add_ln26_117_reg_9357[25]_i_212/O
                         net (fo=1, unplaced)         0.040     1.903    bd_0_i/hls_inst/inst/grp_FIR_filter_fu_47/H_filter_FIR_U/add_ln26_117_reg_9357[25]_i_212_n_0
                         CARRY8 (Prop_CARRY8_S[3]_O[4])
                                                      0.215     2.118 r  bd_0_i/hls_inst/inst/grp_FIR_filter_fu_47/H_filter_FIR_U/add_ln26_117_reg_9357_reg[25]_i_139/O[4]
                         net (fo=2, unplaced)         0.212     2.330    bd_0_i/hls_inst/inst/grp_FIR_filter_fu_47/H_filter_FIR_U/tmp1_cast_fu_7018_p1[4]
                         LUT5 (Prop_LUT5_I0_O)        0.137     2.467 r  bd_0_i/hls_inst/inst/grp_FIR_filter_fu_47/H_filter_FIR_U/add_ln26_117_reg_9357[23]_i_71/O
                         net (fo=2, unplaced)         0.211     2.678    bd_0_i/hls_inst/inst/grp_FIR_filter_fu_47/H_filter_FIR_U/add_ln26_117_reg_9357[23]_i_71_n_0
                         LUT6 (Prop_LUT6_I0_O)        0.056     2.734 r  bd_0_i/hls_inst/inst/grp_FIR_filter_fu_47/H_filter_FIR_U/add_ln26_117_reg_9357[23]_i_79/O
                         net (fo=1, unplaced)         0.037     2.771    bd_0_i/hls_inst/inst/grp_FIR_filter_fu_47/H_filter_FIR_U/add_ln26_117_reg_9357[23]_i_79_n_0
                         CARRY8 (Prop_CARRY8_S[5]_CO[7])
                                                      0.246     3.017 r  bd_0_i/hls_inst/inst/grp_FIR_filter_fu_47/H_filter_FIR_U/add_ln26_117_reg_9357_reg[23]_i_53/CO[7]
                         net (fo=1, unplaced)         0.006     3.023    bd_0_i/hls_inst/inst/grp_FIR_filter_fu_47/H_filter_FIR_U/add_ln26_117_reg_9357_reg[23]_i_53_n_0
                         CARRY8 (Prop_CARRY8_CI_O[1])
                                                      0.106     3.129 r  bd_0_i/hls_inst/inst/grp_FIR_filter_fu_47/H_filter_FIR_U/add_ln26_117_reg_9357_reg[25]_i_58/O[1]
                         net (fo=6, unplaced)         0.168     3.297    bd_0_i/hls_inst/inst/grp_FIR_filter_fu_47/H_filter_FIR_U/tmp15_fu_7022_p2[9]
                         LUT3 (Prop_LUT3_I2_O)        0.082     3.379 r  bd_0_i/hls_inst/inst/grp_FIR_filter_fu_47/H_filter_FIR_U/add_ln26_117_reg_9357[25]_i_65/O
                         net (fo=1, unplaced)         0.211     3.590    bd_0_i/hls_inst/inst/grp_FIR_filter_fu_47/H_filter_FIR_U/add_ln26_117_reg_9357[25]_i_65_n_0
                         CARRY8 (Prop_CARRY8_DI[2]_O[5])
                                                      0.284     3.874 r  bd_0_i/hls_inst/inst/grp_FIR_filter_fu_47/H_filter_FIR_U/add_ln26_117_reg_9357_reg[25]_i_47/O[5]
                         net (fo=6, unplaced)         0.177     4.051    bd_0_i/hls_inst/inst/grp_FIR_filter_fu_47/H_filter_FIR_U/add_ln26_117_reg_9357_reg[25]_i_47_n_10
                         LUT3 (Prop_LUT3_I0_O)        0.082     4.133 r  bd_0_i/hls_inst/inst/grp_FIR_filter_fu_47/H_filter_FIR_U/add_ln26_117_reg_9357[25]_i_35/O
                         net (fo=1, unplaced)         0.212     4.345    bd_0_i/hls_inst/inst/grp_FIR_filter_fu_47/H_filter_FIR_U/add_ln26_117_reg_9357[25]_i_35_n_0
                         CARRY8 (Prop_CARRY8_DI[3]_O[4])
                                                      0.235     4.580 r  bd_0_i/hls_inst/inst/grp_FIR_filter_fu_47/H_filter_FIR_U/add_ln26_117_reg_9357_reg[25]_i_22/O[4]
                         net (fo=3, unplaced)         0.215     4.795    bd_0_i/hls_inst/inst/grp_FIR_filter_fu_47/H_filter_FIR_U/sext_ln26_86_fu_7159_p1[20]
                         LUT3 (Prop_LUT3_I2_O)        0.058     4.853 r  bd_0_i/hls_inst/inst/grp_FIR_filter_fu_47/H_filter_FIR_U/add_ln26_117_reg_9357[23]_i_29/O
                         net (fo=2, unplaced)         0.211     5.064    bd_0_i/hls_inst/inst/grp_FIR_filter_fu_47/H_filter_FIR_U/add_ln26_117_reg_9357[23]_i_29_n_0
                         LUT5 (Prop_LUT5_I4_O)        0.058     5.122 r  bd_0_i/hls_inst/inst/grp_FIR_filter_fu_47/H_filter_FIR_U/add_ln26_117_reg_9357[23]_i_13/O
                         net (fo=2, unplaced)         0.211     5.333    bd_0_i/hls_inst/inst/grp_FIR_filter_fu_47/H_filter_FIR_U/add_ln26_117_reg_9357[23]_i_13_n_0
                         LUT6 (Prop_LUT6_I0_O)        0.056     5.389 r  bd_0_i/hls_inst/inst/grp_FIR_filter_fu_47/H_filter_FIR_U/add_ln26_117_reg_9357[23]_i_21/O
                         net (fo=1, unplaced)         0.037     5.426    bd_0_i/hls_inst/inst/grp_FIR_filter_fu_47/H_filter_FIR_U/add_ln26_117_reg_9357[23]_i_21_n_0
                         CARRY8 (Prop_CARRY8_S[5]_CO[7])
                                                      0.246     5.672 r  bd_0_i/hls_inst/inst/grp_FIR_filter_fu_47/H_filter_FIR_U/add_ln26_117_reg_9357_reg[23]_i_2/CO[7]
                         net (fo=1, unplaced)         0.006     5.678    bd_0_i/hls_inst/inst/grp_FIR_filter_fu_47/H_filter_FIR_U/add_ln26_117_reg_9357_reg[23]_i_2_n_0
                         CARRY8 (Prop_CARRY8_CI_O[1])
                                                      0.106     5.784 r  bd_0_i/hls_inst/inst/grp_FIR_filter_fu_47/H_filter_FIR_U/add_ln26_117_reg_9357_reg[25]_i_3/O[1]
                         net (fo=2, unplaced)         0.209     5.993    bd_0_i/hls_inst/inst/grp_FIR_filter_fu_47/sext_ln26_97_fu_7184_p1[25]
                         LUT2 (Prop_LUT2_I0_O)        0.057     6.050 r  bd_0_i/hls_inst/inst/grp_FIR_filter_fu_47/add_ln26_117_reg_9357[25]_i_8/O
                         net (fo=1, unplaced)         0.030     6.080    bd_0_i/hls_inst/inst/grp_FIR_filter_fu_47/add_ln26_117_reg_9357[25]_i_8_n_0
                         CARRY8 (Prop_CARRY8_S[1]_O[3])
                                                      0.183     6.263 r  bd_0_i/hls_inst/inst/grp_FIR_filter_fu_47/add_ln26_117_reg_9357_reg[25]_i_1/O[3]
                         net (fo=1, unplaced)         0.034     6.297    bd_0_i/hls_inst/inst/grp_FIR_filter_fu_47/add_ln26_117_fu_7188_p2__1[27]
                         FDRE                                         r  bd_0_i/hls_inst/inst/grp_FIR_filter_fu_47/add_ln26_117_reg_9357_reg[27]/D
  -------------------------------------------------------------------    -------------------

                         (clock ap_clk rise edge)    10.000    10.000 r  
                                                      0.000    10.000 r  ap_clk (IN)
                         net (fo=6150, unset)         0.030    10.030    bd_0_i/hls_inst/inst/grp_FIR_filter_fu_47/ap_clk
                         FDRE                                         r  bd_0_i/hls_inst/inst/grp_FIR_filter_fu_47/add_ln26_117_reg_9357_reg[27]/C
                         clock pessimism              0.000    10.030    
                         clock uncertainty           -0.035     9.995    
                         FDRE (Setup_FDRE_C_D)        0.043    10.038    bd_0_i/hls_inst/inst/grp_FIR_filter_fu_47/add_ln26_117_reg_9357_reg[27]
  -------------------------------------------------------------------
                         required time                         10.038    
                         arrival time                          -6.297    
  -------------------------------------------------------------------
                         slack                                  3.741    

Slack (MET) :             3.745ns  (required time - arrival time)
  Source:                 bd_0_i/hls_inst/inst/grp_FIR_filter_fu_47/H_filter_FIR_U/ram_reg_bram_0/CLKARDCLK
                            (rising edge-triggered cell RAMB18E2 clocked by ap_clk  {rise@0.000ns fall@5.000ns period=10.000ns})
  Destination:            bd_0_i/hls_inst/inst/grp_FIR_filter_fu_47/add_ln26_117_reg_9357_reg[26]/D
                            (rising edge-triggered cell FDRE clocked by ap_clk  {rise@0.000ns fall@5.000ns period=10.000ns})
  Path Group:             ap_clk
  Path Type:              Setup (Max at Slow Process Corner)
  Requirement:            10.000ns  (ap_clk rise@10.000ns - ap_clk rise@0.000ns)
  Data Path Delay:        6.186ns  (logic 3.576ns (57.808%)  route 2.610ns (42.192%))
  Logic Levels:           17  (CARRY8=8 LUT2=2 LUT3=3 LUT5=2 LUT6=2)
  Clock Path Skew:        -0.077ns (DCD - SCD + CPR)
    Destination Clock Delay (DCD):    0.030ns = ( 10.030 - 10.000 ) 
    Source Clock Delay      (SCD):    0.107ns
    Clock Pessimism Removal (CPR):    0.000ns
  Clock Uncertainty:      0.035ns  ((TSJ^2 + TIJ^2)^1/2 + DJ) / 2 + PE
    Total System Jitter     (TSJ):    0.071ns
    Total Input Jitter      (TIJ):    0.000ns
    Discrete Jitter          (DJ):    0.000ns
    Phase Error              (PE):    0.000ns

    Location             Delay type                Incr(ns)  Path(ns)    Netlist Resource(s)
  -------------------------------------------------------------------    -------------------
                         (clock ap_clk rise edge)     0.000     0.000 r  
                                                      0.000     0.000 r  ap_clk (IN)
                         net (fo=6150, unset)         0.107     0.107    bd_0_i/hls_inst/inst/grp_FIR_filter_fu_47/H_filter_FIR_U/ap_clk
                         RAMB18E2                                     r  bd_0_i/hls_inst/inst/grp_FIR_filter_fu_47/H_filter_FIR_U/ram_reg_bram_0/CLKARDCLK
  -------------------------------------------------------------------    -------------------
                         RAMB18E2 (Prop_RAMB18E2_CLKARDCLK_DOUTADOUT[3])
                                                      1.317     1.424 r  bd_0_i/hls_inst/inst/grp_FIR_filter_fu_47/H_filter_FIR_U/ram_reg_bram_0/DOUTADOUT[3]
                         net (fo=219, unplaced)       0.383     1.807    bd_0_i/hls_inst/inst/grp_FIR_filter_fu_47/H_filter_FIR_U/A[3]
                         LUT2 (Prop_LUT2_I1_O)        0.056     1.863 r  bd_0_i/hls_inst/inst/grp_FIR_filter_fu_47/H_filter_FIR_U/add_ln26_117_reg_9357[25]_i_212/O
                         net (fo=1, unplaced)         0.040     1.903    bd_0_i/hls_inst/inst/grp_FIR_filter_fu_47/H_filter_FIR_U/add_ln26_117_reg_9357[25]_i_212_n_0
                         CARRY8 (Prop_CARRY8_S[3]_O[4])
                                                      0.215     2.118 r  bd_0_i/hls_inst/inst/grp_FIR_filter_fu_47/H_filter_FIR_U/add_ln26_117_reg_9357_reg[25]_i_139/O[4]
                         net (fo=2, unplaced)         0.212     2.330    bd_0_i/hls_inst/inst/grp_FIR_filter_fu_47/H_filter_FIR_U/tmp1_cast_fu_7018_p1[4]
                         LUT5 (Prop_LUT5_I0_O)        0.137     2.467 r  bd_0_i/hls_inst/inst/grp_FIR_filter_fu_47/H_filter_FIR_U/add_ln26_117_reg_9357[23]_i_71/O
                         net (fo=2, unplaced)         0.211     2.678    bd_0_i/hls_inst/inst/grp_FIR_filter_fu_47/H_filter_FIR_U/add_ln26_117_reg_9357[23]_i_71_n_0
                         LUT6 (Prop_LUT6_I0_O)        0.056     2.734 r  bd_0_i/hls_inst/inst/grp_FIR_filter_fu_47/H_filter_FIR_U/add_ln26_117_reg_9357[23]_i_79/O
                         net (fo=1, unplaced)         0.037     2.771    bd_0_i/hls_inst/inst/grp_FIR_filter_fu_47/H_filter_FIR_U/add_ln26_117_reg_9357[23]_i_79_n_0
                         CARRY8 (Prop_CARRY8_S[5]_CO[7])
                                                      0.246     3.017 r  bd_0_i/hls_inst/inst/grp_FIR_filter_fu_47/H_filter_FIR_U/add_ln26_117_reg_9357_reg[23]_i_53/CO[7]
                         net (fo=1, unplaced)         0.006     3.023    bd_0_i/hls_inst/inst/grp_FIR_filter_fu_47/H_filter_FIR_U/add_ln26_117_reg_9357_reg[23]_i_53_n_0
                         CARRY8 (Prop_CARRY8_CI_O[1])
                                                      0.106     3.129 r  bd_0_i/hls_inst/inst/grp_FIR_filter_fu_47/H_filter_FIR_U/add_ln26_117_reg_9357_reg[25]_i_58/O[1]
                         net (fo=6, unplaced)         0.168     3.297    bd_0_i/hls_inst/inst/grp_FIR_filter_fu_47/H_filter_FIR_U/tmp15_fu_7022_p2[9]
                         LUT3 (Prop_LUT3_I2_O)        0.082     3.379 r  bd_0_i/hls_inst/inst/grp_FIR_filter_fu_47/H_filter_FIR_U/add_ln26_117_reg_9357[25]_i_65/O
                         net (fo=1, unplaced)         0.211     3.590    bd_0_i/hls_inst/inst/grp_FIR_filter_fu_47/H_filter_FIR_U/add_ln26_117_reg_9357[25]_i_65_n_0
                         CARRY8 (Prop_CARRY8_DI[2]_O[5])
                                                      0.284     3.874 r  bd_0_i/hls_inst/inst/grp_FIR_filter_fu_47/H_filter_FIR_U/add_ln26_117_reg_9357_reg[25]_i_47/O[5]
                         net (fo=6, unplaced)         0.177     4.051    bd_0_i/hls_inst/inst/grp_FIR_filter_fu_47/H_filter_FIR_U/add_ln26_117_reg_9357_reg[25]_i_47_n_10
                         LUT3 (Prop_LUT3_I0_O)        0.082     4.133 r  bd_0_i/hls_inst/inst/grp_FIR_filter_fu_47/H_filter_FIR_U/add_ln26_117_reg_9357[25]_i_35/O
                         net (fo=1, unplaced)         0.212     4.345    bd_0_i/hls_inst/inst/grp_FIR_filter_fu_47/H_filter_FIR_U/add_ln26_117_reg_9357[25]_i_35_n_0
                         CARRY8 (Prop_CARRY8_DI[3]_O[4])
                                                      0.235     4.580 r  bd_0_i/hls_inst/inst/grp_FIR_filter_fu_47/H_filter_FIR_U/add_ln26_117_reg_9357_reg[25]_i_22/O[4]
                         net (fo=3, unplaced)         0.215     4.795    bd_0_i/hls_inst/inst/grp_FIR_filter_fu_47/H_filter_FIR_U/sext_ln26_86_fu_7159_p1[20]
                         LUT3 (Prop_LUT3_I2_O)        0.058     4.853 r  bd_0_i/hls_inst/inst/grp_FIR_filter_fu_47/H_filter_FIR_U/add_ln26_117_reg_9357[23]_i_29/O
                         net (fo=2, unplaced)         0.211     5.064    bd_0_i/hls_inst/inst/grp_FIR_filter_fu_47/H_filter_FIR_U/add_ln26_117_reg_9357[23]_i_29_n_0
                         LUT5 (Prop_LUT5_I4_O)        0.058     5.122 r  bd_0_i/hls_inst/inst/grp_FIR_filter_fu_47/H_filter_FIR_U/add_ln26_117_reg_9357[23]_i_13/O
                         net (fo=2, unplaced)         0.211     5.333    bd_0_i/hls_inst/inst/grp_FIR_filter_fu_47/H_filter_FIR_U/add_ln26_117_reg_9357[23]_i_13_n_0
                         LUT6 (Prop_LUT6_I0_O)        0.056     5.389 r  bd_0_i/hls_inst/inst/grp_FIR_filter_fu_47/H_filter_FIR_U/add_ln26_117_reg_9357[23]_i_21/O
                         net (fo=1, unplaced)         0.037     5.426    bd_0_i/hls_inst/inst/grp_FIR_filter_fu_47/H_filter_FIR_U/add_ln26_117_reg_9357[23]_i_21_n_0
                         CARRY8 (Prop_CARRY8_S[5]_CO[7])
                                                      0.246     5.672 r  bd_0_i/hls_inst/inst/grp_FIR_filter_fu_47/H_filter_FIR_U/add_ln26_117_reg_9357_reg[23]_i_2/CO[7]
                         net (fo=1, unplaced)         0.006     5.678    bd_0_i/hls_inst/inst/grp_FIR_filter_fu_47/H_filter_FIR_U/add_ln26_117_reg_9357_reg[23]_i_2_n_0
                         CARRY8 (Prop_CARRY8_CI_O[1])
                                                      0.106     5.784 r  bd_0_i/hls_inst/inst/grp_FIR_filter_fu_47/H_filter_FIR_U/add_ln26_117_reg_9357_reg[25]_i_3/O[1]
                         net (fo=2, unplaced)         0.209     5.993    bd_0_i/hls_inst/inst/grp_FIR_filter_fu_47/sext_ln26_97_fu_7184_p1[25]
                         LUT2 (Prop_LUT2_I0_O)        0.057     6.050 r  bd_0_i/hls_inst/inst/grp_FIR_filter_fu_47/add_ln26_117_reg_9357[25]_i_8/O
                         net (fo=1, unplaced)         0.030     6.080    bd_0_i/hls_inst/inst/grp_FIR_filter_fu_47/add_ln26_117_reg_9357[25]_i_8_n_0
                         CARRY8 (Prop_CARRY8_S[1]_O[2])
                                                      0.179     6.259 r  bd_0_i/hls_inst/inst/grp_FIR_filter_fu_47/add_ln26_117_reg_9357_reg[25]_i_1/O[2]
                         net (fo=1, unplaced)         0.034     6.293    bd_0_i/hls_inst/inst/grp_FIR_filter_fu_47/add_ln26_117_fu_7188_p2__1[26]
                         FDRE                                         r  bd_0_i/hls_inst/inst/grp_FIR_filter_fu_47/add_ln26_117_reg_9357_reg[26]/D
  -------------------------------------------------------------------    -------------------

                         (clock ap_clk rise edge)    10.000    10.000 r  
                                                      0.000    10.000 r  ap_clk (IN)
                         net (fo=6150, unset)         0.030    10.030    bd_0_i/hls_inst/inst/grp_FIR_filter_fu_47/ap_clk
                         FDRE                                         r  bd_0_i/hls_inst/inst/grp_FIR_filter_fu_47/add_ln26_117_reg_9357_reg[26]/C
                         clock pessimism              0.000    10.030    
                         clock uncertainty           -0.035     9.995    
                         FDRE (Setup_FDRE_C_D)        0.043    10.038    bd_0_i/hls_inst/inst/grp_FIR_filter_fu_47/add_ln26_117_reg_9357_reg[26]
  -------------------------------------------------------------------
                         required time                         10.038    
                         arrival time                          -6.293    
  -------------------------------------------------------------------
                         slack                                  3.745    

Slack (MET) :             3.820ns  (required time - arrival time)
  Source:                 bd_0_i/hls_inst/inst/grp_FIR_filter_fu_47/H_filter_FIR_U/ram_reg_bram_0/CLKARDCLK
                            (rising edge-triggered cell RAMB18E2 clocked by ap_clk  {rise@0.000ns fall@5.000ns period=10.000ns})
  Destination:            bd_0_i/hls_inst/inst/grp_FIR_filter_fu_47/add_ln26_117_reg_9357_reg[25]/D
                            (rising edge-triggered cell FDRE clocked by ap_clk  {rise@0.000ns fall@5.000ns period=10.000ns})
  Path Group:             ap_clk
  Path Type:              Setup (Max at Slow Process Corner)
  Requirement:            10.000ns  (ap_clk rise@10.000ns - ap_clk rise@0.000ns)
  Data Path Delay:        6.111ns  (logic 3.505ns (57.356%)  route 2.606ns (42.644%))
  Logic Levels:           17  (CARRY8=8 LUT2=2 LUT3=3 LUT5=2 LUT6=2)
  Clock Path Skew:        -0.077ns (DCD - SCD + CPR)
    Destination Clock Delay (DCD):    0.030ns = ( 10.030 - 10.000 ) 
    Source Clock Delay      (SCD):    0.107ns
    Clock Pessimism Removal (CPR):    0.000ns
  Clock Uncertainty:      0.035ns  ((TSJ^2 + TIJ^2)^1/2 + DJ) / 2 + PE
    Total System Jitter     (TSJ):    0.071ns
    Total Input Jitter      (TIJ):    0.000ns
    Discrete Jitter          (DJ):    0.000ns
    Phase Error              (PE):    0.000ns

    Location             Delay type                Incr(ns)  Path(ns)    Netlist Resource(s)
  -------------------------------------------------------------------    -------------------
                         (clock ap_clk rise edge)     0.000     0.000 r  
                                                      0.000     0.000 r  ap_clk (IN)
                         net (fo=6150, unset)         0.107     0.107    bd_0_i/hls_inst/inst/grp_FIR_filter_fu_47/H_filter_FIR_U/ap_clk
                         RAMB18E2                                     r  bd_0_i/hls_inst/inst/grp_FIR_filter_fu_47/H_filter_FIR_U/ram_reg_bram_0/CLKARDCLK
  -------------------------------------------------------------------    -------------------
                         RAMB18E2 (Prop_RAMB18E2_CLKARDCLK_DOUTADOUT[3])
                                                      1.317     1.424 r  bd_0_i/hls_inst/inst/grp_FIR_filter_fu_47/H_filter_FIR_U/ram_reg_bram_0/DOUTADOUT[3]
                         net (fo=219, unplaced)       0.383     1.807    bd_0_i/hls_inst/inst/grp_FIR_filter_fu_47/H_filter_FIR_U/A[3]
                         LUT2 (Prop_LUT2_I1_O)        0.056     1.863 r  bd_0_i/hls_inst/inst/grp_FIR_filter_fu_47/H_filter_FIR_U/add_ln26_117_reg_9357[25]_i_212/O
                         net (fo=1, unplaced)         0.040     1.903    bd_0_i/hls_inst/inst/grp_FIR_filter_fu_47/H_filter_FIR_U/add_ln26_117_reg_9357[25]_i_212_n_0
                         CARRY8 (Prop_CARRY8_S[3]_O[4])
                                                      0.215     2.118 r  bd_0_i/hls_inst/inst/grp_FIR_filter_fu_47/H_filter_FIR_U/add_ln26_117_reg_9357_reg[25]_i_139/O[4]
                         net (fo=2, unplaced)         0.212     2.330    bd_0_i/hls_inst/inst/grp_FIR_filter_fu_47/H_filter_FIR_U/tmp1_cast_fu_7018_p1[4]
                         LUT5 (Prop_LUT5_I0_O)        0.137     2.467 r  bd_0_i/hls_inst/inst/grp_FIR_filter_fu_47/H_filter_FIR_U/add_ln26_117_reg_9357[23]_i_71/O
                         net (fo=2, unplaced)         0.211     2.678    bd_0_i/hls_inst/inst/grp_FIR_filter_fu_47/H_filter_FIR_U/add_ln26_117_reg_9357[23]_i_71_n_0
                         LUT6 (Prop_LUT6_I0_O)        0.056     2.734 r  bd_0_i/hls_inst/inst/grp_FIR_filter_fu_47/H_filter_FIR_U/add_ln26_117_reg_9357[23]_i_79/O
                         net (fo=1, unplaced)         0.037     2.771    bd_0_i/hls_inst/inst/grp_FIR_filter_fu_47/H_filter_FIR_U/add_ln26_117_reg_9357[23]_i_79_n_0
                         CARRY8 (Prop_CARRY8_S[5]_CO[7])
                                                      0.246     3.017 r  bd_0_i/hls_inst/inst/grp_FIR_filter_fu_47/H_filter_FIR_U/add_ln26_117_reg_9357_reg[23]_i_53/CO[7]
                         net (fo=1, unplaced)         0.006     3.023    bd_0_i/hls_inst/inst/grp_FIR_filter_fu_47/H_filter_FIR_U/add_ln26_117_reg_9357_reg[23]_i_53_n_0
                         CARRY8 (Prop_CARRY8_CI_O[1])
                                                      0.106     3.129 r  bd_0_i/hls_inst/inst/grp_FIR_filter_fu_47/H_filter_FIR_U/add_ln26_117_reg_9357_reg[25]_i_58/O[1]
                         net (fo=6, unplaced)         0.168     3.297    bd_0_i/hls_inst/inst/grp_FIR_filter_fu_47/H_filter_FIR_U/tmp15_fu_7022_p2[9]
                         LUT3 (Prop_LUT3_I2_O)        0.082     3.379 r  bd_0_i/hls_inst/inst/grp_FIR_filter_fu_47/H_filter_FIR_U/add_ln26_117_reg_9357[25]_i_65/O
                         net (fo=1, unplaced)         0.211     3.590    bd_0_i/hls_inst/inst/grp_FIR_filter_fu_47/H_filter_FIR_U/add_ln26_117_reg_9357[25]_i_65_n_0
                         CARRY8 (Prop_CARRY8_DI[2]_O[5])
                                                      0.284     3.874 r  bd_0_i/hls_inst/inst/grp_FIR_filter_fu_47/H_filter_FIR_U/add_ln26_117_reg_9357_reg[25]_i_47/O[5]
                         net (fo=6, unplaced)         0.177     4.051    bd_0_i/hls_inst/inst/grp_FIR_filter_fu_47/H_filter_FIR_U/add_ln26_117_reg_9357_reg[25]_i_47_n_10
                         LUT3 (Prop_LUT3_I0_O)        0.082     4.133 r  bd_0_i/hls_inst/inst/grp_FIR_filter_fu_47/H_filter_FIR_U/add_ln26_117_reg_9357[25]_i_35/O
                         net (fo=1, unplaced)         0.212     4.345    bd_0_i/hls_inst/inst/grp_FIR_filter_fu_47/H_filter_FIR_U/add_ln26_117_reg_9357[25]_i_35_n_0
                         CARRY8 (Prop_CARRY8_DI[3]_O[4])
                                                      0.235     4.580 r  bd_0_i/hls_inst/inst/grp_FIR_filter_fu_47/H_filter_FIR_U/add_ln26_117_reg_9357_reg[25]_i_22/O[4]
                         net (fo=3, unplaced)         0.215     4.795    bd_0_i/hls_inst/inst/grp_FIR_filter_fu_47/H_filter_FIR_U/sext_ln26_86_fu_7159_p1[20]
                         LUT3 (Prop_LUT3_I2_O)        0.058     4.853 r  bd_0_i/hls_inst/inst/grp_FIR_filter_fu_47/H_filter_FIR_U/add_ln26_117_reg_9357[23]_i_29/O
                         net (fo=2, unplaced)         0.211     5.064    bd_0_i/hls_inst/inst/grp_FIR_filter_fu_47/H_filter_FIR_U/add_ln26_117_reg_9357[23]_i_29_n_0
                         LUT5 (Prop_LUT5_I4_O)        0.058     5.122 r  bd_0_i/hls_inst/inst/grp_FIR_filter_fu_47/H_filter_FIR_U/add_ln26_117_reg_9357[23]_i_13/O
                         net (fo=2, unplaced)         0.211     5.333    bd_0_i/hls_inst/inst/grp_FIR_filter_fu_47/H_filter_FIR_U/add_ln26_117_reg_9357[23]_i_13_n_0
                         LUT6 (Prop_LUT6_I0_O)        0.056     5.389 r  bd_0_i/hls_inst/inst/grp_FIR_filter_fu_47/H_filter_FIR_U/add_ln26_117_reg_9357[23]_i_21/O
                         net (fo=1, unplaced)         0.037     5.426    bd_0_i/hls_inst/inst/grp_FIR_filter_fu_47/H_filter_FIR_U/add_ln26_117_reg_9357[23]_i_21_n_0
                         CARRY8 (Prop_CARRY8_S[5]_CO[7])
                                                      0.246     5.672 r  bd_0_i/hls_inst/inst/grp_FIR_filter_fu_47/H_filter_FIR_U/add_ln26_117_reg_9357_reg[23]_i_2/CO[7]
                         net (fo=1, unplaced)         0.006     5.678    bd_0_i/hls_inst/inst/grp_FIR_filter_fu_47/H_filter_FIR_U/add_ln26_117_reg_9357_reg[23]_i_2_n_0
                         CARRY8 (Prop_CARRY8_CI_O[0])
                                                      0.078     5.756 r  bd_0_i/hls_inst/inst/grp_FIR_filter_fu_47/H_filter_FIR_U/add_ln26_117_reg_9357_reg[25]_i_3/O[0]
                         net (fo=2, unplaced)         0.211     5.967    bd_0_i/hls_inst/inst/grp_FIR_filter_fu_47/sext_ln26_97_fu_7184_p1[24]
                         LUT2 (Prop_LUT2_I0_O)        0.058     6.025 r  bd_0_i/hls_inst/inst/grp_FIR_filter_fu_47/add_ln26_117_reg_9357[25]_i_9/O
                         net (fo=1, unplaced)         0.025     6.050    bd_0_i/hls_inst/inst/grp_FIR_filter_fu_47/add_ln26_117_reg_9357[25]_i_9_n_0
                         CARRY8 (Prop_CARRY8_S[0]_O[1])
                                                      0.135     6.185 r  bd_0_i/hls_inst/inst/grp_FIR_filter_fu_47/add_ln26_117_reg_9357_reg[25]_i_1/O[1]
                         net (fo=1, unplaced)         0.033     6.218    bd_0_i/hls_inst/inst/grp_FIR_filter_fu_47/add_ln26_117_fu_7188_p2[25]
                         FDRE                                         r  bd_0_i/hls_inst/inst/grp_FIR_filter_fu_47/add_ln26_117_reg_9357_reg[25]/D
  -------------------------------------------------------------------    -------------------

                         (clock ap_clk rise edge)    10.000    10.000 r  
                                                      0.000    10.000 r  ap_clk (IN)
                         net (fo=6150, unset)         0.030    10.030    bd_0_i/hls_inst/inst/grp_FIR_filter_fu_47/ap_clk
                         FDRE                                         r  bd_0_i/hls_inst/inst/grp_FIR_filter_fu_47/add_ln26_117_reg_9357_reg[25]/C
                         clock pessimism              0.000    10.030    
                         clock uncertainty           -0.035     9.995    
                         FDRE (Setup_FDRE_C_D)        0.043    10.038    bd_0_i/hls_inst/inst/grp_FIR_filter_fu_47/add_ln26_117_reg_9357_reg[25]
  -------------------------------------------------------------------
                         required time                         10.038    
                         arrival time                          -6.218    
  -------------------------------------------------------------------
                         slack                                  3.820    

Slack (MET) :             3.877ns  (required time - arrival time)
  Source:                 bd_0_i/hls_inst/inst/grp_FIR_filter_fu_47/H_filter_FIR_U/ram_reg_bram_0/CLKARDCLK
                            (rising edge-triggered cell RAMB18E2 clocked by ap_clk  {rise@0.000ns fall@5.000ns period=10.000ns})
  Destination:            bd_0_i/hls_inst/inst/grp_FIR_filter_fu_47/add_ln26_117_reg_9357_reg[24]/D
                            (rising edge-triggered cell FDRE clocked by ap_clk  {rise@0.000ns fall@5.000ns period=10.000ns})
  Path Group:             ap_clk
  Path Type:              Setup (Max at Slow Process Corner)
  Requirement:            10.000ns  (ap_clk rise@10.000ns - ap_clk rise@0.000ns)
  Data Path Delay:        6.055ns  (logic 3.506ns (57.903%)  route 2.549ns (42.097%))
  Logic Levels:           17  (CARRY8=8 LUT2=2 LUT3=3 LUT5=2 LUT6=2)
  Clock Path Skew:        -0.077ns (DCD - SCD + CPR)
    Destination Clock Delay (DCD):    0.030ns = ( 10.030 - 10.000 ) 
    Source Clock Delay      (SCD):    0.107ns
    Clock Pessimism Removal (CPR):    0.000ns
  Clock Uncertainty:      0.035ns  ((TSJ^2 + TIJ^2)^1/2 + DJ) / 2 + PE
    Total System Jitter     (TSJ):    0.071ns
    Total Input Jitter      (TIJ):    0.000ns
    Discrete Jitter          (DJ):    0.000ns
    Phase Error              (PE):    0.000ns

    Location             Delay type                Incr(ns)  Path(ns)    Netlist Resource(s)
  -------------------------------------------------------------------    -------------------
                         (clock ap_clk rise edge)     0.000     0.000 r  
                                                      0.000     0.000 r  ap_clk (IN)
                         net (fo=6150, unset)         0.107     0.107    bd_0_i/hls_inst/inst/grp_FIR_filter_fu_47/H_filter_FIR_U/ap_clk
                         RAMB18E2                                     r  bd_0_i/hls_inst/inst/grp_FIR_filter_fu_47/H_filter_FIR_U/ram_reg_bram_0/CLKARDCLK
  -------------------------------------------------------------------    -------------------
                         RAMB18E2 (Prop_RAMB18E2_CLKARDCLK_DOUTADOUT[3])
                                                      1.317     1.424 r  bd_0_i/hls_inst/inst/grp_FIR_filter_fu_47/H_filter_FIR_U/ram_reg_bram_0/DOUTADOUT[3]
                         net (fo=219, unplaced)       0.383     1.807    bd_0_i/hls_inst/inst/grp_FIR_filter_fu_47/H_filter_FIR_U/A[3]
                         LUT2 (Prop_LUT2_I1_O)        0.056     1.863 r  bd_0_i/hls_inst/inst/grp_FIR_filter_fu_47/H_filter_FIR_U/add_ln26_117_reg_9357[25]_i_212/O
                         net (fo=1, unplaced)         0.040     1.903    bd_0_i/hls_inst/inst/grp_FIR_filter_fu_47/H_filter_FIR_U/add_ln26_117_reg_9357[25]_i_212_n_0
                         CARRY8 (Prop_CARRY8_S[3]_O[4])
                                                      0.215     2.118 r  bd_0_i/hls_inst/inst/grp_FIR_filter_fu_47/H_filter_FIR_U/add_ln26_117_reg_9357_reg[25]_i_139/O[4]
                         net (fo=2, unplaced)         0.212     2.330    bd_0_i/hls_inst/inst/grp_FIR_filter_fu_47/H_filter_FIR_U/tmp1_cast_fu_7018_p1[4]
                         LUT5 (Prop_LUT5_I0_O)        0.137     2.467 r  bd_0_i/hls_inst/inst/grp_FIR_filter_fu_47/H_filter_FIR_U/add_ln26_117_reg_9357[23]_i_71/O
                         net (fo=2, unplaced)         0.211     2.678    bd_0_i/hls_inst/inst/grp_FIR_filter_fu_47/H_filter_FIR_U/add_ln26_117_reg_9357[23]_i_71_n_0
                         LUT6 (Prop_LUT6_I0_O)        0.056     2.734 r  bd_0_i/hls_inst/inst/grp_FIR_filter_fu_47/H_filter_FIR_U/add_ln26_117_reg_9357[23]_i_79/O
                         net (fo=1, unplaced)         0.037     2.771    bd_0_i/hls_inst/inst/grp_FIR_filter_fu_47/H_filter_FIR_U/add_ln26_117_reg_9357[23]_i_79_n_0
                         CARRY8 (Prop_CARRY8_S[5]_CO[7])
                                                      0.246     3.017 r  bd_0_i/hls_inst/inst/grp_FIR_filter_fu_47/H_filter_FIR_U/add_ln26_117_reg_9357_reg[23]_i_53/CO[7]
                         net (fo=1, unplaced)         0.006     3.023    bd_0_i/hls_inst/inst/grp_FIR_filter_fu_47/H_filter_FIR_U/add_ln26_117_reg_9357_reg[23]_i_53_n_0
                         CARRY8 (Prop_CARRY8_CI_O[1])
                                                      0.106     3.129 r  bd_0_i/hls_inst/inst/grp_FIR_filter_fu_47/H_filter_FIR_U/add_ln26_117_reg_9357_reg[25]_i_58/O[1]
                         net (fo=6, unplaced)         0.168     3.297    bd_0_i/hls_inst/inst/grp_FIR_filter_fu_47/H_filter_FIR_U/tmp15_fu_7022_p2[9]
                         LUT3 (Prop_LUT3_I2_O)        0.082     3.379 r  bd_0_i/hls_inst/inst/grp_FIR_filter_fu_47/H_filter_FIR_U/add_ln26_117_reg_9357[25]_i_65/O
                         net (fo=1, unplaced)         0.211     3.590    bd_0_i/hls_inst/inst/grp_FIR_filter_fu_47/H_filter_FIR_U/add_ln26_117_reg_9357[25]_i_65_n_0
                         CARRY8 (Prop_CARRY8_DI[2]_O[5])
                                                      0.284     3.874 r  bd_0_i/hls_inst/inst/grp_FIR_filter_fu_47/H_filter_FIR_U/add_ln26_117_reg_9357_reg[25]_i_47/O[5]
                         net (fo=6, unplaced)         0.177     4.051    bd_0_i/hls_inst/inst/grp_FIR_filter_fu_47/H_filter_FIR_U/add_ln26_117_reg_9357_reg[25]_i_47_n_10
                         LUT3 (Prop_LUT3_I0_O)        0.082     4.133 r  bd_0_i/hls_inst/inst/grp_FIR_filter_fu_47/H_filter_FIR_U/add_ln26_117_reg_9357[25]_i_35/O
                         net (fo=1, unplaced)         0.212     4.345    bd_0_i/hls_inst/inst/grp_FIR_filter_fu_47/H_filter_FIR_U/add_ln26_117_reg_9357[25]_i_35_n_0
                         CARRY8 (Prop_CARRY8_DI[3]_O[4])
                                                      0.235     4.580 r  bd_0_i/hls_inst/inst/grp_FIR_filter_fu_47/H_filter_FIR_U/add_ln26_117_reg_9357_reg[25]_i_22/O[4]
                         net (fo=3, unplaced)         0.215     4.795    bd_0_i/hls_inst/inst/grp_FIR_filter_fu_47/H_filter_FIR_U/sext_ln26_86_fu_7159_p1[20]
                         LUT3 (Prop_LUT3_I2_O)        0.058     4.853 r  bd_0_i/hls_inst/inst/grp_FIR_filter_fu_47/H_filter_FIR_U/add_ln26_117_reg_9357[23]_i_29/O
                         net (fo=2, unplaced)         0.211     5.064    bd_0_i/hls_inst/inst/grp_FIR_filter_fu_47/H_filter_FIR_U/add_ln26_117_reg_9357[23]_i_29_n_0
                         LUT5 (Prop_LUT5_I4_O)        0.058     5.122 r  bd_0_i/hls_inst/inst/grp_FIR_filter_fu_47/H_filter_FIR_U/add_ln26_117_reg_9357[23]_i_13/O
                         net (fo=2, unplaced)         0.211     5.333    bd_0_i/hls_inst/inst/grp_FIR_filter_fu_47/H_filter_FIR_U/add_ln26_117_reg_9357[23]_i_13_n_0
                         LUT6 (Prop_LUT6_I0_O)        0.056     5.389 r  bd_0_i/hls_inst/inst/grp_FIR_filter_fu_47/H_filter_FIR_U/add_ln26_117_reg_9357[23]_i_21/O
                         net (fo=1, unplaced)         0.037     5.426    bd_0_i/hls_inst/inst/grp_FIR_filter_fu_47/H_filter_FIR_U/add_ln26_117_reg_9357[23]_i_21_n_0
                         CARRY8 (Prop_CARRY8_S[5]_O[7])
                                                      0.197     5.623 r  bd_0_i/hls_inst/inst/grp_FIR_filter_fu_47/H_filter_FIR_U/add_ln26_117_reg_9357_reg[23]_i_2/O[7]
                         net (fo=2, unplaced)         0.151     5.774    bd_0_i/hls_inst/inst/grp_FIR_filter_fu_47/sext_ln26_97_fu_7184_p1[23]
                         LUT2 (Prop_LUT2_I0_O)        0.060     5.834 r  bd_0_i/hls_inst/inst/grp_FIR_filter_fu_47/add_ln26_117_reg_9357[23]_i_3/O
                         net (fo=1, unplaced)         0.029     5.863    bd_0_i/hls_inst/inst/grp_FIR_filter_fu_47/add_ln26_117_reg_9357[23]_i_3_n_0
                         CARRY8 (Prop_CARRY8_S[7]_CO[7])
                                                      0.183     6.046 r  bd_0_i/hls_inst/inst/grp_FIR_filter_fu_47/add_ln26_117_reg_9357_reg[23]_i_1/CO[7]
                         net (fo=1, unplaced)         0.006     6.052    bd_0_i/hls_inst/inst/grp_FIR_filter_fu_47/add_ln26_117_reg_9357_reg[23]_i_1_n_0
                         CARRY8 (Prop_CARRY8_CI_O[0])
                                                      0.078     6.130 r  bd_0_i/hls_inst/inst/grp_FIR_filter_fu_47/add_ln26_117_reg_9357_reg[25]_i_1/O[0]
                         net (fo=1, unplaced)         0.032     6.162    bd_0_i/hls_inst/inst/grp_FIR_filter_fu_47/add_ln26_117_fu_7188_p2[24]
                         FDRE                                         r  bd_0_i/hls_inst/inst/grp_FIR_filter_fu_47/add_ln26_117_reg_9357_reg[24]/D
  -------------------------------------------------------------------    -------------------

                         (clock ap_clk rise edge)    10.000    10.000 r  
                                                      0.000    10.000 r  ap_clk (IN)
                         net (fo=6150, unset)         0.030    10.030    bd_0_i/hls_inst/inst/grp_FIR_filter_fu_47/ap_clk
                         FDRE                                         r  bd_0_i/hls_inst/inst/grp_FIR_filter_fu_47/add_ln26_117_reg_9357_reg[24]/C
                         clock pessimism              0.000    10.030    
                         clock uncertainty           -0.035     9.995    
                         FDRE (Setup_FDRE_C_D)        0.044    10.039    bd_0_i/hls_inst/inst/grp_FIR_filter_fu_47/add_ln26_117_reg_9357_reg[24]
  -------------------------------------------------------------------
                         required time                         10.039    
                         arrival time                          -6.162    
  -------------------------------------------------------------------
                         slack                                  3.877    

Slack (MET) :             4.034ns  (required time - arrival time)
  Source:                 bd_0_i/hls_inst/inst/grp_FIR_filter_fu_47/H_filter_FIR_U/ram_reg_bram_0/CLKARDCLK
                            (rising edge-triggered cell RAMB18E2 clocked by ap_clk  {rise@0.000ns fall@5.000ns period=10.000ns})
  Destination:            bd_0_i/hls_inst/inst/grp_FIR_filter_fu_47/add_ln26_117_reg_9357_reg[23]/D
                            (rising edge-triggered cell FDRE clocked by ap_clk  {rise@0.000ns fall@5.000ns period=10.000ns})
  Path Group:             ap_clk
  Path Type:              Setup (Max at Slow Process Corner)
  Requirement:            10.000ns  (ap_clk rise@10.000ns - ap_clk rise@0.000ns)
  Data Path Delay:        5.898ns  (logic 3.353ns (56.850%)  route 2.545ns (43.150%))
  Logic Levels:           16  (CARRY8=7 LUT2=2 LUT3=3 LUT5=2 LUT6=2)
  Clock Path Skew:        -0.077ns (DCD - SCD + CPR)
    Destination Clock Delay (DCD):    0.030ns = ( 10.030 - 10.000 ) 
    Source Clock Delay      (SCD):    0.107ns
    Clock Pessimism Removal (CPR):    0.000ns
  Clock Uncertainty:      0.035ns  ((TSJ^2 + TIJ^2)^1/2 + DJ) / 2 + PE
    Total System Jitter     (TSJ):    0.071ns
    Total Input Jitter      (TIJ):    0.000ns
    Discrete Jitter          (DJ):    0.000ns
    Phase Error              (PE):    0.000ns

    Location             Delay type                Incr(ns)  Path(ns)    Netlist Resource(s)
  -------------------------------------------------------------------    -------------------
                         (clock ap_clk rise edge)     0.000     0.000 r  
                                                      0.000     0.000 r  ap_clk (IN)
                         net (fo=6150, unset)         0.107     0.107    bd_0_i/hls_inst/inst/grp_FIR_filter_fu_47/H_filter_FIR_U/ap_clk
                         RAMB18E2                                     r  bd_0_i/hls_inst/inst/grp_FIR_filter_fu_47/H_filter_FIR_U/ram_reg_bram_0/CLKARDCLK
  -------------------------------------------------------------------    -------------------
                         RAMB18E2 (Prop_RAMB18E2_CLKARDCLK_DOUTADOUT[3])
                                                      1.317     1.424 r  bd_0_i/hls_inst/inst/grp_FIR_filter_fu_47/H_filter_FIR_U/ram_reg_bram_0/DOUTADOUT[3]
                         net (fo=219, unplaced)       0.383     1.807    bd_0_i/hls_inst/inst/grp_FIR_filter_fu_47/H_filter_FIR_U/A[3]
                         LUT2 (Prop_LUT2_I1_O)        0.056     1.863 r  bd_0_i/hls_inst/inst/grp_FIR_filter_fu_47/H_filter_FIR_U/add_ln26_117_reg_9357[25]_i_212/O
                         net (fo=1, unplaced)         0.040     1.903    bd_0_i/hls_inst/inst/grp_FIR_filter_fu_47/H_filter_FIR_U/add_ln26_117_reg_9357[25]_i_212_n_0
                         CARRY8 (Prop_CARRY8_S[3]_O[4])
                                                      0.215     2.118 r  bd_0_i/hls_inst/inst/grp_FIR_filter_fu_47/H_filter_FIR_U/add_ln26_117_reg_9357_reg[25]_i_139/O[4]
                         net (fo=2, unplaced)         0.212     2.330    bd_0_i/hls_inst/inst/grp_FIR_filter_fu_47/H_filter_FIR_U/tmp1_cast_fu_7018_p1[4]
                         LUT5 (Prop_LUT5_I0_O)        0.137     2.467 r  bd_0_i/hls_inst/inst/grp_FIR_filter_fu_47/H_filter_FIR_U/add_ln26_117_reg_9357[23]_i_71/O
                         net (fo=2, unplaced)         0.211     2.678    bd_0_i/hls_inst/inst/grp_FIR_filter_fu_47/H_filter_FIR_U/add_ln26_117_reg_9357[23]_i_71_n_0
                         LUT6 (Prop_LUT6_I0_O)        0.056     2.734 r  bd_0_i/hls_inst/inst/grp_FIR_filter_fu_47/H_filter_FIR_U/add_ln26_117_reg_9357[23]_i_79/O
                         net (fo=1, unplaced)         0.037     2.771    bd_0_i/hls_inst/inst/grp_FIR_filter_fu_47/H_filter_FIR_U/add_ln26_117_reg_9357[23]_i_79_n_0
                         CARRY8 (Prop_CARRY8_S[5]_CO[7])
                                                      0.246     3.017 r  bd_0_i/hls_inst/inst/grp_FIR_filter_fu_47/H_filter_FIR_U/add_ln26_117_reg_9357_reg[23]_i_53/CO[7]
                         net (fo=1, unplaced)         0.006     3.023    bd_0_i/hls_inst/inst/grp_FIR_filter_fu_47/H_filter_FIR_U/add_ln26_117_reg_9357_reg[23]_i_53_n_0
                         CARRY8 (Prop_CARRY8_CI_O[1])
                                                      0.106     3.129 r  bd_0_i/hls_inst/inst/grp_FIR_filter_fu_47/H_filter_FIR_U/add_ln26_117_reg_9357_reg[25]_i_58/O[1]
                         net (fo=6, unplaced)         0.168     3.297    bd_0_i/hls_inst/inst/grp_FIR_filter_fu_47/H_filter_FIR_U/tmp15_fu_7022_p2[9]
                         LUT3 (Prop_LUT3_I2_O)        0.082     3.379 r  bd_0_i/hls_inst/inst/grp_FIR_filter_fu_47/H_filter_FIR_U/add_ln26_117_reg_9357[25]_i_65/O
                         net (fo=1, unplaced)         0.211     3.590    bd_0_i/hls_inst/inst/grp_FIR_filter_fu_47/H_filter_FIR_U/add_ln26_117_reg_9357[25]_i_65_n_0
                         CARRY8 (Prop_CARRY8_DI[2]_O[5])
                                                      0.284     3.874 r  bd_0_i/hls_inst/inst/grp_FIR_filter_fu_47/H_filter_FIR_U/add_ln26_117_reg_9357_reg[25]_i_47/O[5]
                         net (fo=6, unplaced)         0.177     4.051    bd_0_i/hls_inst/inst/grp_FIR_filter_fu_47/H_filter_FIR_U/add_ln26_117_reg_9357_reg[25]_i_47_n_10
                         LUT3 (Prop_LUT3_I0_O)        0.082     4.133 r  bd_0_i/hls_inst/inst/grp_FIR_filter_fu_47/H_filter_FIR_U/add_ln26_117_reg_9357[25]_i_35/O
                         net (fo=1, unplaced)         0.212     4.345    bd_0_i/hls_inst/inst/grp_FIR_filter_fu_47/H_filter_FIR_U/add_ln26_117_reg_9357[25]_i_35_n_0
                         CARRY8 (Prop_CARRY8_DI[3]_O[4])
                                                      0.235     4.580 r  bd_0_i/hls_inst/inst/grp_FIR_filter_fu_47/H_filter_FIR_U/add_ln26_117_reg_9357_reg[25]_i_22/O[4]
                         net (fo=3, unplaced)         0.215     4.795    bd_0_i/hls_inst/inst/grp_FIR_filter_fu_47/H_filter_FIR_U/sext_ln26_86_fu_7159_p1[20]
                         LUT3 (Prop_LUT3_I2_O)        0.058     4.853 r  bd_0_i/hls_inst/inst/grp_FIR_filter_fu_47/H_filter_FIR_U/add_ln26_117_reg_9357[23]_i_29/O
                         net (fo=2, unplaced)         0.211     5.064    bd_0_i/hls_inst/inst/grp_FIR_filter_fu_47/H_filter_FIR_U/add_ln26_117_reg_9357[23]_i_29_n_0
                         LUT5 (Prop_LUT5_I4_O)        0.058     5.122 r  bd_0_i/hls_inst/inst/grp_FIR_filter_fu_47/H_filter_FIR_U/add_ln26_117_reg_9357[23]_i_13/O
                         net (fo=2, unplaced)         0.211     5.333    bd_0_i/hls_inst/inst/grp_FIR_filter_fu_47/H_filter_FIR_U/add_ln26_117_reg_9357[23]_i_13_n_0
                         LUT6 (Prop_LUT6_I0_O)        0.056     5.389 r  bd_0_i/hls_inst/inst/grp_FIR_filter_fu_47/H_filter_FIR_U/add_ln26_117_reg_9357[23]_i_21/O
                         net (fo=1, unplaced)         0.037     5.426    bd_0_i/hls_inst/inst/grp_FIR_filter_fu_47/H_filter_FIR_U/add_ln26_117_reg_9357[23]_i_21_n_0
                         CARRY8 (Prop_CARRY8_S[5]_O[6])
                                                      0.186     5.612 r  bd_0_i/hls_inst/inst/grp_FIR_filter_fu_47/H_filter_FIR_U/add_ln26_117_reg_9357_reg[23]_i_2/O[6]
                         net (fo=2, unplaced)         0.151     5.763    bd_0_i/hls_inst/inst/grp_FIR_filter_fu_47/sext_ln26_97_fu_7184_p1[22]
                         LUT2 (Prop_LUT2_I0_O)        0.057     5.820 r  bd_0_i/hls_inst/inst/grp_FIR_filter_fu_47/add_ln26_117_reg_9357[23]_i_4/O
                         net (fo=1, unplaced)         0.029     5.849    bd_0_i/hls_inst/inst/grp_FIR_filter_fu_47/add_ln26_117_reg_9357[23]_i_4_n_0
                         CARRY8 (Prop_CARRY8_S[6]_O[7])
                                                      0.122     5.971 r  bd_0_i/hls_inst/inst/grp_FIR_filter_fu_47/add_ln26_117_reg_9357_reg[23]_i_1/O[7]
                         net (fo=1, unplaced)         0.034     6.005    bd_0_i/hls_inst/inst/grp_FIR_filter_fu_47/add_ln26_117_fu_7188_p2[23]
                         FDRE                                         r  bd_0_i/hls_inst/inst/grp_FIR_filter_fu_47/add_ln26_117_reg_9357_reg[23]/D
  -------------------------------------------------------------------    -------------------

                         (clock ap_clk rise edge)    10.000    10.000 r  
                                                      0.000    10.000 r  ap_clk (IN)
                         net (fo=6150, unset)         0.030    10.030    bd_0_i/hls_inst/inst/grp_FIR_filter_fu_47/ap_clk
                         FDRE                                         r  bd_0_i/hls_inst/inst/grp_FIR_filter_fu_47/add_ln26_117_reg_9357_reg[23]/C
                         clock pessimism              0.000    10.030    
                         clock uncertainty           -0.035     9.995    
                         FDRE (Setup_FDRE_C_D)        0.044    10.039    bd_0_i/hls_inst/inst/grp_FIR_filter_fu_47/add_ln26_117_reg_9357_reg[23]
  -------------------------------------------------------------------
                         required time                         10.039    
                         arrival time                          -6.005    
  -------------------------------------------------------------------
                         slack                                  4.034    

Slack (MET) :             4.073ns  (required time - arrival time)
  Source:                 bd_0_i/hls_inst/inst/grp_FIR_filter_fu_47/H_filter_FIR_U/ram_reg_bram_0/CLKARDCLK
                            (rising edge-triggered cell RAMB18E2 clocked by ap_clk  {rise@0.000ns fall@5.000ns period=10.000ns})
  Destination:            bd_0_i/hls_inst/inst/grp_FIR_filter_fu_47/add_ln26_117_reg_9357_reg[22]/D
                            (rising edge-triggered cell FDRE clocked by ap_clk  {rise@0.000ns fall@5.000ns period=10.000ns})
  Path Group:             ap_clk
  Path Type:              Setup (Max at Slow Process Corner)
  Requirement:            10.000ns  (ap_clk rise@10.000ns - ap_clk rise@0.000ns)
  Data Path Delay:        5.858ns  (logic 3.313ns (56.555%)  route 2.545ns (43.445%))
  Logic Levels:           16  (CARRY8=7 LUT2=2 LUT3=3 LUT5=2 LUT6=2)
  Clock Path Skew:        -0.077ns (DCD - SCD + CPR)
    Destination Clock Delay (DCD):    0.030ns = ( 10.030 - 10.000 ) 
    Source Clock Delay      (SCD):    0.107ns
    Clock Pessimism Removal (CPR):    0.000ns
  Clock Uncertainty:      0.035ns  ((TSJ^2 + TIJ^2)^1/2 + DJ) / 2 + PE
    Total System Jitter     (TSJ):    0.071ns
    Total Input Jitter      (TIJ):    0.000ns
    Discrete Jitter          (DJ):    0.000ns
    Phase Error              (PE):    0.000ns

    Location             Delay type                Incr(ns)  Path(ns)    Netlist Resource(s)
  -------------------------------------------------------------------    -------------------
                         (clock ap_clk rise edge)     0.000     0.000 r  
                                                      0.000     0.000 r  ap_clk (IN)
                         net (fo=6150, unset)         0.107     0.107    bd_0_i/hls_inst/inst/grp_FIR_filter_fu_47/H_filter_FIR_U/ap_clk
                         RAMB18E2                                     r  bd_0_i/hls_inst/inst/grp_FIR_filter_fu_47/H_filter_FIR_U/ram_reg_bram_0/CLKARDCLK
  -------------------------------------------------------------------    -------------------
                         RAMB18E2 (Prop_RAMB18E2_CLKARDCLK_DOUTADOUT[3])
                                                      1.317     1.424 r  bd_0_i/hls_inst/inst/grp_FIR_filter_fu_47/H_filter_FIR_U/ram_reg_bram_0/DOUTADOUT[3]
                         net (fo=219, unplaced)       0.383     1.807    bd_0_i/hls_inst/inst/grp_FIR_filter_fu_47/H_filter_FIR_U/A[3]
                         LUT2 (Prop_LUT2_I1_O)        0.056     1.863 r  bd_0_i/hls_inst/inst/grp_FIR_filter_fu_47/H_filter_FIR_U/add_ln26_117_reg_9357[25]_i_212/O
                         net (fo=1, unplaced)         0.040     1.903    bd_0_i/hls_inst/inst/grp_FIR_filter_fu_47/H_filter_FIR_U/add_ln26_117_reg_9357[25]_i_212_n_0
                         CARRY8 (Prop_CARRY8_S[3]_O[4])
                                                      0.215     2.118 r  bd_0_i/hls_inst/inst/grp_FIR_filter_fu_47/H_filter_FIR_U/add_ln26_117_reg_9357_reg[25]_i_139/O[4]
                         net (fo=2, unplaced)         0.212     2.330    bd_0_i/hls_inst/inst/grp_FIR_filter_fu_47/H_filter_FIR_U/tmp1_cast_fu_7018_p1[4]
                         LUT5 (Prop_LUT5_I0_O)        0.137     2.467 r  bd_0_i/hls_inst/inst/grp_FIR_filter_fu_47/H_filter_FIR_U/add_ln26_117_reg_9357[23]_i_71/O
                         net (fo=2, unplaced)         0.211     2.678    bd_0_i/hls_inst/inst/grp_FIR_filter_fu_47/H_filter_FIR_U/add_ln26_117_reg_9357[23]_i_71_n_0
                         LUT6 (Prop_LUT6_I0_O)        0.056     2.734 r  bd_0_i/hls_inst/inst/grp_FIR_filter_fu_47/H_filter_FIR_U/add_ln26_117_reg_9357[23]_i_79/O
                         net (fo=1, unplaced)         0.037     2.771    bd_0_i/hls_inst/inst/grp_FIR_filter_fu_47/H_filter_FIR_U/add_ln26_117_reg_9357[23]_i_79_n_0
                         CARRY8 (Prop_CARRY8_S[5]_CO[7])
                                                      0.246     3.017 r  bd_0_i/hls_inst/inst/grp_FIR_filter_fu_47/H_filter_FIR_U/add_ln26_117_reg_9357_reg[23]_i_53/CO[7]
                         net (fo=1, unplaced)         0.006     3.023    bd_0_i/hls_inst/inst/grp_FIR_filter_fu_47/H_filter_FIR_U/add_ln26_117_reg_9357_reg[23]_i_53_n_0
                         CARRY8 (Prop_CARRY8_CI_O[1])
                                                      0.106     3.129 r  bd_0_i/hls_inst/inst/grp_FIR_filter_fu_47/H_filter_FIR_U/add_ln26_117_reg_9357_reg[25]_i_58/O[1]
                         net (fo=6, unplaced)         0.168     3.297    bd_0_i/hls_inst/inst/grp_FIR_filter_fu_47/H_filter_FIR_U/tmp15_fu_7022_p2[9]
                         LUT3 (Prop_LUT3_I2_O)        0.082     3.379 r  bd_0_i/hls_inst/inst/grp_FIR_filter_fu_47/H_filter_FIR_U/add_ln26_117_reg_9357[25]_i_65/O
                         net (fo=1, unplaced)         0.211     3.590    bd_0_i/hls_inst/inst/grp_FIR_filter_fu_47/H_filter_FIR_U/add_ln26_117_reg_9357[25]_i_65_n_0
                         CARRY8 (Prop_CARRY8_DI[2]_O[5])
                                                      0.284     3.874 r  bd_0_i/hls_inst/inst/grp_FIR_filter_fu_47/H_filter_FIR_U/add_ln26_117_reg_9357_reg[25]_i_47/O[5]
                         net (fo=6, unplaced)         0.177     4.051    bd_0_i/hls_inst/inst/grp_FIR_filter_fu_47/H_filter_FIR_U/add_ln26_117_reg_9357_reg[25]_i_47_n_10
                         LUT3 (Prop_LUT3_I0_O)        0.082     4.133 r  bd_0_i/hls_inst/inst/grp_FIR_filter_fu_47/H_filter_FIR_U/add_ln26_117_reg_9357[25]_i_35/O
                         net (fo=1, unplaced)         0.212     4.345    bd_0_i/hls_inst/inst/grp_FIR_filter_fu_47/H_filter_FIR_U/add_ln26_117_reg_9357[25]_i_35_n_0
                         CARRY8 (Prop_CARRY8_DI[3]_O[4])
                                                      0.235     4.580 r  bd_0_i/hls_inst/inst/grp_FIR_filter_fu_47/H_filter_FIR_U/add_ln26_117_reg_9357_reg[25]_i_22/O[4]
                         net (fo=3, unplaced)         0.215     4.795    bd_0_i/hls_inst/inst/grp_FIR_filter_fu_47/H_filter_FIR_U/sext_ln26_86_fu_7159_p1[20]
                         LUT3 (Prop_LUT3_I2_O)        0.058     4.853 r  bd_0_i/hls_inst/inst/grp_FIR_filter_fu_47/H_filter_FIR_U/add_ln26_117_reg_9357[23]_i_29/O
                         net (fo=2, unplaced)         0.211     5.064    bd_0_i/hls_inst/inst/grp_FIR_filter_fu_47/H_filter_FIR_U/add_ln26_117_reg_9357[23]_i_29_n_0
                         LUT5 (Prop_LUT5_I4_O)        0.058     5.122 r  bd_0_i/hls_inst/inst/grp_FIR_filter_fu_47/H_filter_FIR_U/add_ln26_117_reg_9357[23]_i_13/O
                         net (fo=2, unplaced)         0.211     5.333    bd_0_i/hls_inst/inst/grp_FIR_filter_fu_47/H_filter_FIR_U/add_ln26_117_reg_9357[23]_i_13_n_0
                         LUT6 (Prop_LUT6_I0_O)        0.056     5.389 r  bd_0_i/hls_inst/inst/grp_FIR_filter_fu_47/H_filter_FIR_U/add_ln26_117_reg_9357[23]_i_21/O
                         net (fo=1, unplaced)         0.037     5.426    bd_0_i/hls_inst/inst/grp_FIR_filter_fu_47/H_filter_FIR_U/add_ln26_117_reg_9357[23]_i_21_n_0
                         CARRY8 (Prop_CARRY8_S[5]_O[6])
                                                      0.186     5.612 r  bd_0_i/hls_inst/inst/grp_FIR_filter_fu_47/H_filter_FIR_U/add_ln26_117_reg_9357_reg[23]_i_2/O[6]
                         net (fo=2, unplaced)         0.151     5.763    bd_0_i/hls_inst/inst/grp_FIR_filter_fu_47/sext_ln26_97_fu_7184_p1[22]
                         LUT2 (Prop_LUT2_I0_O)        0.057     5.820 r  bd_0_i/hls_inst/inst/grp_FIR_filter_fu_47/add_ln26_117_reg_9357[23]_i_4/O
                         net (fo=1, unplaced)         0.029     5.849    bd_0_i/hls_inst/inst/grp_FIR_filter_fu_47/add_ln26_117_reg_9357[23]_i_4_n_0
                         CARRY8 (Prop_CARRY8_S[6]_O[6])
                                                      0.082     5.931 r  bd_0_i/hls_inst/inst/grp_FIR_filter_fu_47/add_ln26_117_reg_9357_reg[23]_i_1/O[6]
                         net (fo=1, unplaced)         0.034     5.965    bd_0_i/hls_inst/inst/grp_FIR_filter_fu_47/add_ln26_117_fu_7188_p2[22]
                         FDRE                                         r  bd_0_i/hls_inst/inst/grp_FIR_filter_fu_47/add_ln26_117_reg_9357_reg[22]/D
  -------------------------------------------------------------------    -------------------

                         (clock ap_clk rise edge)    10.000    10.000 r  
                                                      0.000    10.000 r  ap_clk (IN)
                         net (fo=6150, unset)         0.030    10.030    bd_0_i/hls_inst/inst/grp_FIR_filter_fu_47/ap_clk
                         FDRE                                         r  bd_0_i/hls_inst/inst/grp_FIR_filter_fu_47/add_ln26_117_reg_9357_reg[22]/C
                         clock pessimism              0.000    10.030    
                         clock uncertainty           -0.035     9.995    
                         FDRE (Setup_FDRE_C_D)        0.043    10.038    bd_0_i/hls_inst/inst/grp_FIR_filter_fu_47/add_ln26_117_reg_9357_reg[22]
  -------------------------------------------------------------------
                         required time                         10.038    
                         arrival time                          -5.965    
  -------------------------------------------------------------------
                         slack                                  4.073    

Slack (MET) :             4.095ns  (required time - arrival time)
  Source:                 bd_0_i/hls_inst/inst/grp_FIR_filter_fu_47/H_filter_FIR_U/ram_reg_bram_0/CLKARDCLK
                            (rising edge-triggered cell RAMB18E2 clocked by ap_clk  {rise@0.000ns fall@5.000ns period=10.000ns})
  Destination:            bd_0_i/hls_inst/inst/grp_FIR_filter_fu_47/add_ln26_117_reg_9357_reg[21]/D
                            (rising edge-triggered cell FDRE clocked by ap_clk  {rise@0.000ns fall@5.000ns period=10.000ns})
  Path Group:             ap_clk
  Path Type:              Setup (Max at Slow Process Corner)
  Requirement:            10.000ns  (ap_clk rise@10.000ns - ap_clk rise@0.000ns)
  Data Path Delay:        5.836ns  (logic 3.324ns (56.957%)  route 2.512ns (43.043%))
  Logic Levels:           15  (CARRY8=7 LUT2=2 LUT3=3 LUT5=1 LUT6=2)
  Clock Path Skew:        -0.077ns (DCD - SCD + CPR)
    Destination Clock Delay (DCD):    0.030ns = ( 10.030 - 10.000 ) 
    Source Clock Delay      (SCD):    0.107ns
    Clock Pessimism Removal (CPR):    0.000ns
  Clock Uncertainty:      0.035ns  ((TSJ^2 + TIJ^2)^1/2 + DJ) / 2 + PE
    Total System Jitter     (TSJ):    0.071ns
    Total Input Jitter      (TIJ):    0.000ns
    Discrete Jitter          (DJ):    0.000ns
    Phase Error              (PE):    0.000ns

    Location             Delay type                Incr(ns)  Path(ns)    Netlist Resource(s)
  -------------------------------------------------------------------    -------------------
                         (clock ap_clk rise edge)     0.000     0.000 r  
                                                      0.000     0.000 r  ap_clk (IN)
                         net (fo=6150, unset)         0.107     0.107    bd_0_i/hls_inst/inst/grp_FIR_filter_fu_47/H_filter_FIR_U/ap_clk
                         RAMB18E2                                     r  bd_0_i/hls_inst/inst/grp_FIR_filter_fu_47/H_filter_FIR_U/ram_reg_bram_0/CLKARDCLK
  -------------------------------------------------------------------    -------------------
                         RAMB18E2 (Prop_RAMB18E2_CLKARDCLK_DOUTADOUT[0])
                                                      1.353     1.460 r  bd_0_i/hls_inst/inst/grp_FIR_filter_fu_47/H_filter_FIR_U/ram_reg_bram_0/DOUTADOUT[0]
                         net (fo=213, unplaced)       0.274     1.734    bd_0_i/hls_inst/inst/grp_FIR_filter_fu_47/H_filter_FIR_U/A[0]
                         LUT2 (Prop_LUT2_I1_O)        0.058     1.792 r  bd_0_i/hls_inst/inst/grp_FIR_filter_fu_47/H_filter_FIR_U/add_ln26_117_reg_9357[25]_i_215/O
                         net (fo=1, unplaced)         0.025     1.817    bd_0_i/hls_inst/inst/grp_FIR_filter_fu_47/H_filter_FIR_U/add_ln26_117_reg_9357[25]_i_215_n_0
                         CARRY8 (Prop_CARRY8_S[0]_O[1])
                                                      0.135     1.952 r  bd_0_i/hls_inst/inst/grp_FIR_filter_fu_47/H_filter_FIR_U/add_ln26_117_reg_9357_reg[25]_i_139/O[1]
                         net (fo=3, unplaced)         0.157     2.109    bd_0_i/hls_inst/inst/grp_FIR_filter_fu_47/H_filter_FIR_U/tmp1_cast_fu_7018_p1[1]
                         LUT6 (Prop_LUT6_I3_O)        0.137     2.246 r  bd_0_i/hls_inst/inst/grp_FIR_filter_fu_47/H_filter_FIR_U/add_ln26_117_reg_9357[23]_i_75/O
                         net (fo=1, unplaced)         0.232     2.478    bd_0_i/hls_inst/inst/grp_FIR_filter_fu_47/H_filter_FIR_U/add_ln26_117_reg_9357[23]_i_75_n_0
                         CARRY8 (Prop_CARRY8_DI[1]_O[2])
                                                      0.141     2.619 r  bd_0_i/hls_inst/inst/grp_FIR_filter_fu_47/H_filter_FIR_U/add_ln26_117_reg_9357_reg[23]_i_53/O[2]
                         net (fo=6, unplaced)         0.233     2.852    bd_0_i/hls_inst/inst/grp_FIR_filter_fu_47/H_filter_FIR_U/tmp15_fu_7022_p2[2]
                         LUT3 (Prop_LUT3_I2_O)        0.058     2.910 r  bd_0_i/hls_inst/inst/grp_FIR_filter_fu_47/H_filter_FIR_U/add_ln26_117_reg_9357[23]_i_58/O
                         net (fo=1, unplaced)         0.212     3.122    bd_0_i/hls_inst/inst/grp_FIR_filter_fu_47/H_filter_FIR_U/add_ln26_117_reg_9357[23]_i_58_n_0
                         CARRY8 (Prop_CARRY8_DI[3]_O[4])
                                                      0.235     3.357 r  bd_0_i/hls_inst/inst/grp_FIR_filter_fu_47/H_filter_FIR_U/add_ln26_117_reg_9357_reg[23]_i_52/O[4]
                         net (fo=3, unplaced)         0.215     3.572    bd_0_i/hls_inst/inst/grp_FIR_filter_fu_47/H_filter_FIR_U/add_ln26_117_reg_9357_reg[23]_i_52_n_11
                         LUT3 (Prop_LUT3_I1_O)        0.058     3.630 r  bd_0_i/hls_inst/inst/grp_FIR_filter_fu_47/H_filter_FIR_U/add_ln26_117_reg_9357[23]_i_40/O
                         net (fo=1, unplaced)         0.212     3.842    bd_0_i/hls_inst/inst/grp_FIR_filter_fu_47/H_filter_FIR_U/add_ln26_117_reg_9357[23]_i_40_n_0
                         CARRY8 (Prop_CARRY8_DI[3]_O[4])
                                                      0.235     4.077 r  bd_0_i/hls_inst/inst/grp_FIR_filter_fu_47/H_filter_FIR_U/add_ln26_117_reg_9357_reg[23]_i_33/O[4]
                         net (fo=3, unplaced)         0.215     4.292    bd_0_i/hls_inst/inst/grp_FIR_filter_fu_47/H_filter_FIR_U/sext_ln26_86_fu_7159_p1[12]
                         LUT3 (Prop_LUT3_I2_O)        0.058     4.350 r  bd_0_i/hls_inst/inst/grp_FIR_filter_fu_47/H_filter_FIR_U/add_ln26_117_reg_9357[15]_i_29/O
                         net (fo=2, unplaced)         0.211     4.561    bd_0_i/hls_inst/inst/grp_FIR_filter_fu_47/H_filter_FIR_U/add_ln26_117_reg_9357[15]_i_29_n_0
                         LUT5 (Prop_LUT5_I4_O)        0.058     4.619 r  bd_0_i/hls_inst/inst/grp_FIR_filter_fu_47/H_filter_FIR_U/add_ln26_117_reg_9357[15]_i_13/O
                         net (fo=2, unplaced)         0.211     4.830    bd_0_i/hls_inst/inst/grp_FIR_filter_fu_47/H_filter_FIR_U/add_ln26_117_reg_9357[15]_i_13_n_0
                         LUT6 (Prop_LUT6_I0_O)        0.056     4.886 r  bd_0_i/hls_inst/inst/grp_FIR_filter_fu_47/H_filter_FIR_U/add_ln26_117_reg_9357[15]_i_21/O
                         net (fo=1, unplaced)         0.037     4.923    bd_0_i/hls_inst/inst/grp_FIR_filter_fu_47/H_filter_FIR_U/add_ln26_117_reg_9357[15]_i_21_n_0
                         CARRY8 (Prop_CARRY8_S[5]_CO[7])
                                                      0.246     5.169 r  bd_0_i/hls_inst/inst/grp_FIR_filter_fu_47/H_filter_FIR_U/add_ln26_117_reg_9357_reg[15]_i_2/CO[7]
                         net (fo=1, unplaced)         0.006     5.175    bd_0_i/hls_inst/inst/grp_FIR_filter_fu_47/H_filter_FIR_U/add_ln26_117_reg_9357_reg[15]_i_2_n_0
                         CARRY8 (Prop_CARRY8_CI_O[1])
                                                      0.106     5.281 r  bd_0_i/hls_inst/inst/grp_FIR_filter_fu_47/H_filter_FIR_U/add_ln26_117_reg_9357_reg[23]_i_2/O[1]
                         net (fo=2, unplaced)         0.209     5.490    bd_0_i/hls_inst/inst/grp_FIR_filter_fu_47/sext_ln26_97_fu_7184_p1[17]
                         LUT2 (Prop_LUT2_I0_O)        0.057     5.547 r  bd_0_i/hls_inst/inst/grp_FIR_filter_fu_47/add_ln26_117_reg_9357[23]_i_9/O
                         net (fo=1, unplaced)         0.030     5.577    bd_0_i/hls_inst/inst/grp_FIR_filter_fu_47/add_ln26_117_reg_9357[23]_i_9_n_0
                         CARRY8 (Prop_CARRY8_S[1]_O[5])
                                                      0.333     5.910 r  bd_0_i/hls_inst/inst/grp_FIR_filter_fu_47/add_ln26_117_reg_9357_reg[23]_i_1/O[5]
                         net (fo=1, unplaced)         0.033     5.943    bd_0_i/hls_inst/inst/grp_FIR_filter_fu_47/add_ln26_117_fu_7188_p2[21]
                         FDRE                                         r  bd_0_i/hls_inst/inst/grp_FIR_filter_fu_47/add_ln26_117_reg_9357_reg[21]/D
  -------------------------------------------------------------------    -------------------

                         (clock ap_clk rise edge)    10.000    10.000 r  
                                                      0.000    10.000 r  ap_clk (IN)
                         net (fo=6150, unset)         0.030    10.030    bd_0_i/hls_inst/inst/grp_FIR_filter_fu_47/ap_clk
                         FDRE                                         r  bd_0_i/hls_inst/inst/grp_FIR_filter_fu_47/add_ln26_117_reg_9357_reg[21]/C
                         clock pessimism              0.000    10.030    
                         clock uncertainty           -0.035     9.995    
                         FDRE (Setup_FDRE_C_D)        0.043    10.038    bd_0_i/hls_inst/inst/grp_FIR_filter_fu_47/add_ln26_117_reg_9357_reg[21]
  -------------------------------------------------------------------
                         required time                         10.038    
                         arrival time                          -5.943    
  -------------------------------------------------------------------
                         slack                                  4.095    




