Copyright 1986-2022 Xilinx, Inc. All Rights Reserved. Copyright 2022-2024 Advanced Micro Devices, Inc. All Rights Reserved.
---------------------------------------------------------------------------------------------------------------------------------------------
| Tool Version : Vivado v.2024.2 (win64) Build 5239630 Fri Nov 08 22:35:27 MST 2024
| Date         : Tue Nov 11 22:28:53 2025
| Host         : DESKTOP-92OKADH running 64-bit major release  (build 9200)
| Command      : report_utilization -hierarchical -hierarchical_depth 6 -file ./report/FIR_HLS_utilization_hierarchical_routed.rpt
| Design       : bd_0_wrapper
| Device       : xck26-sfvc784-2LV-c
| Speed File   : -2LV
| Design State : Routed
---------------------------------------------------------------------------------------------------------------------------------------------

Utilization Design Information

Table of Contents
-----------------
1. Utilization by Hierarchy

1. Utilization by Hierarchy
---------------------------

+---------------------------------------------------------------------+-------------------------------------------------------------------------+------------+------------+---------+------+------+--------+--------+------+------------+
|                               Instance                              |                                  Module                                 | Total LUTs | Logic LUTs | LUTRAMs | SRLs |  FFs | RAMB36 | RAMB18 | URAM | DSP Blocks |
+---------------------------------------------------------------------+-------------------------------------------------------------------------+------------+------------+---------+------+------+--------+--------+------+------------+
| bd_0_wrapper                                                        |                                                                   (top) |       4973 |       4941 |       0 |   32 | 8527 |      0 |      0 |    0 |         81 |
|   bd_0_i                                                            |                                                                    bd_0 |       4973 |       4941 |       0 |   32 | 8527 |      0 |      0 |    0 |         81 |
|     hls_inst                                                        |                                                         bd_0_hls_inst_0 |       4973 |       4941 |       0 |   32 | 8527 |      0 |      0 |    0 |         81 |
|       inst                                                          |                                                 bd_0_hls_inst_0_FIR_HLS |       4973 |       4941 |       0 |   32 | 8527 |      0 |      0 |    0 |         81 |
|         (inst)                                                      |                                                 bd_0_hls_inst_0_FIR_HLS |          0 |          0 |       0 |    0 |   24 |      0 |      0 |    0 |          0 |
|         grp_FIR_filter_fu_827                                       |                                      bd_0_hls_inst_0_FIR_HLS_FIR_filter |       4925 |       4893 |       0 |   32 | 8429 |      0 |      0 |    0 |         81 |
|           (grp_FIR_filter_fu_827)                                   |                                      bd_0_hls_inst_0_FIR_HLS_FIR_filter |       3629 |       3597 |       0 |   32 | 8429 |      0 |      0 |    0 |          0 |
|           am_addmul_16s_16s_10ns_28_4_1_U26                         |                   bd_0_hls_inst_0_FIR_HLS_am_addmul_16s_16s_10ns_28_4_1 |          0 |          0 |       0 |    0 |    0 |      0 |      0 |    0 |          1 |
|             FIR_HLS_am_addmul_16s_16s_10ns_28_4_1_DSP48_0_U         |        bd_0_hls_inst_0_FIR_HLS_am_addmul_16s_16s_10ns_28_4_1_DSP48_0_42 |          0 |          0 |       0 |    0 |    0 |      0 |      0 |    0 |          1 |
|           am_addmul_16s_16s_10ns_28_4_1_U28                         |                 bd_0_hls_inst_0_FIR_HLS_am_addmul_16s_16s_10ns_28_4_1_1 |          0 |          0 |       0 |    0 |    0 |      0 |      0 |    0 |          1 |
|             FIR_HLS_am_addmul_16s_16s_10ns_28_4_1_DSP48_0_U         |           bd_0_hls_inst_0_FIR_HLS_am_addmul_16s_16s_10ns_28_4_1_DSP48_0 |          0 |          0 |       0 |    0 |    0 |      0 |      0 |    0 |          1 |
|           am_addmul_16s_16s_10s_27_4_1_U19                          |                    bd_0_hls_inst_0_FIR_HLS_am_addmul_16s_16s_10s_27_4_1 |          0 |          0 |       0 |    0 |    0 |      0 |      0 |    0 |          1 |
|             FIR_HLS_am_addmul_16s_16s_10s_27_4_1_DSP48_0_U          |         bd_0_hls_inst_0_FIR_HLS_am_addmul_16s_16s_10s_27_4_1_DSP48_0_41 |          0 |          0 |       0 |    0 |    0 |      0 |      0 |    0 |          1 |
|           am_addmul_16s_16s_10s_27_4_1_U20                          |                  bd_0_hls_inst_0_FIR_HLS_am_addmul_16s_16s_10s_27_4_1_2 |          0 |          0 |       0 |    0 |    0 |      0 |      0 |    0 |          1 |
|             FIR_HLS_am_addmul_16s_16s_10s_27_4_1_DSP48_0_U          |         bd_0_hls_inst_0_FIR_HLS_am_addmul_16s_16s_10s_27_4_1_DSP48_0_40 |          0 |          0 |       0 |    0 |    0 |      0 |      0 |    0 |          1 |
|           am_addmul_16s_16s_10s_27_4_1_U23                          |                  bd_0_hls_inst_0_FIR_HLS_am_addmul_16s_16s_10s_27_4_1_3 |          0 |          0 |       0 |    0 |    0 |      0 |      0 |    0 |          1 |
|             FIR_HLS_am_addmul_16s_16s_10s_27_4_1_DSP48_0_U          |            bd_0_hls_inst_0_FIR_HLS_am_addmul_16s_16s_10s_27_4_1_DSP48_0 |          0 |          0 |       0 |    0 |    0 |      0 |      0 |    0 |          1 |
|           am_addmul_16s_16s_11ns_28_4_1_U33                         |                   bd_0_hls_inst_0_FIR_HLS_am_addmul_16s_16s_11ns_28_4_1 |          0 |          0 |       0 |    0 |    0 |      0 |      0 |    0 |          1 |
|             FIR_HLS_am_addmul_16s_16s_11ns_28_4_1_DSP48_0_U         |           bd_0_hls_inst_0_FIR_HLS_am_addmul_16s_16s_11ns_28_4_1_DSP48_0 |          0 |          0 |       0 |    0 |    0 |      0 |      0 |    0 |          1 |
|           am_addmul_16s_16s_11s_28_4_1_U24                          |                    bd_0_hls_inst_0_FIR_HLS_am_addmul_16s_16s_11s_28_4_1 |          0 |          0 |       0 |    0 |    0 |      0 |      0 |    0 |          1 |
|             FIR_HLS_am_addmul_16s_16s_11s_28_4_1_DSP48_0_U          |         bd_0_hls_inst_0_FIR_HLS_am_addmul_16s_16s_11s_28_4_1_DSP48_0_39 |          0 |          0 |       0 |    0 |    0 |      0 |      0 |    0 |          1 |
|           am_addmul_16s_16s_11s_28_4_1_U25                          |                  bd_0_hls_inst_0_FIR_HLS_am_addmul_16s_16s_11s_28_4_1_4 |          0 |          0 |       0 |    0 |    0 |      0 |      0 |    0 |          1 |
|             FIR_HLS_am_addmul_16s_16s_11s_28_4_1_DSP48_0_U          |            bd_0_hls_inst_0_FIR_HLS_am_addmul_16s_16s_11s_28_4_1_DSP48_0 |          0 |          0 |       0 |    0 |    0 |      0 |      0 |    0 |          1 |
|           am_addmul_16s_16s_12ns_30_4_1_U34                         |                   bd_0_hls_inst_0_FIR_HLS_am_addmul_16s_16s_12ns_30_4_1 |          0 |          0 |       0 |    0 |    0 |      0 |      0 |    0 |          1 |
|             FIR_HLS_am_addmul_16s_16s_12ns_30_4_1_DSP48_0_U         |           bd_0_hls_inst_0_FIR_HLS_am_addmul_16s_16s_12ns_30_4_1_DSP48_0 |          0 |          0 |       0 |    0 |    0 |      0 |      0 |    0 |          1 |
|           am_addmul_16s_16s_12s_29_4_1_U30                          |                    bd_0_hls_inst_0_FIR_HLS_am_addmul_16s_16s_12s_29_4_1 |          0 |          0 |       0 |    0 |    0 |      0 |      0 |    0 |          1 |
|             FIR_HLS_am_addmul_16s_16s_12s_29_4_1_DSP48_0_U          |         bd_0_hls_inst_0_FIR_HLS_am_addmul_16s_16s_12s_29_4_1_DSP48_0_38 |          0 |          0 |       0 |    0 |    0 |      0 |      0 |    0 |          1 |
|           am_addmul_16s_16s_12s_29_4_1_U31                          |                  bd_0_hls_inst_0_FIR_HLS_am_addmul_16s_16s_12s_29_4_1_5 |          0 |          0 |       0 |    0 |    0 |      0 |      0 |    0 |          1 |
|             FIR_HLS_am_addmul_16s_16s_12s_29_4_1_DSP48_0_U          |         bd_0_hls_inst_0_FIR_HLS_am_addmul_16s_16s_12s_29_4_1_DSP48_0_37 |          0 |          0 |       0 |    0 |    0 |      0 |      0 |    0 |          1 |
|           am_addmul_16s_16s_12s_29_4_1_U32                          |                  bd_0_hls_inst_0_FIR_HLS_am_addmul_16s_16s_12s_29_4_1_6 |          0 |          0 |       0 |    0 |    0 |      0 |      0 |    0 |          1 |
|             FIR_HLS_am_addmul_16s_16s_12s_29_4_1_DSP48_0_U          |            bd_0_hls_inst_0_FIR_HLS_am_addmul_16s_16s_12s_29_4_1_DSP48_0 |          0 |          0 |       0 |    0 |    0 |      0 |      0 |    0 |          1 |
|           am_addmul_16s_16s_13ns_31_4_1_U35                         |                   bd_0_hls_inst_0_FIR_HLS_am_addmul_16s_16s_13ns_31_4_1 |          0 |          0 |       0 |    0 |    0 |      0 |      0 |    0 |          1 |
|             FIR_HLS_am_addmul_16s_16s_13ns_31_4_1_DSP48_0_U         |        bd_0_hls_inst_0_FIR_HLS_am_addmul_16s_16s_13ns_31_4_1_DSP48_0_36 |          0 |          0 |       0 |    0 |    0 |      0 |      0 |    0 |          1 |
|           am_addmul_16s_16s_13ns_31_4_1_U36                         |                 bd_0_hls_inst_0_FIR_HLS_am_addmul_16s_16s_13ns_31_4_1_7 |          0 |          0 |       0 |    0 |    0 |      0 |      0 |    0 |          1 |
|             FIR_HLS_am_addmul_16s_16s_13ns_31_4_1_DSP48_0_U         |           bd_0_hls_inst_0_FIR_HLS_am_addmul_16s_16s_13ns_31_4_1_DSP48_0 |          0 |          0 |       0 |    0 |    0 |      0 |      0 |    0 |          1 |
|           am_addmul_16s_16s_8ns_26_4_1_U10                          |                    bd_0_hls_inst_0_FIR_HLS_am_addmul_16s_16s_8ns_26_4_1 |          0 |          0 |       0 |    0 |    0 |      0 |      0 |    0 |          1 |
|             FIR_HLS_am_addmul_16s_16s_8ns_26_4_1_DSP48_0_U          |            bd_0_hls_inst_0_FIR_HLS_am_addmul_16s_16s_8ns_26_4_1_DSP48_0 |          0 |          0 |       0 |    0 |    0 |      0 |      0 |    0 |          1 |
|           am_addmul_16s_16s_9ns_26_4_1_U14                          |                    bd_0_hls_inst_0_FIR_HLS_am_addmul_16s_16s_9ns_26_4_1 |          0 |          0 |       0 |    0 |    0 |      0 |      0 |    0 |          1 |
|             FIR_HLS_am_addmul_16s_16s_9ns_26_4_1_DSP48_0_U          |            bd_0_hls_inst_0_FIR_HLS_am_addmul_16s_16s_9ns_26_4_1_DSP48_0 |          0 |          0 |       0 |    0 |    0 |      0 |      0 |    0 |          1 |
|           am_addmul_16s_16s_9ns_27_4_1_U17                          |                    bd_0_hls_inst_0_FIR_HLS_am_addmul_16s_16s_9ns_27_4_1 |          0 |          0 |       0 |    0 |    0 |      0 |      0 |    0 |          1 |
|             FIR_HLS_am_addmul_16s_16s_9ns_27_4_1_DSP48_0_U          |         bd_0_hls_inst_0_FIR_HLS_am_addmul_16s_16s_9ns_27_4_1_DSP48_0_35 |          0 |          0 |       0 |    0 |    0 |      0 |      0 |    0 |          1 |
|           am_addmul_16s_16s_9ns_27_4_1_U21                          |                  bd_0_hls_inst_0_FIR_HLS_am_addmul_16s_16s_9ns_27_4_1_8 |          0 |          0 |       0 |    0 |    0 |      0 |      0 |    0 |          1 |
|             FIR_HLS_am_addmul_16s_16s_9ns_27_4_1_DSP48_0_U          |            bd_0_hls_inst_0_FIR_HLS_am_addmul_16s_16s_9ns_27_4_1_DSP48_0 |          0 |          0 |       0 |    0 |    0 |      0 |      0 |    0 |          1 |
|           am_addmul_16s_16s_9s_26_4_1_U12                           |                     bd_0_hls_inst_0_FIR_HLS_am_addmul_16s_16s_9s_26_4_1 |          0 |          0 |       0 |    0 |    0 |      0 |      0 |    0 |          1 |
|             FIR_HLS_am_addmul_16s_16s_9s_26_4_1_DSP48_0_U           |             bd_0_hls_inst_0_FIR_HLS_am_addmul_16s_16s_9s_26_4_1_DSP48_0 |          0 |          0 |       0 |    0 |    0 |      0 |      0 |    0 |          1 |
|           am_addmul_17s_17s_7ns_25_4_1_U52                          |                    bd_0_hls_inst_0_FIR_HLS_am_addmul_17s_17s_7ns_25_4_1 |          0 |          0 |       0 |    0 |    0 |      0 |      0 |    0 |          1 |
|             FIR_HLS_am_addmul_17s_17s_7ns_25_4_1_DSP48_0_U          |            bd_0_hls_inst_0_FIR_HLS_am_addmul_17s_17s_7ns_25_4_1_DSP48_0 |          0 |          0 |       0 |    0 |    0 |      0 |      0 |    0 |          1 |
|           am_addmul_17s_17s_8s_26_4_1_U47                           |                     bd_0_hls_inst_0_FIR_HLS_am_addmul_17s_17s_8s_26_4_1 |          0 |          0 |       0 |    0 |    0 |      0 |      0 |    0 |          1 |
|             FIR_HLS_am_addmul_17s_17s_8s_26_4_1_DSP48_0_U           |             bd_0_hls_inst_0_FIR_HLS_am_addmul_17s_17s_8s_26_4_1_DSP48_0 |          0 |          0 |       0 |    0 |    0 |      0 |      0 |    0 |          1 |
|           am_submul_17s_17s_6ns_25_4_1_U49                          |                    bd_0_hls_inst_0_FIR_HLS_am_submul_17s_17s_6ns_25_4_1 |          0 |          0 |       0 |    0 |    0 |      0 |      0 |    0 |          1 |
|             FIR_HLS_am_submul_17s_17s_6ns_25_4_1_DSP48_0_U          |            bd_0_hls_inst_0_FIR_HLS_am_submul_17s_17s_6ns_25_4_1_DSP48_0 |          0 |          0 |       0 |    0 |    0 |      0 |      0 |    0 |          1 |
|           am_submul_17s_17s_8ns_26_4_1_U46                          |                    bd_0_hls_inst_0_FIR_HLS_am_submul_17s_17s_8ns_26_4_1 |          0 |          0 |       0 |    0 |    0 |      0 |      0 |    0 |          1 |
|             FIR_HLS_am_submul_17s_17s_8ns_26_4_1_DSP48_0_U          |            bd_0_hls_inst_0_FIR_HLS_am_submul_17s_17s_8ns_26_4_1_DSP48_0 |          0 |          0 |       0 |    0 |    0 |      0 |      0 |    0 |          1 |
|           am_submul_17s_17s_9ns_27_4_1_U43                          |                    bd_0_hls_inst_0_FIR_HLS_am_submul_17s_17s_9ns_27_4_1 |          0 |          0 |       0 |    0 |    0 |      0 |      0 |    0 |          1 |
|             FIR_HLS_am_submul_17s_17s_9ns_27_4_1_DSP48_0_U          |            bd_0_hls_inst_0_FIR_HLS_am_submul_17s_17s_9ns_27_4_1_DSP48_0 |          0 |          0 |       0 |    0 |    0 |      0 |      0 |    0 |          1 |
|           am_submul_18s_17s_7ns_27_4_1_U42                          |                    bd_0_hls_inst_0_FIR_HLS_am_submul_18s_17s_7ns_27_4_1 |          0 |          0 |       0 |    0 |    0 |      0 |      0 |    0 |          1 |
|             FIR_HLS_am_submul_18s_17s_7ns_27_4_1_DSP48_0_U          |            bd_0_hls_inst_0_FIR_HLS_am_submul_18s_17s_7ns_27_4_1_DSP48_0 |          0 |          0 |       0 |    0 |    0 |      0 |      0 |    0 |          1 |
|           ama_addmuladd_16s_16s_10ns_27s_27_4_1_U64                 |           bd_0_hls_inst_0_FIR_HLS_ama_addmuladd_16s_16s_10ns_27s_27_4_1 |          2 |          2 |       0 |    0 |    0 |      0 |      0 |    0 |          1 |
|             FIR_HLS_ama_addmuladd_16s_16s_10ns_27s_27_4_1_DSP48_0_U |   bd_0_hls_inst_0_FIR_HLS_ama_addmuladd_16s_16s_10ns_27s_27_4_1_DSP48_0 |          2 |          2 |       0 |    0 |    0 |      0 |      0 |    0 |          1 |
|           ama_addmuladd_16s_16s_10ns_28s_28_4_1_U69                 |           bd_0_hls_inst_0_FIR_HLS_ama_addmuladd_16s_16s_10ns_28s_28_4_1 |         26 |         26 |       0 |    0 |    0 |      0 |      0 |    0 |          1 |
|             FIR_HLS_ama_addmuladd_16s_16s_10ns_28s_28_4_1_DSP48_0_U |   bd_0_hls_inst_0_FIR_HLS_ama_addmuladd_16s_16s_10ns_28s_28_4_1_DSP48_0 |         26 |         26 |       0 |    0 |    0 |      0 |      0 |    0 |          1 |
|           ama_addmuladd_16s_16s_10s_24s_26_4_1_U2                   |            bd_0_hls_inst_0_FIR_HLS_ama_addmuladd_16s_16s_10s_24s_26_4_1 |          2 |          2 |       0 |    0 |    0 |      0 |      0 |    0 |          1 |
|             FIR_HLS_ama_addmuladd_16s_16s_10s_24s_26_4_1_DSP48_0_U  |    bd_0_hls_inst_0_FIR_HLS_ama_addmuladd_16s_16s_10s_24s_26_4_1_DSP48_0 |          2 |          2 |       0 |    0 |    0 |      0 |      0 |    0 |          1 |
|           ama_addmuladd_16s_16s_10s_27s_27_4_1_U60                  |            bd_0_hls_inst_0_FIR_HLS_ama_addmuladd_16s_16s_10s_27s_27_4_1 |         79 |         79 |       0 |    0 |    0 |      0 |      0 |    0 |          1 |
|             FIR_HLS_ama_addmuladd_16s_16s_10s_27s_27_4_1_DSP48_0_U  | bd_0_hls_inst_0_FIR_HLS_ama_addmuladd_16s_16s_10s_27s_27_4_1_DSP48_0_34 |         79 |         79 |       0 |    0 |    0 |      0 |      0 |    0 |          1 |
|           ama_addmuladd_16s_16s_10s_27s_27_4_1_U62                  |          bd_0_hls_inst_0_FIR_HLS_ama_addmuladd_16s_16s_10s_27s_27_4_1_9 |          0 |          0 |       0 |    0 |    0 |      0 |      0 |    0 |          1 |
|             FIR_HLS_ama_addmuladd_16s_16s_10s_27s_27_4_1_DSP48_0_U  | bd_0_hls_inst_0_FIR_HLS_ama_addmuladd_16s_16s_10s_27s_27_4_1_DSP48_0_33 |          0 |          0 |       0 |    0 |    0 |      0 |      0 |    0 |          1 |
|           ama_addmuladd_16s_16s_10s_27s_27_4_1_U63                  |         bd_0_hls_inst_0_FIR_HLS_ama_addmuladd_16s_16s_10s_27s_27_4_1_10 |          0 |          0 |       0 |    0 |    0 |      0 |      0 |    0 |          1 |
|             FIR_HLS_ama_addmuladd_16s_16s_10s_27s_27_4_1_DSP48_0_U  |    bd_0_hls_inst_0_FIR_HLS_ama_addmuladd_16s_16s_10s_27s_27_4_1_DSP48_0 |          0 |          0 |       0 |    0 |    0 |      0 |      0 |    0 |          1 |
|           ama_addmuladd_16s_16s_10s_28s_28_4_1_U67                  |            bd_0_hls_inst_0_FIR_HLS_ama_addmuladd_16s_16s_10s_28s_28_4_1 |          4 |          4 |       0 |    0 |    0 |      0 |      0 |    0 |          1 |
|             FIR_HLS_ama_addmuladd_16s_16s_10s_28s_28_4_1_DSP48_0_U  |    bd_0_hls_inst_0_FIR_HLS_ama_addmuladd_16s_16s_10s_28s_28_4_1_DSP48_0 |          4 |          4 |       0 |    0 |    0 |      0 |      0 |    0 |          1 |
|           ama_addmuladd_16s_16s_11ns_28s_29_4_1_U27                 |           bd_0_hls_inst_0_FIR_HLS_ama_addmuladd_16s_16s_11ns_28s_29_4_1 |          2 |          2 |       0 |    0 |    0 |      0 |      0 |    0 |          1 |
|             FIR_HLS_ama_addmuladd_16s_16s_11ns_28s_29_4_1_DSP48_0_U |   bd_0_hls_inst_0_FIR_HLS_ama_addmuladd_16s_16s_11ns_28s_29_4_1_DSP48_0 |          2 |          2 |       0 |    0 |    0 |      0 |      0 |    0 |          1 |
|           ama_addmuladd_16s_16s_11s_20s_27_4_1_U29                  |            bd_0_hls_inst_0_FIR_HLS_ama_addmuladd_16s_16s_11s_20s_27_4_1 |          0 |          0 |       0 |    0 |    0 |      0 |      0 |    0 |          1 |
|             FIR_HLS_ama_addmuladd_16s_16s_11s_20s_27_4_1_DSP48_0_U  |    bd_0_hls_inst_0_FIR_HLS_ama_addmuladd_16s_16s_11s_20s_27_4_1_DSP48_0 |          0 |          0 |       0 |    0 |    0 |      0 |      0 |    0 |          1 |
|           ama_addmuladd_16s_16s_11s_27s_27_4_1_U65                  |            bd_0_hls_inst_0_FIR_HLS_ama_addmuladd_16s_16s_11s_27s_27_4_1 |         49 |         49 |       0 |    0 |    0 |      0 |      0 |    0 |          1 |
|             FIR_HLS_ama_addmuladd_16s_16s_11s_27s_27_4_1_DSP48_0_U  |    bd_0_hls_inst_0_FIR_HLS_ama_addmuladd_16s_16s_11s_27s_27_4_1_DSP48_0 |         49 |         49 |       0 |    0 |    0 |      0 |      0 |    0 |          1 |
|           ama_addmuladd_16s_16s_11s_28s_28_4_1_U66                  |            bd_0_hls_inst_0_FIR_HLS_ama_addmuladd_16s_16s_11s_28s_28_4_1 |          6 |          6 |       0 |    0 |    0 |      0 |      0 |    0 |          1 |
|             FIR_HLS_ama_addmuladd_16s_16s_11s_28s_28_4_1_DSP48_0_U  |    bd_0_hls_inst_0_FIR_HLS_ama_addmuladd_16s_16s_11s_28s_28_4_1_DSP48_0 |          6 |          6 |       0 |    0 |    0 |      0 |      0 |    0 |          1 |
|           ama_addmuladd_16s_16s_11s_29s_29_4_1_U73                  |            bd_0_hls_inst_0_FIR_HLS_ama_addmuladd_16s_16s_11s_29s_29_4_1 |          1 |          1 |       0 |    0 |    0 |      0 |      0 |    0 |          1 |
|             FIR_HLS_ama_addmuladd_16s_16s_11s_29s_29_4_1_DSP48_0_U  |    bd_0_hls_inst_0_FIR_HLS_ama_addmuladd_16s_16s_11s_29s_29_4_1_DSP48_0 |          1 |          1 |       0 |    0 |    0 |      0 |      0 |    0 |          1 |
|           ama_addmuladd_16s_16s_12s_29s_29_4_1_U71                  |            bd_0_hls_inst_0_FIR_HLS_ama_addmuladd_16s_16s_12s_29s_29_4_1 |         83 |         83 |       0 |    0 |    0 |      0 |      0 |    0 |          1 |
|             FIR_HLS_ama_addmuladd_16s_16s_12s_29s_29_4_1_DSP48_0_U  | bd_0_hls_inst_0_FIR_HLS_ama_addmuladd_16s_16s_12s_29s_29_4_1_DSP48_0_32 |         83 |         83 |       0 |    0 |    0 |      0 |      0 |    0 |          1 |
|           ama_addmuladd_16s_16s_12s_29s_29_4_1_U72                  |         bd_0_hls_inst_0_FIR_HLS_ama_addmuladd_16s_16s_12s_29s_29_4_1_11 |          1 |          1 |       0 |    0 |    0 |      0 |      0 |    0 |          1 |
|             FIR_HLS_ama_addmuladd_16s_16s_12s_29s_29_4_1_DSP48_0_U  |    bd_0_hls_inst_0_FIR_HLS_ama_addmuladd_16s_16s_12s_29s_29_4_1_DSP48_0 |          1 |          1 |       0 |    0 |    0 |      0 |      0 |    0 |          1 |
|           ama_addmuladd_16s_16s_13ns_30s_30_4_1_U75                 |           bd_0_hls_inst_0_FIR_HLS_ama_addmuladd_16s_16s_13ns_30s_30_4_1 |         37 |         37 |       0 |    0 |    0 |      0 |      0 |    0 |          1 |
|             FIR_HLS_ama_addmuladd_16s_16s_13ns_30s_30_4_1_DSP48_0_U |   bd_0_hls_inst_0_FIR_HLS_ama_addmuladd_16s_16s_13ns_30s_30_4_1_DSP48_0 |         37 |         37 |       0 |    0 |    0 |      0 |      0 |    0 |          1 |
|           ama_addmuladd_16s_16s_13ns_31s_31_4_1_U76                 |           bd_0_hls_inst_0_FIR_HLS_ama_addmuladd_16s_16s_13ns_31s_31_4_1 |          3 |          3 |       0 |    0 |    0 |      0 |      0 |    0 |          1 |
|             FIR_HLS_ama_addmuladd_16s_16s_13ns_31s_31_4_1_DSP48_0_U |   bd_0_hls_inst_0_FIR_HLS_ama_addmuladd_16s_16s_13ns_31s_31_4_1_DSP48_0 |          3 |          3 |       0 |    0 |    0 |      0 |      0 |    0 |          1 |
|           ama_addmuladd_16s_16s_14ns_31s_31_4_1_U77                 |           bd_0_hls_inst_0_FIR_HLS_ama_addmuladd_16s_16s_14ns_31s_31_4_1 |         86 |         86 |       0 |    0 |    0 |      0 |      0 |    0 |          1 |
|             FIR_HLS_ama_addmuladd_16s_16s_14ns_31s_31_4_1_DSP48_0_U |   bd_0_hls_inst_0_FIR_HLS_ama_addmuladd_16s_16s_14ns_31s_31_4_1_DSP48_0 |         86 |         86 |       0 |    0 |    0 |      0 |      0 |    0 |          1 |
|           ama_addmuladd_16s_16s_6ns_22s_23_4_1_U3                   |            bd_0_hls_inst_0_FIR_HLS_ama_addmuladd_16s_16s_6ns_22s_23_4_1 |         21 |         21 |       0 |    0 |    0 |      0 |      0 |    0 |          1 |
|             FIR_HLS_ama_addmuladd_16s_16s_6ns_22s_23_4_1_DSP48_0_U  |    bd_0_hls_inst_0_FIR_HLS_ama_addmuladd_16s_16s_6ns_22s_23_4_1_DSP48_0 |         21 |         21 |       0 |    0 |    0 |      0 |      0 |    0 |          1 |
|           ama_addmuladd_16s_16s_7ns_25s_25_4_1_U54                  |            bd_0_hls_inst_0_FIR_HLS_ama_addmuladd_16s_16s_7ns_25s_25_4_1 |         78 |         78 |       0 |    0 |    0 |      0 |      0 |    0 |          1 |
|             FIR_HLS_ama_addmuladd_16s_16s_7ns_25s_25_4_1_DSP48_0_U  | bd_0_hls_inst_0_FIR_HLS_ama_addmuladd_16s_16s_7ns_25s_25_4_1_DSP48_0_31 |         78 |         78 |       0 |    0 |    0 |      0 |      0 |    0 |          1 |
|           ama_addmuladd_16s_16s_7ns_25s_25_4_1_U55                  |         bd_0_hls_inst_0_FIR_HLS_ama_addmuladd_16s_16s_7ns_25s_25_4_1_12 |         56 |         56 |       0 |    0 |    0 |      0 |      0 |    0 |          1 |
|             FIR_HLS_ama_addmuladd_16s_16s_7ns_25s_25_4_1_DSP48_0_U  |    bd_0_hls_inst_0_FIR_HLS_ama_addmuladd_16s_16s_7ns_25s_25_4_1_DSP48_0 |         56 |         56 |       0 |    0 |    0 |      0 |      0 |    0 |          1 |
|           ama_addmuladd_16s_16s_7ns_26s_26_4_1_U53                  |            bd_0_hls_inst_0_FIR_HLS_ama_addmuladd_16s_16s_7ns_26s_26_4_1 |          5 |          5 |       0 |    0 |    0 |      0 |      0 |    0 |          1 |
|             FIR_HLS_ama_addmuladd_16s_16s_7ns_26s_26_4_1_DSP48_0_U  |    bd_0_hls_inst_0_FIR_HLS_ama_addmuladd_16s_16s_7ns_26s_26_4_1_DSP48_0 |          5 |          5 |       0 |    0 |    0 |      0 |      0 |    0 |          1 |
|           ama_addmuladd_16s_16s_7ns_27s_27_4_1_U16                  |            bd_0_hls_inst_0_FIR_HLS_ama_addmuladd_16s_16s_7ns_27s_27_4_1 |         22 |         22 |       0 |    0 |    0 |      0 |      0 |    0 |          1 |
|             FIR_HLS_ama_addmuladd_16s_16s_7ns_27s_27_4_1_DSP48_0_U  |    bd_0_hls_inst_0_FIR_HLS_ama_addmuladd_16s_16s_7ns_27s_27_4_1_DSP48_0 |         22 |         22 |       0 |    0 |    0 |      0 |      0 |    0 |          1 |
|           ama_addmuladd_16s_16s_8ns_25s_26_4_1_U13                  |            bd_0_hls_inst_0_FIR_HLS_ama_addmuladd_16s_16s_8ns_25s_26_4_1 |          2 |          2 |       0 |    0 |    0 |      0 |      0 |    0 |          1 |
|             FIR_HLS_ama_addmuladd_16s_16s_8ns_25s_26_4_1_DSP48_0_U  |    bd_0_hls_inst_0_FIR_HLS_ama_addmuladd_16s_16s_8ns_25s_26_4_1_DSP48_0 |          2 |          2 |       0 |    0 |    0 |      0 |      0 |    0 |          1 |
|           ama_addmuladd_16s_16s_8ns_26s_26_4_1_U57                  |            bd_0_hls_inst_0_FIR_HLS_ama_addmuladd_16s_16s_8ns_26s_26_4_1 |          0 |          0 |       0 |    0 |    0 |      0 |      0 |    0 |          1 |
|             FIR_HLS_ama_addmuladd_16s_16s_8ns_26s_26_4_1_DSP48_0_U  | bd_0_hls_inst_0_FIR_HLS_ama_addmuladd_16s_16s_8ns_26s_26_4_1_DSP48_0_30 |          0 |          0 |       0 |    0 |    0 |      0 |      0 |    0 |          1 |
|           ama_addmuladd_16s_16s_8ns_26s_26_4_1_U59                  |         bd_0_hls_inst_0_FIR_HLS_ama_addmuladd_16s_16s_8ns_26s_26_4_1_13 |          0 |          0 |       0 |    0 |    0 |      0 |      0 |    0 |          1 |
|             FIR_HLS_ama_addmuladd_16s_16s_8ns_26s_26_4_1_DSP48_0_U  | bd_0_hls_inst_0_FIR_HLS_ama_addmuladd_16s_16s_8ns_26s_26_4_1_DSP48_0_29 |          0 |          0 |       0 |    0 |    0 |      0 |      0 |    0 |          1 |
|           ama_addmuladd_16s_16s_8ns_26s_26_4_1_U7                   |         bd_0_hls_inst_0_FIR_HLS_ama_addmuladd_16s_16s_8ns_26s_26_4_1_14 |         48 |         48 |       0 |    0 |    0 |      0 |      0 |    0 |          1 |
|             FIR_HLS_ama_addmuladd_16s_16s_8ns_26s_26_4_1_DSP48_0_U  | bd_0_hls_inst_0_FIR_HLS_ama_addmuladd_16s_16s_8ns_26s_26_4_1_DSP48_0_28 |         48 |         48 |       0 |    0 |    0 |      0 |      0 |    0 |          1 |
|           ama_addmuladd_16s_16s_8ns_26s_26_4_1_U9                   |         bd_0_hls_inst_0_FIR_HLS_ama_addmuladd_16s_16s_8ns_26s_26_4_1_15 |          5 |          5 |       0 |    0 |    0 |      0 |      0 |    0 |          1 |
|             FIR_HLS_ama_addmuladd_16s_16s_8ns_26s_26_4_1_DSP48_0_U  |    bd_0_hls_inst_0_FIR_HLS_ama_addmuladd_16s_16s_8ns_26s_26_4_1_DSP48_0 |          5 |          5 |       0 |    0 |    0 |      0 |      0 |    0 |          1 |
|           ama_addmuladd_16s_16s_8ns_26s_27_4_1_U80                  |            bd_0_hls_inst_0_FIR_HLS_ama_addmuladd_16s_16s_8ns_26s_27_4_1 |          4 |          4 |       0 |    0 |    0 |      0 |      0 |    0 |          1 |
|             FIR_HLS_ama_addmuladd_16s_16s_8ns_26s_27_4_1_DSP48_0_U  |    bd_0_hls_inst_0_FIR_HLS_ama_addmuladd_16s_16s_8ns_26s_27_4_1_DSP48_0 |          4 |          4 |       0 |    0 |    0 |      0 |      0 |    0 |          1 |
|           ama_addmuladd_16s_16s_8s_24s_25_4_1_U4                    |             bd_0_hls_inst_0_FIR_HLS_ama_addmuladd_16s_16s_8s_24s_25_4_1 |         68 |         68 |       0 |    0 |    0 |      0 |      0 |    0 |          1 |
|             FIR_HLS_ama_addmuladd_16s_16s_8s_24s_25_4_1_DSP48_0_U   |     bd_0_hls_inst_0_FIR_HLS_ama_addmuladd_16s_16s_8s_24s_25_4_1_DSP48_0 |         68 |         68 |       0 |    0 |    0 |      0 |      0 |    0 |          1 |
|           ama_addmuladd_16s_16s_8s_26s_26_4_1_U5                    |             bd_0_hls_inst_0_FIR_HLS_ama_addmuladd_16s_16s_8s_26s_26_4_1 |         23 |         23 |       0 |    0 |    0 |      0 |      0 |    0 |          1 |
|             FIR_HLS_ama_addmuladd_16s_16s_8s_26s_26_4_1_DSP48_0_U   |  bd_0_hls_inst_0_FIR_HLS_ama_addmuladd_16s_16s_8s_26s_26_4_1_DSP48_0_27 |         23 |         23 |       0 |    0 |    0 |      0 |      0 |    0 |          1 |
|           ama_addmuladd_16s_16s_8s_26s_26_4_1_U56                   |          bd_0_hls_inst_0_FIR_HLS_ama_addmuladd_16s_16s_8s_26s_26_4_1_16 |         82 |         82 |       0 |    0 |    0 |      0 |      0 |    0 |          1 |
|             FIR_HLS_ama_addmuladd_16s_16s_8s_26s_26_4_1_DSP48_0_U   |     bd_0_hls_inst_0_FIR_HLS_ama_addmuladd_16s_16s_8s_26s_26_4_1_DSP48_0 |         82 |         82 |       0 |    0 |    0 |      0 |      0 |    0 |          1 |
|           ama_addmuladd_16s_16s_9ns_25s_26_4_1_U22                  |            bd_0_hls_inst_0_FIR_HLS_ama_addmuladd_16s_16s_9ns_25s_26_4_1 |         72 |         72 |       0 |    0 |    0 |      0 |      0 |    0 |          1 |
|             FIR_HLS_ama_addmuladd_16s_16s_9ns_25s_26_4_1_DSP48_0_U  |    bd_0_hls_inst_0_FIR_HLS_ama_addmuladd_16s_16s_9ns_25s_26_4_1_DSP48_0 |         72 |         72 |       0 |    0 |    0 |      0 |      0 |    0 |          1 |
|           ama_addmuladd_16s_16s_9ns_26s_26_4_1_U68                  |            bd_0_hls_inst_0_FIR_HLS_ama_addmuladd_16s_16s_9ns_26s_26_4_1 |          2 |          2 |       0 |    0 |    0 |      0 |      0 |    0 |          1 |
|             FIR_HLS_ama_addmuladd_16s_16s_9ns_26s_26_4_1_DSP48_0_U  |    bd_0_hls_inst_0_FIR_HLS_ama_addmuladd_16s_16s_9ns_26s_26_4_1_DSP48_0 |          2 |          2 |       0 |    0 |    0 |      0 |      0 |    0 |          1 |
|           ama_addmuladd_16s_16s_9ns_26s_27_4_1_U18                  |            bd_0_hls_inst_0_FIR_HLS_ama_addmuladd_16s_16s_9ns_26s_27_4_1 |          4 |          4 |       0 |    0 |    0 |      0 |      0 |    0 |          1 |
|             FIR_HLS_ama_addmuladd_16s_16s_9ns_26s_27_4_1_DSP48_0_U  |    bd_0_hls_inst_0_FIR_HLS_ama_addmuladd_16s_16s_9ns_26s_27_4_1_DSP48_0 |          4 |          4 |       0 |    0 |    0 |      0 |      0 |    0 |          1 |
|           ama_addmuladd_16s_16s_9ns_27s_27_4_1_U61                  |            bd_0_hls_inst_0_FIR_HLS_ama_addmuladd_16s_16s_9ns_27s_27_4_1 |          5 |          5 |       0 |    0 |    0 |      0 |      0 |    0 |          1 |
|             FIR_HLS_ama_addmuladd_16s_16s_9ns_27s_27_4_1_DSP48_0_U  |    bd_0_hls_inst_0_FIR_HLS_ama_addmuladd_16s_16s_9ns_27s_27_4_1_DSP48_0 |          5 |          5 |       0 |    0 |    0 |      0 |      0 |    0 |          1 |
|           ama_addmuladd_16s_16s_9ns_28s_28_4_1_U70                  |            bd_0_hls_inst_0_FIR_HLS_ama_addmuladd_16s_16s_9ns_28s_28_4_1 |         28 |         28 |       0 |    0 |    0 |      0 |      0 |    0 |          1 |
|             FIR_HLS_ama_addmuladd_16s_16s_9ns_28s_28_4_1_DSP48_0_U  | bd_0_hls_inst_0_FIR_HLS_ama_addmuladd_16s_16s_9ns_28s_28_4_1_DSP48_0_26 |         28 |         28 |       0 |    0 |    0 |      0 |      0 |    0 |          1 |
|           ama_addmuladd_16s_16s_9ns_28s_28_4_1_U74                  |         bd_0_hls_inst_0_FIR_HLS_ama_addmuladd_16s_16s_9ns_28s_28_4_1_17 |          1 |          1 |       0 |    0 |    0 |      0 |      0 |    0 |          1 |
|             FIR_HLS_ama_addmuladd_16s_16s_9ns_28s_28_4_1_DSP48_0_U  |    bd_0_hls_inst_0_FIR_HLS_ama_addmuladd_16s_16s_9ns_28s_28_4_1_DSP48_0 |          1 |          1 |       0 |    0 |    0 |      0 |      0 |    0 |          1 |
|           ama_addmuladd_16s_16s_9s_26s_26_4_1_U11                   |             bd_0_hls_inst_0_FIR_HLS_ama_addmuladd_16s_16s_9s_26s_26_4_1 |         17 |         17 |       0 |    0 |    0 |      0 |      0 |    0 |          1 |
|             FIR_HLS_ama_addmuladd_16s_16s_9s_26s_26_4_1_DSP48_0_U   |  bd_0_hls_inst_0_FIR_HLS_ama_addmuladd_16s_16s_9s_26s_26_4_1_DSP48_0_25 |         17 |         17 |       0 |    0 |    0 |      0 |      0 |    0 |          1 |
|           ama_addmuladd_16s_16s_9s_26s_26_4_1_U15                   |          bd_0_hls_inst_0_FIR_HLS_ama_addmuladd_16s_16s_9s_26s_26_4_1_18 |         23 |         23 |       0 |    0 |    0 |      0 |      0 |    0 |          1 |
|             FIR_HLS_ama_addmuladd_16s_16s_9s_26s_26_4_1_DSP48_0_U   |  bd_0_hls_inst_0_FIR_HLS_ama_addmuladd_16s_16s_9s_26s_26_4_1_DSP48_0_24 |         23 |         23 |       0 |    0 |    0 |      0 |      0 |    0 |          1 |
|           ama_addmuladd_16s_16s_9s_26s_26_4_1_U58                   |          bd_0_hls_inst_0_FIR_HLS_ama_addmuladd_16s_16s_9s_26s_26_4_1_19 |         27 |         27 |       0 |    0 |    0 |      0 |      0 |    0 |          1 |
|             FIR_HLS_ama_addmuladd_16s_16s_9s_26s_26_4_1_DSP48_0_U   |  bd_0_hls_inst_0_FIR_HLS_ama_addmuladd_16s_16s_9s_26s_26_4_1_DSP48_0_23 |         27 |         27 |       0 |    0 |    0 |      0 |      0 |    0 |          1 |
|           ama_addmuladd_16s_16s_9s_26s_26_4_1_U6                    |          bd_0_hls_inst_0_FIR_HLS_ama_addmuladd_16s_16s_9s_26s_26_4_1_20 |         21 |         21 |       0 |    0 |    0 |      0 |      0 |    0 |          1 |
|             FIR_HLS_ama_addmuladd_16s_16s_9s_26s_26_4_1_DSP48_0_U   |     bd_0_hls_inst_0_FIR_HLS_ama_addmuladd_16s_16s_9s_26s_26_4_1_DSP48_0 |         21 |         21 |       0 |    0 |    0 |      0 |      0 |    0 |          1 |
|           ama_addmuladd_16s_16s_9s_27s_27_4_1_U8                    |             bd_0_hls_inst_0_FIR_HLS_ama_addmuladd_16s_16s_9s_27s_27_4_1 |        102 |        102 |       0 |    0 |    0 |      0 |      0 |    0 |          2 |
|             FIR_HLS_ama_addmuladd_16s_16s_9s_27s_27_4_1_DSP48_0_U   |     bd_0_hls_inst_0_FIR_HLS_ama_addmuladd_16s_16s_9s_27s_27_4_1_DSP48_0 |        102 |        102 |       0 |    0 |    0 |      0 |      0 |    0 |          2 |
|           ama_addmuladd_17s_17s_7s_24s_25_4_1_U48                   |             bd_0_hls_inst_0_FIR_HLS_ama_addmuladd_17s_17s_7s_24s_25_4_1 |          2 |          2 |       0 |    0 |    0 |      0 |      0 |    0 |          1 |
|             FIR_HLS_ama_addmuladd_17s_17s_7s_24s_25_4_1_DSP48_0_U   |     bd_0_hls_inst_0_FIR_HLS_ama_addmuladd_17s_17s_7s_24s_25_4_1_DSP48_0 |          2 |          2 |       0 |    0 |    0 |      0 |      0 |    0 |          1 |
|           ama_addmuladd_17s_17s_9s_25s_26_4_1_U45                   |             bd_0_hls_inst_0_FIR_HLS_ama_addmuladd_17s_17s_9s_25s_26_4_1 |          0 |          0 |       0 |    0 |    0 |      0 |      0 |    0 |          1 |
|             FIR_HLS_ama_addmuladd_17s_17s_9s_25s_26_4_1_DSP48_0_U   |     bd_0_hls_inst_0_FIR_HLS_ama_addmuladd_17s_17s_9s_25s_26_4_1_DSP48_0 |          0 |          0 |       0 |    0 |    0 |      0 |      0 |    0 |          1 |
|           ama_addmuladd_17s_17s_9s_27s_28_4_1_U44                   |             bd_0_hls_inst_0_FIR_HLS_ama_addmuladd_17s_17s_9s_27s_28_4_1 |         21 |         21 |       0 |    0 |    0 |      0 |      0 |    0 |          1 |
|             FIR_HLS_ama_addmuladd_17s_17s_9s_27s_28_4_1_DSP48_0_U   |  bd_0_hls_inst_0_FIR_HLS_ama_addmuladd_17s_17s_9s_27s_28_4_1_DSP48_0_22 |         21 |         21 |       0 |    0 |    0 |      0 |      0 |    0 |          1 |
|           ama_addmuladd_17s_17s_9s_27s_28_4_1_U81                   |          bd_0_hls_inst_0_FIR_HLS_ama_addmuladd_17s_17s_9s_27s_28_4_1_21 |          6 |          6 |       0 |    0 |    0 |      0 |      0 |    0 |          1 |
|             FIR_HLS_ama_addmuladd_17s_17s_9s_27s_28_4_1_DSP48_0_U   |     bd_0_hls_inst_0_FIR_HLS_ama_addmuladd_17s_17s_9s_27s_28_4_1_DSP48_0 |          6 |          6 |       0 |    0 |    0 |      0 |      0 |    0 |          1 |
|           ama_addmuladd_18s_17s_7ns_27s_27_4_1_U78                  |            bd_0_hls_inst_0_FIR_HLS_ama_addmuladd_18s_17s_7ns_27s_27_4_1 |          2 |          2 |       0 |    0 |    0 |      0 |      0 |    0 |          1 |
|             FIR_HLS_ama_addmuladd_18s_17s_7ns_27s_27_4_1_DSP48_0_U  |    bd_0_hls_inst_0_FIR_HLS_ama_addmuladd_18s_17s_7ns_27s_27_4_1_DSP48_0 |          2 |          2 |       0 |    0 |    0 |      0 |      0 |    0 |          1 |
|           ama_addmuladd_18s_18s_6ns_26s_26_4_1_U37                  |            bd_0_hls_inst_0_FIR_HLS_ama_addmuladd_18s_18s_6ns_26s_26_4_1 |         51 |         51 |       0 |    0 |    0 |      0 |      0 |    0 |          1 |
|             FIR_HLS_ama_addmuladd_18s_18s_6ns_26s_26_4_1_DSP48_0_U  |    bd_0_hls_inst_0_FIR_HLS_ama_addmuladd_18s_18s_6ns_26s_26_4_1_DSP48_0 |         51 |         51 |       0 |    0 |    0 |      0 |      0 |    0 |          1 |
|           ama_submuladd_17s_17s_5ns_22s_23_4_1_U51                  |            bd_0_hls_inst_0_FIR_HLS_ama_submuladd_17s_17s_5ns_22s_23_4_1 |         52 |         52 |       0 |    0 |    0 |      0 |      0 |    0 |          1 |
|             FIR_HLS_ama_submuladd_17s_17s_5ns_22s_23_4_1_DSP48_0_U  |    bd_0_hls_inst_0_FIR_HLS_ama_submuladd_17s_17s_5ns_22s_23_4_1_DSP48_0 |         52 |         52 |       0 |    0 |    0 |      0 |      0 |    0 |          1 |
|           ama_submuladd_17s_17s_5ns_24s_24_4_1_U50                  |            bd_0_hls_inst_0_FIR_HLS_ama_submuladd_17s_17s_5ns_24s_24_4_1 |         22 |         22 |       0 |    0 |    0 |      0 |      0 |    0 |          1 |
|             FIR_HLS_ama_submuladd_17s_17s_5ns_24s_24_4_1_DSP48_0_U  |    bd_0_hls_inst_0_FIR_HLS_ama_submuladd_17s_17s_5ns_24s_24_4_1_DSP48_0 |         22 |         22 |       0 |    0 |    0 |      0 |      0 |    0 |          1 |
|           ama_submuladd_17s_17s_6ns_26s_27_4_1_U79                  |            bd_0_hls_inst_0_FIR_HLS_ama_submuladd_17s_17s_6ns_26s_27_4_1 |          4 |          4 |       0 |    0 |    0 |      0 |      0 |    0 |          1 |
|             FIR_HLS_ama_submuladd_17s_17s_6ns_26s_27_4_1_DSP48_0_U  |    bd_0_hls_inst_0_FIR_HLS_ama_submuladd_17s_17s_6ns_26s_27_4_1_DSP48_0 |          4 |          4 |       0 |    0 |    0 |      0 |      0 |    0 |          1 |
|           ama_submuladd_17s_18s_6ns_23s_25_4_1_U40                  |            bd_0_hls_inst_0_FIR_HLS_ama_submuladd_17s_18s_6ns_23s_25_4_1 |         27 |         27 |       0 |    0 |    0 |      0 |      0 |    0 |          1 |
|             FIR_HLS_ama_submuladd_17s_18s_6ns_23s_25_4_1_DSP48_0_U  |    bd_0_hls_inst_0_FIR_HLS_ama_submuladd_17s_18s_6ns_23s_25_4_1_DSP48_0 |         27 |         27 |       0 |    0 |    0 |      0 |      0 |    0 |          1 |
|           ama_submuladd_17s_18s_7ns_26s_27_4_1_U38                  |            bd_0_hls_inst_0_FIR_HLS_ama_submuladd_17s_18s_7ns_26s_27_4_1 |          2 |          2 |       0 |    0 |    0 |      0 |      0 |    0 |          1 |
|             FIR_HLS_ama_submuladd_17s_18s_7ns_26s_27_4_1_DSP48_0_U  |    bd_0_hls_inst_0_FIR_HLS_ama_submuladd_17s_18s_7ns_26s_27_4_1_DSP48_0 |          2 |          2 |       0 |    0 |    0 |      0 |      0 |    0 |          1 |
|           ama_submuladd_18s_17s_6ns_22s_25_4_1_U41                  |            bd_0_hls_inst_0_FIR_HLS_ama_submuladd_18s_17s_6ns_22s_25_4_1 |         25 |         25 |       0 |    0 |    0 |      0 |      0 |    0 |          1 |
|             FIR_HLS_ama_submuladd_18s_17s_6ns_22s_25_4_1_DSP48_0_U  |    bd_0_hls_inst_0_FIR_HLS_ama_submuladd_18s_17s_6ns_22s_25_4_1_DSP48_0 |         25 |         25 |       0 |    0 |    0 |      0 |      0 |    0 |          1 |
|           ama_submuladd_18s_17s_7ns_25s_26_4_1_U39                  |            bd_0_hls_inst_0_FIR_HLS_ama_submuladd_18s_17s_7ns_25s_26_4_1 |         22 |         22 |       0 |    0 |    0 |      0 |      0 |    0 |          1 |
|             FIR_HLS_ama_submuladd_18s_17s_7ns_25s_26_4_1_DSP48_0_U  |    bd_0_hls_inst_0_FIR_HLS_ama_submuladd_18s_17s_7ns_25s_26_4_1_DSP48_0 |         22 |         22 |       0 |    0 |    0 |      0 |      0 |    0 |          1 |
|         regslice_both_input_r_U                                     |                                   bd_0_hls_inst_0_FIR_HLS_regslice_both |         24 |         24 |       0 |    0 |   37 |      0 |      0 |    0 |          0 |
|         regslice_both_output_r_U                                    |                                 bd_0_hls_inst_0_FIR_HLS_regslice_both_0 |         25 |         25 |       0 |    0 |   37 |      0 |      0 |    0 |          0 |
+---------------------------------------------------------------------+-------------------------------------------------------------------------+------------+------------+---------+------+------+--------+--------+------+------------+
* Note: The sum of lower-level cells may be larger than their parent cells total, due to cross-hierarchy LUT combining


